Archive member included to satisfy reference by file (symbol)

d:/atmel studio 7/7.0/toolchain/arm/arm-gnu-toolchain/bin/../lib/gcc/arm-none-eabi/5.3.1/armv7-m\libgcc.a(_arm_addsubdf3.o)
                              src/Filter/fiveToSevenkHz.o (__aeabi_i2d)
d:/atmel studio 7/7.0/toolchain/arm/arm-gnu-toolchain/bin/../lib/gcc/arm-none-eabi/5.3.1/armv7-m\libgcc.a(_arm_muldivdf3.o)
                              src/Filter/fiveToSevenkHz.o (__aeabi_dmul)
d:/atmel studio 7/7.0/toolchain/arm/arm-gnu-toolchain/bin/../lib/gcc/arm-none-eabi/5.3.1/armv7-m\libgcc.a(_arm_truncdfsf2.o)
                              src/Filter/fiveToSevenkHz.o (__aeabi_d2f)
d:/atmel studio 7/7.0/toolchain/arm/arm-gnu-toolchain/bin/../lib/gcc/arm-none-eabi/5.3.1/armv7-m\libgcc.a(_arm_addsubsf3.o)
                              src/Filter/fiveToSevenkHz.o (__aeabi_i2f)
d:/atmel studio 7/7.0/toolchain/arm/arm-gnu-toolchain/bin/../lib/gcc/arm-none-eabi/5.3.1/armv7-m\libgcc.a(_arm_fixsfsi.o)
                              src/Filter/fiveToSevenkHz.o (__aeabi_f2iz)
d:/atmel studio 7/7.0/toolchain/arm/arm-gnu-toolchain/bin/../lib/gcc/arm-none-eabi/5.3.1/../../../../arm-none-eabi/lib/armv7-m\libc.a(lib_a-exit.o)
                              d:/atmel studio 7/7.0/toolchain/arm/arm-gnu-toolchain/bin/../lib/gcc/arm-none-eabi/5.3.1/../../../../arm-none-eabi/lib/armv7-m/crt0.o (exit)
d:/atmel studio 7/7.0/toolchain/arm/arm-gnu-toolchain/bin/../lib/gcc/arm-none-eabi/5.3.1/../../../../arm-none-eabi/lib/armv7-m\libc.a(lib_a-impure.o)
                              d:/atmel studio 7/7.0/toolchain/arm/arm-gnu-toolchain/bin/../lib/gcc/arm-none-eabi/5.3.1/../../../../arm-none-eabi/lib/armv7-m\libc.a(lib_a-exit.o) (_global_impure_ptr)
d:/atmel studio 7/7.0/toolchain/arm/arm-gnu-toolchain/bin/../lib/gcc/arm-none-eabi/5.3.1/../../../../arm-none-eabi/lib/armv7-m\libc.a(lib_a-init.o)
                              d:/atmel studio 7/7.0/toolchain/arm/arm-gnu-toolchain/bin/../lib/gcc/arm-none-eabi/5.3.1/../../../../arm-none-eabi/lib/armv7-m/crt0.o (__libc_init_array)
d:/atmel studio 7/7.0/toolchain/arm/arm-gnu-toolchain/bin/../lib/gcc/arm-none-eabi/5.3.1/../../../../arm-none-eabi/lib/armv7-m\libc.a(lib_a-iprintf.o)
                              src/ASF/sam/drivers/adc/adc.o (iprintf)
d:/atmel studio 7/7.0/toolchain/arm/arm-gnu-toolchain/bin/../lib/gcc/arm-none-eabi/5.3.1/../../../../arm-none-eabi/lib/armv7-m\libc.a(lib_a-memset.o)
                              d:/atmel studio 7/7.0/toolchain/arm/arm-gnu-toolchain/bin/../lib/gcc/arm-none-eabi/5.3.1/../../../../arm-none-eabi/lib/armv7-m/crt0.o (memset)
d:/atmel studio 7/7.0/toolchain/arm/arm-gnu-toolchain/bin/../lib/gcc/arm-none-eabi/5.3.1/../../../../arm-none-eabi/lib/armv7-m\libc.a(lib_a-puts.o)
                              src/ASF/sam/drivers/adc/adc.o (puts)
d:/atmel studio 7/7.0/toolchain/arm/arm-gnu-toolchain/bin/../lib/gcc/arm-none-eabi/5.3.1/../../../../arm-none-eabi/lib/armv7-m\libc.a(lib_a-strlen-stub.o)
                              d:/atmel studio 7/7.0/toolchain/arm/arm-gnu-toolchain/bin/../lib/gcc/arm-none-eabi/5.3.1/../../../../arm-none-eabi/lib/armv7-m\libc.a(lib_a-puts.o) (strlen)
d:/atmel studio 7/7.0/toolchain/arm/arm-gnu-toolchain/bin/../lib/gcc/arm-none-eabi/5.3.1/../../../../arm-none-eabi/lib/armv7-m\libc.a(lib_a-vfiprintf.o)
                              d:/atmel studio 7/7.0/toolchain/arm/arm-gnu-toolchain/bin/../lib/gcc/arm-none-eabi/5.3.1/../../../../arm-none-eabi/lib/armv7-m\libc.a(lib_a-iprintf.o) (_vfiprintf_r)
d:/atmel studio 7/7.0/toolchain/arm/arm-gnu-toolchain/bin/../lib/gcc/arm-none-eabi/5.3.1/../../../../arm-none-eabi/lib/armv7-m\libc.a(lib_a-wsetup.o)
                              d:/atmel studio 7/7.0/toolchain/arm/arm-gnu-toolchain/bin/../lib/gcc/arm-none-eabi/5.3.1/../../../../arm-none-eabi/lib/armv7-m\libc.a(lib_a-vfiprintf.o) (__swsetup_r)
d:/atmel studio 7/7.0/toolchain/arm/arm-gnu-toolchain/bin/../lib/gcc/arm-none-eabi/5.3.1/../../../../arm-none-eabi/lib/armv7-m\libc.a(lib_a-__call_atexit.o)
                              d:/atmel studio 7/7.0/toolchain/arm/arm-gnu-toolchain/bin/../lib/gcc/arm-none-eabi/5.3.1/../../../../arm-none-eabi/lib/armv7-m\libc.a(lib_a-exit.o) (__call_exitprocs)
d:/atmel studio 7/7.0/toolchain/arm/arm-gnu-toolchain/bin/../lib/gcc/arm-none-eabi/5.3.1/../../../../arm-none-eabi/lib/armv7-m\libc.a(lib_a-atexit.o)
                              d:/atmel studio 7/7.0/toolchain/arm/arm-gnu-toolchain/bin/../lib/gcc/arm-none-eabi/5.3.1/../../../../arm-none-eabi/lib/armv7-m\libc.a(lib_a-__call_atexit.o) (atexit)
d:/atmel studio 7/7.0/toolchain/arm/arm-gnu-toolchain/bin/../lib/gcc/arm-none-eabi/5.3.1/../../../../arm-none-eabi/lib/armv7-m\libc.a(lib_a-fflush.o)
                              d:/atmel studio 7/7.0/toolchain/arm/arm-gnu-toolchain/bin/../lib/gcc/arm-none-eabi/5.3.1/../../../../arm-none-eabi/lib/armv7-m\libc.a(lib_a-vfiprintf.o) (_fflush_r)
[...]
Memory Configuration

Name             Origin             Length             Attributes
rom              0x00080000         0x00080000         xr
sram0            0x20000000         0x00010000         xrw
sram1            0x20080000         0x00008000         xrw
ram              0x20070000         0x00018000         xrw
*default*        0x00000000         0xffffffff

Linker script and memory map

LOAD d:/atmel studio 7/7.0/toolchain/arm/arm-gnu-toolchain/bin/../lib/gcc/arm-none-eabi/5.3.1/armv7-m/crti.o
LOAD d:/atmel studio 7/7.0/toolchain/arm/arm-gnu-toolchain/bin/../lib/gcc/arm-none-eabi/5.3.1/armv7-m/crtbegin.o
LOAD d:/atmel studio 7/7.0/toolchain/arm/arm-gnu-toolchain/bin/../lib/gcc/arm-none-eabi/5.3.1/../../../../arm-none-eabi/lib/armv7-m/crt0.o
LOAD src/ASF/sam/drivers/adc/adc.o
LOAD src/Filter/Filter.o
LOAD src/Filter/fiveToSevenkHz.o
LOAD src/Filter/oneHzToTwoFivekHz.o
LOAD src/Filter/sevenToNinekHz.o
LOAD src/Filter/twofiveToFivekHz.o
LOAD src/InitADC_DAC/adcdac.o
LOAD src/Initinterrupt/init_tc.o
LOAD src/ASF/sam/drivers/adc/adc_sam3u.o
LOAD src/ASF/sam/drivers/dacc/dacc.o
LOAD src/ASF/sam/drivers/tc/tc.o
LOAD src/main.o
LOAD src/ASF/common/services/clock/sam3x/sysclk.o
LOAD src/ASF/common/utils/interrupt/interrupt_sam_nvic.o
LOAD src/ASF/sam/boards/arduino_due_x/init.o
LOAD src/ASF/sam/drivers/pio/pio.o
LOAD src/ASF/sam/drivers/pio/pio_handler.o
LOAD src/ASF/sam/drivers/pmc/pmc.o
LOAD src/ASF/sam/drivers/pmc/sleep.o
LOAD src/ASF/sam/utils/cmsis/sam3x/source/templates/exceptions.o
LOAD src/ASF/sam/utils/cmsis/sam3x/source/templates/gcc/startup_sam3x.o
LOAD src/ASF/sam/utils/cmsis/sam3x/source/templates/system_sam3x.o
LOAD src/ASF/sam/utils/syscalls/gcc/syscalls.o
START GROUP
LOAD ../src/ASF/thirdparty/CMSIS/Lib/GCC\libarm_cortexM3l_math.a
LOAD d:/atmel studio 7/7.0/toolchain/arm/arm-gnu-toolchain/bin/../lib/gcc/arm-none-eabi/5.3.1/../../../../arm-none-eabi/lib/armv7-m\libm.a
END GROUP
START GROUP
LOAD d:/atmel studio 7/7.0/toolchain/arm/arm-gnu-toolchain/bin/../lib/gcc/arm-none-eabi/5.3.1/armv7-m\libgcc.a
LOAD d:/atmel studio 7/7.0/toolchain/arm/arm-gnu-toolchain/bin/../lib/gcc/arm-none-eabi/5.3.1/../../../../arm-none-eabi/lib/armv7-m\libc.a
END GROUP
LOAD d:/atmel studio 7/7.0/toolchain/arm/arm-gnu-toolchain/bin/../lib/gcc/arm-none-eabi/5.3.1/armv7-m/crtend.o
LOAD d:/atmel studio 7/7.0/toolchain/arm/arm-gnu-toolchain/bin/../lib/gcc/arm-none-eabi/5.3.1/armv7-m/crtn.o
                0x00002000                __stack_size__ = DEFINED (__stack_size__)?__stack_size__:0x2000

.text           0x00080000     0x1de4
                0x00080000                . = ALIGN (0x4)
                0x00080000                _sfixed = .
 *(.vectors .vectors.*)
 .vectors       0x00080000       0xf4 src/ASF/sam/utils/cmsis/sam3x/source/templates/gcc/startup_sam3x.o
                0x00080000                exception_table
 *(.text .text.* .gnu.linkonce.t.*)
 .text          0x000800f4       0x5c d:/atmel studio 7/7.0/toolchain/arm/arm-gnu-toolchain/bin/../lib/gcc/arm-none-eabi/5.3.1/armv7-m/crtbegin.o
 .text.adc_init
                0x00080150       0x34 src/ASF/sam/drivers/adc/adc.o
                0x00080150                adc_init
 .text.adc_set_resolution
                0x00080184       0x10 src/ASF/sam/drivers/adc/adc.o
                0x00080184                adc_set_resolution
 .text.adc_configure_trigger
                0x00080194       0x10 src/ASF/sam/drivers/adc/adc.o
                0x00080194                adc_configure_trigger
 .text.adc_configure_timing
                0x000801a4       0x1c src/ASF/sam/drivers/adc/adc.o
                0x000801a4                adc_configure_timing
 .text.adc_start
                0x000801c0        0x8 src/ASF/sam/drivers/adc/adc.o
                0x000801c0                adc_start
 .text.adc_enable_channel
                0x000801c8        0xc src/ASF/sam/drivers/adc/adc.o
                0x000801c8                adc_enable_channel
 .text.adc_get_channel_value
                0x000801d4       0x10 src/ASF/sam/drivers/adc/adc.o
                0x000801d4                adc_get_channel_value
 .text.adc_get_status
                0x000801e4        0x4 src/ASF/sam/drivers/adc/adc.o
                0x000801e4                adc_get_status
 .text.modifyOutPut
                0x000801e8       0x4c src/Filter/Filter.o
                0x000801e8                modifyOutPut
 .text.TC0_Handler
                0x00080234       0xe8 src/Filter/Filter.o
                0x00080234                TC0_Handler
 *fill*         0x0008031c        0x4 
 .text.fiveToSevenkHz
                0x00080320      0x15c src/Filter/fiveToSevenkHz.o
                0x00080320                fiveToSevenkHz
 *fill*         0x0008047c        0x4 
 .text.oneHzToTwoFivekHz
                0x00080480      0x154 src/Filter/oneHzToTwoFivekHz.o
                0x00080480                oneHzToTwoFivekHz
 *fill*         0x000805d4        0x4 
 .text.sevenToNinekHz
                0x000805d8      0x15c src/Filter/sevenToNinekHz.o
                0x000805d8                sevenToNinekHz
 *fill*         0x00080734        0x4 
 .text.twofiveToFivekHz
                0x00080738      0x150 src/Filter/twofiveToFivekHz.o
                0x00080738                twofiveToFivekHz
 .text.adc_setup
                0x00080888       0x7c src/InitADC_DAC/adcdac.o
                0x00080888                adc_setup
 .text.dac_setup
                0x00080904       0x54 src/InitADC_DAC/adcdac.o
                0x00080904                dac_setup
 .text.configure_tc
                0x00080958       0x5c src/Initinterrupt/init_tc.o
                0x00080958                configure_tc
 .text.dacc_reset
                0x000809b4        0x8 src/ASF/sam/drivers/dacc/dacc.o
                0x000809b4                dacc_reset
 .text.dacc_set_transfer_mode
                0x000809bc       0x18 src/ASF/sam/drivers/dacc/dacc.o
                0x000809bc                dacc_set_transfer_mode
 .text.dacc_write_conversion_data
                0x000809d4        0x4 src/ASF/sam/drivers/dacc/dacc.o
                0x000809d4                dacc_write_conversion_data
 .text.dacc_set_channel_selection
                0x000809d8       0x18 src/ASF/sam/drivers/dacc/dacc.o
                0x000809d8                dacc_set_channel_selection
 .text.dacc_set_timing
                0x000809f0       0x30 src/ASF/sam/drivers/dacc/dacc.o
                0x000809f0                dacc_set_timing
 .text.dacc_enable_channel
                0x00080a20       0x14 src/ASF/sam/drivers/dacc/dacc.o
                0x00080a20                dacc_enable_channel
 .text.tc_init  0x00080a34       0x18 src/ASF/sam/drivers/tc/tc.o
                0x00080a34                tc_init
 .text.tc_start
                0x00080a4c        0x8 src/ASF/sam/drivers/tc/tc.o
                0x00080a4c                tc_start
 .text.tc_write_rc
                0x00080a54        0x8 src/ASF/sam/drivers/tc/tc.o
                0x00080a54                tc_write_rc
 .text.tc_enable_interrupt
                0x00080a5c        0x8 src/ASF/sam/drivers/tc/tc.o
                0x00080a5c                tc_enable_interrupt
 .text.tc_get_status
                0x00080a64        0x8 src/ASF/sam/drivers/tc/tc.o
                0x00080a64                tc_get_status
 .text.main     0x00080a6c       0x54 src/main.o
                0x00080a6c                main
 .text.sysclk_init
                0x00080ac0       0x60 src/ASF/common/services/clock/sam3x/sysclk.o
                0x00080ac0                sysclk_init
 .text.board_init
                0x00080b20       0x80 src/ASF/sam/boards/arduino_due_x/init.o
                0x00080b20                board_init
 .text.pio_set_peripheral
                0x00080ba0       0x40 src/ASF/sam/drivers/pio/pio.o
                0x00080ba0                pio_set_peripheral
 .text.pio_set_input
                0x00080be0       0x34 src/ASF/sam/drivers/pio/pio.o
                0x00080be0                pio_set_input
 .text.pio_set_output
                0x00080c14       0x28 src/ASF/sam/drivers/pio/pio.o
                0x00080c14                pio_set_output
 .text.pio_get_interrupt_status
                0x00080c3c        0x4 src/ASF/sam/drivers/pio/pio.o
                0x00080c3c                pio_get_interrupt_status
 .text.pio_get_interrupt_mask
                0x00080c40        0x4 src/ASF/sam/drivers/pio/pio.o
                0x00080c40                pio_get_interrupt_mask
 .text.pio_configure_pin
                0x00080c44       0xd4 src/ASF/sam/drivers/pio/pio.o
                0x00080c44                pio_configure_pin
 .text.pio_configure_pin_group
                0x00080d18       0xa0 src/ASF/sam/drivers/pio/pio.o
                0x00080d18                pio_configure_pin_group
 .text.pio_handler_process
                0x00080db8       0x44 src/ASF/sam/drivers/pio/pio_handler.o
                0x00080db8                pio_handler_process
 .text.PIOA_Handler
                0x00080dfc       0x14 src/ASF/sam/drivers/pio/pio_handler.o
                0x00080dfc                PIOA_Handler
 .text.PIOB_Handler
                0x00080e10       0x14 src/ASF/sam/drivers/pio/pio_handler.o
                0x00080e10                PIOB_Handler
 .text.PIOC_Handler
                0x00080e24       0x14 src/ASF/sam/drivers/pio/pio_handler.o
                0x00080e24                PIOC_Handler
 .text.PIOD_Handler
                0x00080e38       0x14 src/ASF/sam/drivers/pio/pio_handler.o
                0x00080e38                PIOD_Handler
 .text.pmc_switch_mck_to_pllack
                0x00080e4c       0x68 src/ASF/sam/drivers/pmc/pmc.o
                0x00080e4c                pmc_switch_mck_to_pllack
 .text.pmc_switch_mainck_to_xtal
                0x00080eb4       0x54 src/ASF/sam/drivers/pmc/pmc.o
                0x00080eb4                pmc_switch_mainck_to_xtal
 .text.pmc_osc_is_ready_mainck
                0x00080f08       0x10 src/ASF/sam/drivers/pmc/pmc.o
                0x00080f08                pmc_osc_is_ready_mainck
 .text.pmc_disable_pllack
                0x00080f18       0x10 src/ASF/sam/drivers/pmc/pmc.o
                0x00080f18                pmc_disable_pllack
 .text.pmc_is_locked_pllack
                0x00080f28       0x10 src/ASF/sam/drivers/pmc/pmc.o
                0x00080f28                pmc_is_locked_pllack
 .text.pmc_enable_periph_clk
                0x00080f38       0x54 src/ASF/sam/drivers/pmc/pmc.o
                0x00080f38                pmc_enable_periph_clk
 .text.Dummy_Handler
                0x00080f8c        0x4 src/ASF/sam/utils/cmsis/sam3x/source/templates/exceptions.o
                0x00080f8c                DACC_Handler
                0x00080f8c                DebugMon_Handler
                0x00080f8c                DMAC_Handler
                0x00080f8c                TRNG_Handler
                0x00080f8c                HardFault_Handler
                0x00080f8c                TC2_Handler
                0x00080f8c                SysTick_Handler
                0x00080f8c                USART3_Handler
                0x00080f8c                TWI1_Handler
                0x00080f8c                PendSV_Handler
                0x00080f8c                NMI_Handler
                0x00080f8c                TC7_Handler
                0x00080f8c                ADC_Handler
                0x00080f8c                SMC_Handler
                0x00080f8c                USART0_Handler
                0x00080f8c                RTT_Handler
                0x00080f8c                EFC1_Handler
                0x00080f8c                RTC_Handler
                0x00080f8c                UsageFault_Handler
                0x00080f8c                TC6_Handler
                0x00080f8c                WDT_Handler
                0x00080f8c                CAN0_Handler
                0x00080f8c                TC4_Handler
                0x00080f8c                TC1_Handler
                0x00080f8c                HSMCI_Handler
                0x00080f8c                TC3_Handler
                0x00080f8c                Dummy_Handler
                0x00080f8c                TWI0_Handler
                0x00080f8c                USART1_Handler
                0x00080f8c                SSC_Handler
                0x00080f8c                EFC0_Handler
                0x00080f8c                PMC_Handler
                0x00080f8c                PWM_Handler
                0x00080f8c                CAN1_Handler
                0x00080f8c                MemManage_Handler
                0x00080f8c                SUPC_Handler
                0x00080f8c                SVC_Handler
                0x00080f8c                TC8_Handler
                0x00080f8c                USART2_Handler
                0x00080f8c                EMAC_Handler
                0x00080f8c                UART_Handler
                0x00080f8c                BusFault_Handler
                0x00080f8c                RSTC_Handler
                0x00080f8c                TC5_Handler
                0x00080f8c                UOTGHS_Handler
                0x00080f8c                SPI0_Handler
 .text.Reset_Handler
                0x00080f90       0xac src/ASF/sam/utils/cmsis/sam3x/source/templates/gcc/startup_sam3x.o
                0x00080f90                Reset_Handler
 .text.SystemCoreClockUpdate
                0x0008103c      0x11c src/ASF/sam/utils/cmsis/sam3x/source/templates/system_sam3x.o
                0x0008103c                SystemCoreClockUpdate
 .text.system_init_flash
                0x00081158       0x88 src/ASF/sam/utils/cmsis/sam3x/source/templates/system_sam3x.o
                0x00081158                system_init_flash
 .text          0x000811e0      0x370 d:/atmel studio 7/7.0/toolchain/arm/arm-gnu-toolchain/bin/../lib/gcc/arm-none-eabi/5.3.1/armv7-m\libgcc.a(_arm_addsubdf3.o)
                0x000811e0                __aeabi_drsub
                0x000811e8                __aeabi_dsub
                0x000811e8                __subdf3
                0x000811ec                __aeabi_dadd
                0x000811ec                __adddf3
                0x00081464                __floatunsidf
                0x00081464                __aeabi_ui2d
                0x00081484                __floatsidf
                0x00081484                __aeabi_i2d
                0x000814a8                __aeabi_f2d
                0x000814a8                __extendsfdf2
                0x000814e4                __floatundidf
                0x000814e4                __aeabi_ul2d
                0x000814f4                __floatdidf
                0x000814f4                __aeabi_l2d
 .text          0x00081550      0x424 d:/atmel studio 7/7.0/toolchain/arm/arm-gnu-toolchain/bin/../lib/gcc/arm-none-eabi/5.3.1/armv7-m\libgcc.a(_arm_muldivdf3.o)
                0x00081550                __aeabi_dmul
                0x00081550                __muldf3
                0x000817a4                __divdf3
                0x000817a4                __aeabi_ddiv
 .text          0x00081974       0xa0 d:/atmel studio 7/7.0/toolchain/arm/arm-gnu-toolchain/bin/../lib/gcc/arm-none-eabi/5.3.1/armv7-m\libgcc.a(_arm_truncdfsf2.o)
                0x00081974                __truncdfsf2
                0x00081974                __aeabi_d2f
 .text          0x00081a14      0x21c d:/atmel studio 7/7.0/toolchain/arm/arm-gnu-toolchain/bin/../lib/gcc/arm-none-eabi/5.3.1/armv7-m\libgcc.a(_arm_addsubsf3.o)
                0x00081a14                __aeabi_frsub
                0x00081a1c                __subsf3
                0x00081a1c                __aeabi_fsub
                0x00081a20                __aeabi_fadd
                0x00081a20                __addsf3
                0x00081b80                __aeabi_ui2f
                0x00081b80                __floatunsisf
                0x00081b88                __aeabi_i2f
                0x00081b88                __floatsisf
                0x00081ba4                __aeabi_ul2f
                0x00081ba4                __floatundisf
                0x00081bb4                __aeabi_l2f
                0x00081bb4                __floatdisf
 .text          0x00081c30       0x4c d:/atmel studio 7/7.0/toolchain/arm/arm-gnu-toolchain/bin/../lib/gcc/arm-none-eabi/5.3.1/armv7-m\libgcc.a(_arm_fixsfsi.o)
                0x00081c30                __aeabi_f2iz
                0x00081c30                __fixsfsi
 .text.__libc_init_array
                0x00081c7c       0x50 d:/atmel studio 7/7.0/toolchain/arm/arm-gnu-toolchain/bin/../lib/gcc/arm-none-eabi/5.3.1/../../../../arm-none-eabi/lib/armv7-m\libc.a(lib_a-init.o)
                0x00081c7c                __libc_init_array
 .text.startup.register_fini
                0x00081ccc       0x14 d:/atmel studio 7/7.0/toolchain/arm/arm-gnu-toolchain/bin/../lib/gcc/arm-none-eabi/5.3.1/../../../../arm-none-eabi/lib/armv7-m\libc.a(lib_a-__call_atexit.o)
 .text.atexit   0x00081ce0        0xc d:/atmel studio 7/7.0/toolchain/arm/arm-gnu-toolchain/bin/../lib/gcc/arm-none-eabi/5.3.1/../../../../arm-none-eabi/lib/armv7-m\libc.a(lib_a-atexit.o)
                0x00081ce0                atexit
 .text.__libc_fini_array
                0x00081cec       0x28 d:/atmel studio 7/7.0/toolchain/arm/arm-gnu-toolchain/bin/../lib/gcc/arm-none-eabi/5.3.1/../../../../arm-none-eabi/lib/armv7-m\libc.a(lib_a-fini.o)
                0x00081cec                __libc_fini_array
 .text.__register_exitproc
                0x00081d14       0xa4 d:/atmel studio 7/7.0/toolchain/arm/arm-gnu-toolchain/bin/../lib/gcc/arm-none-eabi/5.3.1/../../../../arm-none-eabi/lib/armv7-m\libc.a(lib_a-__atexit.o)
                0x00081d14                __register_exitproc
 *(.glue_7t)
 .glue_7t       0x00081db8        0x0 linker stubs
 *(.glue_7)
 .glue_7        0x00081db8        0x0 linker stubs
 *(.rodata .rodata* .gnu.linkonce.r.*)
 .rodata.str1.4
                0x00081db8        0x4 d:/atmel studio 7/7.0/toolchain/arm/arm-gnu-toolchain/bin/../lib/gcc/arm-none-eabi/5.3.1/../../../../arm-none-eabi/lib/armv7-m\libc.a(lib_a-impure.o)
                                  0x2 (size before relaxing)
 .rodata._global_impure_ptr
                0x00081dbc        0x4 d:/atmel studio 7/7.0/toolchain/arm/arm-gnu-toolchain/bin/../lib/gcc/arm-none-eabi/5.3.1/../../../../arm-none-eabi/lib/armv7-m\libc.a(lib_a-impure.o)
                0x00081dbc                _global_impure_ptr
 *(.ARM.extab* .gnu.linkonce.armextab.*)
                0x00081dc0                . = ALIGN (0x4)
 *(.init)
 .init          0x00081dc0        0x4 d:/atmel studio 7/7.0/toolchain/arm/arm-gnu-toolchain/bin/../lib/gcc/arm-none-eabi/5.3.1/armv7-m/crti.o
                0x00081dc0                _init
 .init          0x00081dc4        0x8 d:/atmel studio 7/7.0/toolchain/arm/arm-gnu-toolchain/bin/../lib/gcc/arm-none-eabi/5.3.1/armv7-m/crtn.o
                0x00081dcc                . = ALIGN (0x4)
                0x00081dcc                __preinit_array_start = .
 *(.preinit_array)
                0x00081dcc                __preinit_array_end = .
                0x00081dcc                . = ALIGN (0x4)
                0x00081dcc                __init_array_start = .
 *(SORT(.init_array.*))
 .init_array.00000
                0x00081dcc        0x4 d:/atmel studio 7/7.0/toolchain/arm/arm-gnu-toolchain/bin/../lib/gcc/arm-none-eabi/5.3.1/../../../../arm-none-eabi/lib/armv7-m\libc.a(lib_a-__call_atexit.o)
 *(.init_array)
 .init_array    0x00081dd0        0x4 d:/atmel studio 7/7.0/toolchain/arm/arm-gnu-toolchain/bin/../lib/gcc/arm-none-eabi/5.3.1/armv7-m/crtbegin.o
                0x00081dd4                __init_array_end = .
                0x00081dd4                . = ALIGN (0x4)
 *crtbegin.o(.ctors)
 *(EXCLUDE_FILE(*crtend.o) .ctors)
 *(SORT(.ctors.*))
 *crtend.o(.ctors)
                0x00081dd4                . = ALIGN (0x4)
 *(.fini)
 .fini          0x00081dd4        0x4 d:/atmel studio 7/7.0/toolchain/arm/arm-gnu-toolchain/bin/../lib/gcc/arm-none-eabi/5.3.1/armv7-m/crti.o
                0x00081dd4                _fini
 .fini          0x00081dd8        0x8 d:/atmel studio 7/7.0/toolchain/arm/arm-gnu-toolchain/bin/../lib/gcc/arm-none-eabi/5.3.1/armv7-m/crtn.o
                0x00081de0                . = ALIGN (0x4)
                0x00081de0                __fini_array_start = .
 *(.fini_array)
 .fini_array    0x00081de0        0x4 d:/atmel studio 7/7.0/toolchain/arm/arm-gnu-toolchain/bin/../lib/gcc/arm-none-eabi/5.3.1/armv7-m/crtbegin.o
 *(SORT(.fini_array.*))
                0x00081de4                __fini_array_end = .
 *crtbegin.o(.dtors)
 *(EXCLUDE_FILE(*crtend.o) .dtors)
 *(SORT(.dtors.*))
 *crtend.o(.dtors)
                0x00081de4                . = ALIGN (0x4)
                0x00081de4                _efixed = .
                [!provide]                PROVIDE (__exidx_start, .)

.vfp11_veneer   0x00081de4        0x0
 .vfp11_veneer  0x00081de4        0x0 linker stubs

.v4_bx          0x00081de4        0x0
 .v4_bx         0x00081de4        0x0 linker stubs

.iplt           0x00081de4        0x0
 .iplt          0x00081de4        0x0 d:/atmel studio 7/7.0/toolchain/arm/arm-gnu-toolchain/bin/../lib/gcc/arm-none-eabi/5.3.1/armv7-m/crtbegin.o

.eh_frame       0x00081de4        0x0
 .eh_frame      0x00081de4        0x0 d:/atmel studio 7/7.0/toolchain/arm/arm-gnu-toolchain/bin/../lib/gcc/arm-none-eabi/5.3.1/armv7-m/crtbegin.o

.rel.dyn        0x00081de4        0x0
 .rel.iplt      0x00081de4        0x0 d:/atmel studio 7/7.0/toolchain/arm/arm-gnu-toolchain/bin/../lib/gcc/arm-none-eabi/5.3.1/armv7-m/crtbegin.o

.jcr            0x00081de4        0x0
 .jcr           0x00081de4        0x0 d:/atmel studio 7/7.0/toolchain/arm/arm-gnu-toolchain/bin/../lib/gcc/arm-none-eabi/5.3.1/armv7-m/crtbegin.o

.igot.plt       0x00081de4        0x0
 .igot.plt      0x00081de4        0x0 d:/atmel studio 7/7.0/toolchain/arm/arm-gnu-toolchain/bin/../lib/gcc/arm-none-eabi/5.3.1/armv7-m/crtbegin.o

.ARM.exidx
 *(.ARM.exidx* .gnu.linkonce.armexidx.*)
                [!provide]                PROVIDE (__exidx_end, .)
                0x00081de4                . = ALIGN (0x4)
                0x00081de4                _etext = .

.relocate       0x20070000      0x430 load address 0x00081de4
                0x20070000                . = ALIGN (0x4)
                0x20070000                _srelocate = .
 *(.ramfunc .ramfunc.*)
 *(.data .data.*)
 .data.SystemCoreClock
                0x20070000        0x4 src/ASF/sam/utils/cmsis/sam3x/source/templates/system_sam3x.o
                0x20070000                SystemCoreClock
 *fill*         0x20070004        0x4 
 .data.impure_data
                0x20070008      0x428 d:/atmel studio 7/7.0/toolchain/arm/arm-gnu-toolchain/bin/../lib/gcc/arm-none-eabi/5.3.1/../../../../arm-none-eabi/lib/armv7-m\libc.a(lib_a-impure.o)
                0x20070430                . = ALIGN (0x4)
                0x20070430                _erelocate = .

.bss            0x20070430      0x20c load address 0x00082214
                0x20070430                . = ALIGN (0x4)
                0x20070430                _sbss = .
                0x20070430                _szero = .
 *(.bss .bss.*)
 .bss           0x20070430       0x1c d:/atmel studio 7/7.0/toolchain/arm/arm-gnu-toolchain/bin/../lib/gcc/arm-none-eabi/5.3.1/armv7-m/crtbegin.o
 .bss.xbuffsection1
                0x2007044c       0x10 src/Filter/fiveToSevenkHz.o
 .bss.xbuffsection2
                0x2007045c       0x10 src/Filter/fiveToSevenkHz.o
 .bss.xbuffsection3
                0x2007046c       0x10 src/Filter/fiveToSevenkHz.o
 .bss.ysection1
                0x2007047c       0x10 src/Filter/fiveToSevenkHz.o
 .bss.ysection2
                0x2007048c       0x10 src/Filter/fiveToSevenkHz.o
 .bss.ysection3
                0x2007049c       0x10 src/Filter/fiveToSevenkHz.o
 .bss.xbuffsection1
                0x200704ac       0x10 src/Filter/oneHzToTwoFivekHz.o
 .bss.xbuffsection2
                0x200704bc       0x10 src/Filter/oneHzToTwoFivekHz.o
 .bss.xbuffsection3
                0x200704cc       0x10 src/Filter/oneHzToTwoFivekHz.o
 .bss.ysection1
                0x200704dc       0x10 src/Filter/oneHzToTwoFivekHz.o
 .bss.ysection2
                0x200704ec       0x10 src/Filter/oneHzToTwoFivekHz.o
 .bss.ysection3
                0x200704fc       0x10 src/Filter/oneHzToTwoFivekHz.o
 .bss.xbuffsection1
                0x2007050c       0x10 src/Filter/sevenToNinekHz.o
 .bss.xbuffsection2
                0x2007051c       0x10 src/Filter/sevenToNinekHz.o
 .bss.xbuffsection3
                0x2007052c       0x10 src/Filter/sevenToNinekHz.o
 .bss.ysection1
                0x2007053c       0x10 src/Filter/sevenToNinekHz.o
 .bss.ysection2
                0x2007054c       0x10 src/Filter/sevenToNinekHz.o
 .bss.ysection3
                0x2007055c       0x10 src/Filter/sevenToNinekHz.o
 .bss.xbuffsection1
                0x2007056c       0x10 src/Filter/twofiveToFivekHz.o
 .bss.xbuffsection2
                0x2007057c       0x10 src/Filter/twofiveToFivekHz.o
 .bss.xbuffsection3
                0x2007058c       0x10 src/Filter/twofiveToFivekHz.o
 .bss.ysection1
                0x2007059c       0x10 src/Filter/twofiveToFivekHz.o
 .bss.ysection2
                0x200705ac       0x10 src/Filter/twofiveToFivekHz.o
 .bss.ysection3
                0x200705bc       0x10 src/Filter/twofiveToFivekHz.o
 .bss.gs_interrupt_sources
                0x200705cc       0x70 src/ASF/sam/drivers/pio/pio_handler.o
 *(COMMON)
                0x2007063c                . = ALIGN (0x4)
                0x2007063c                _ebss = .
                0x2007063c                _ezero = .

.stack          0x2007063c     0x2004 load address 0x00082420
                0x20070640                . = ALIGN (0x8)
 *fill*         0x2007063c        0x4 
                0x20070640                _sstack = .
                0x20072640                . = (. + __stack_size__)
 *fill*         0x20070640     0x2000 
                0x20072640                . = ALIGN (0x8)
                0x20072640                _estack = .
                0x20072640                . = ALIGN (0x4)
                0x20072640                _end = .
OUTPUT(Exjobb.elf elf32-littlearm)

.ARM.attributes
                0x00000000       0x29
 .ARM.attributes
                0x00000000       0x1d d:/atmel studio 7/7.0/toolchain/arm/arm-gnu-toolchain/bin/../lib/gcc/arm-none-eabi/5.3.1/armv7-m/crti.o
 .ARM.attributes
                0x0000001d       0x2d d:/atmel studio 7/7.0/toolchain/arm/arm-gnu-toolchain/bin/../lib/gcc/arm-none-eabi/5.3.1/armv7-m/crtbegin.o
 .ARM.attributes
                0x0000004a       0x33 src/ASF/sam/drivers/adc/adc.o
 .ARM.attributes
                0x0000007d       0x33 src/Filter/Filter.o
 .ARM.attributes
                0x000000b0       0x33 src/Filter/fiveToSevenkHz.o
 .ARM.attributes
                0x000000e3       0x33 src/Filter/oneHzToTwoFivekHz.o
 .ARM.attributes
                0x00000116       0x33 src/Filter/sevenToNinekHz.o
 .ARM.attributes
                0x00000149       0x33 src/Filter/twofiveToFivekHz.o
 .ARM.attributes
                0x0000017c       0x33 src/InitADC_DAC/adcdac.o
 .ARM.attributes
                0x000001af       0x33 src/Initinterrupt/init_tc.o
 .ARM.attributes
                0x000001e2       0x33 src/ASF/sam/drivers/dacc/dacc.o
 .ARM.attributes
                0x00000215       0x33 src/ASF/sam/drivers/tc/tc.o
 .ARM.attributes
                0x00000248       0x33 src/main.o
 .ARM.attributes
                0x0000027b       0x33 src/ASF/common/services/clock/sam3x/sysclk.o
 .ARM.attributes
                0x000002ae       0x33 src/ASF/sam/boards/arduino_due_x/init.o
 .ARM.attributes
                0x000002e1       0x33 src/ASF/sam/drivers/pio/pio.o
 .ARM.attributes
                0x00000314       0x33 src/ASF/sam/drivers/pio/pio_handler.o
 .ARM.attributes
                0x00000347       0x33 src/ASF/sam/drivers/pmc/pmc.o
 .ARM.attributes
                0x0000037a       0x33 src/ASF/sam/utils/cmsis/sam3x/source/templates/exceptions.o
 .ARM.attributes
                0x000003ad       0x33 src/ASF/sam/utils/cmsis/sam3x/source/templates/gcc/startup_sam3x.o
 .ARM.attributes
                0x000003e0       0x33 src/ASF/sam/utils/cmsis/sam3x/source/templates/system_sam3x.o
 .ARM.attributes
                0x00000413       0x1d d:/atmel studio 7/7.0/toolchain/arm/arm-gnu-toolchain/bin/../lib/gcc/arm-none-eabi/5.3.1/armv7-m\libgcc.a(_arm_addsubdf3.o)
 .ARM.attributes
                0x00000430       0x1d d:/atmel studio 7/7.0/toolchain/arm/arm-gnu-toolchain/bin/../lib/gcc/arm-none-eabi/5.3.1/armv7-m\libgcc.a(_arm_muldivdf3.o)
 .ARM.attributes
                0x0000044d       0x1d d:/atmel studio 7/7.0/toolchain/arm/arm-gnu-toolchain/bin/../lib/gcc/arm-none-eabi/5.3.1/armv7-m\libgcc.a(_arm_truncdfsf2.o)
 .ARM.attributes
                0x0000046a       0x1d d:/atmel studio 7/7.0/toolchain/arm/arm-gnu-toolchain/bin/../lib/gcc/arm-none-eabi/5.3.1/armv7-m\libgcc.a(_arm_addsubsf3.o)
 .ARM.attributes
                0x00000487       0x1d d:/atmel studio 7/7.0/toolchain/arm/arm-gnu-toolchain/bin/../lib/gcc/arm-none-eabi/5.3.1/armv7-m\libgcc.a(_arm_fixsfsi.o)
 .ARM.attributes
                0x000004a4       0x2d d:/atmel studio 7/7.0/toolchain/arm/arm-gnu-toolchain/bin/../lib/gcc/arm-none-eabi/5.3.1/../../../../arm-none-eabi/lib/armv7-m\libc.a(lib_a-impure.o)
 .ARM.attributes
                0x000004d1       0x2d d:/atmel studio 7/7.0/toolchain/arm/arm-gnu-toolchain/bin/../lib/gcc/arm-none-eabi/5.3.1/../../../../arm-none-eabi/lib/armv7-m\libc.a(lib_a-init.o)
 .ARM.attributes
                0x000004fe       0x2d d:/atmel studio 7/7.0/toolchain/arm/arm-gnu-toolchain/bin/../lib/gcc/arm-none-eabi/5.3.1/../../../../arm-none-eabi/lib/armv7-m\libc.a(lib_a-__call_atexit.o)
 .ARM.attributes
                0x0000052b       0x2d d:/atmel studio 7/7.0/toolchain/arm/arm-gnu-toolchain/bin/../lib/gcc/arm-none-eabi/5.3.1/../../../../arm-none-eabi/lib/armv7-m\libc.a(lib_a-atexit.o)
 .ARM.attributes
                0x00000558       0x2d d:/atmel studio 7/7.0/toolchain/arm/arm-gnu-toolchain/bin/../lib/gcc/arm-none-eabi/5.3.1/../../../../arm-none-eabi/lib/armv7-m\libc.a(lib_a-fini.o)
 .ARM.attributes
                0x00000585       0x2d d:/atmel studio 7/7.0/toolchain/arm/arm-gnu-toolchain/bin/../lib/gcc/arm-none-eabi/5.3.1/../../../../arm-none-eabi/lib/armv7-m\libc.a(lib_a-__atexit.o)
 .ARM.attributes
                0x000005b2       0x1d d:/atmel studio 7/7.0/toolchain/arm/arm-gnu-toolchain/bin/../lib/gcc/arm-none-eabi/5.3.1/armv7-m/crtn.o

.comment        0x00000000       0x59
 .comment       0x00000000       0x59 src/ASF/sam/drivers/adc/adc.o
                                 0x5a (size before relaxing)
 .comment       0x00000059       0x5a src/Filter/Filter.o
 .comment       0x00000059       0x5a src/Filter/fiveToSevenkHz.o
 .comment       0x00000059       0x5a src/Filter/oneHzToTwoFivekHz.o
 .comment       0x00000059       0x5a src/Filter/sevenToNinekHz.o
 .comment       0x00000059       0x5a src/Filter/twofiveToFivekHz.o
 .comment       0x00000059       0x5a src/InitADC_DAC/adcdac.o
 .comment       0x00000059       0x5a src/Initinterrupt/init_tc.o
 .comment       0x00000059       0x5a src/ASF/sam/drivers/dacc/dacc.o
 .comment       0x00000059       0x5a src/ASF/sam/drivers/tc/tc.o
 .comment       0x00000059       0x5a src/main.o
 .comment       0x00000059       0x5a src/ASF/common/services/clock/sam3x/sysclk.o
 .comment       0x00000059       0x5a src/ASF/sam/boards/arduino_due_x/init.o
 .comment       0x00000059       0x5a src/ASF/sam/drivers/pio/pio.o
 .comment       0x00000059       0x5a src/ASF/sam/drivers/pio/pio_handler.o
 .comment       0x00000059       0x5a src/ASF/sam/drivers/pmc/pmc.o
 .comment       0x00000059       0x5a src/ASF/sam/utils/cmsis/sam3x/source/templates/exceptions.o
 .comment       0x00000059       0x5a src/ASF/sam/utils/cmsis/sam3x/source/templates/gcc/startup_sam3x.o
 .comment       0x00000059       0x5a src/ASF/sam/utils/cmsis/sam3x/source/templates/system_sam3x.o

.debug_info     0x00000000     0xa0d5
 .debug_info    0x00000000     0x1195 src/ASF/sam/drivers/adc/adc.o
 .debug_info    0x00001195      0xf77 src/Filter/Filter.o
 .debug_info    0x0000210c      0x3b3 src/Filter/fiveToSevenkHz.o
 .debug_info    0x000024bf      0x3b3 src/Filter/oneHzToTwoFivekHz.o
 .debug_info    0x00002872      0x3b3 src/Filter/sevenToNinekHz.o
 .debug_info    0x00002c25      0x3b3 src/Filter/twofiveToFivekHz.o
 .debug_info    0x00002fd8      0x871 src/InitADC_DAC/adcdac.o
 .debug_info    0x00003849      0x67f src/Initinterrupt/init_tc.o
 .debug_info    0x00003ec8      0x8b0 src/ASF/sam/drivers/dacc/dacc.o
 .debug_info    0x00004778      0x94a src/ASF/sam/drivers/tc/tc.o
 .debug_info    0x000050c2      0x7aa src/main.o
 .debug_info    0x0000586c      0x78e src/ASF/common/services/clock/sam3x/sysclk.o
 .debug_info    0x00005ffa      0x765 src/ASF/sam/boards/arduino_due_x/init.o
 .debug_info    0x0000675f     0x124e src/ASF/sam/drivers/pio/pio.o
 .debug_info    0x000079ad      0xe1f src/ASF/sam/drivers/pio/pio_handler.o
 .debug_info    0x000087cc     0x1056 src/ASF/sam/drivers/pmc/pmc.o
 .debug_info    0x00009822       0xba src/ASF/sam/utils/cmsis/sam3x/source/templates/exceptions.o
 .debug_info    0x000098dc      0x383 src/ASF/sam/utils/cmsis/sam3x/source/templates/gcc/startup_sam3x.o
 .debug_info    0x00009c5f      0x476 src/ASF/sam/utils/cmsis/sam3x/source/templates/system_sam3x.o

.debug_abbrev   0x00000000     0x1de4
 .debug_abbrev  0x00000000      0x231 src/ASF/sam/drivers/adc/adc.o
 .debug_abbrev  0x00000231      0x206 src/Filter/Filter.o
 .debug_abbrev  0x00000437       0xfa src/Filter/fiveToSevenkHz.o
 .debug_abbrev  0x00000531       0xfa src/Filter/oneHzToTwoFivekHz.o
 .debug_abbrev  0x0000062b       0xfa src/Filter/sevenToNinekHz.o
 .debug_abbrev  0x00000725       0xfa src/Filter/twofiveToFivekHz.o
 .debug_abbrev  0x0000081f      0x149 src/InitADC_DAC/adcdac.o
 .debug_abbrev  0x00000968      0x18c src/Initinterrupt/init_tc.o
 .debug_abbrev  0x00000af4      0x1c8 src/ASF/sam/drivers/dacc/dacc.o
 .debug_abbrev  0x00000cbc      0x1bb src/ASF/sam/drivers/tc/tc.o
 .debug_abbrev  0x00000e77      0x1d5 src/main.o
 .debug_abbrev  0x0000104c      0x241 src/ASF/common/services/clock/sam3x/sysclk.o
 .debug_abbrev  0x0000128d      0x17a src/ASF/sam/boards/arduino_due_x/init.o
 .debug_abbrev  0x00001407      0x2a3 src/ASF/sam/drivers/pio/pio.o
 .debug_abbrev  0x000016aa      0x262 src/ASF/sam/drivers/pio/pio_handler.o
 .debug_abbrev  0x0000190c      0x268 src/ASF/sam/drivers/pmc/pmc.o
 .debug_abbrev  0x00001b74       0x6f src/ASF/sam/utils/cmsis/sam3x/source/templates/exceptions.o
 .debug_abbrev  0x00001be3      0x10c src/ASF/sam/utils/cmsis/sam3x/source/templates/gcc/startup_sam3x.o
 .debug_abbrev  0x00001cef       0xf5 src/ASF/sam/utils/cmsis/sam3x/source/templates/system_sam3x.o

.debug_loc      0x00000000     0x59d5
 .debug_loc     0x00000000      0xa08 src/ASF/sam/drivers/adc/adc.o
 .debug_loc     0x00000a08      0x2f5 src/Filter/Filter.o
 .debug_loc     0x00000cfd      0x8ca src/Filter/fiveToSevenkHz.o
 .debug_loc     0x000015c7      0x8d5 src/Filter/oneHzToTwoFivekHz.o
 .debug_loc     0x00001e9c      0x8ca src/Filter/sevenToNinekHz.o
 .debug_loc     0x00002766      0x913 src/Filter/twofiveToFivekHz.o
 .debug_loc     0x00003079       0x40 src/InitADC_DAC/adcdac.o
 .debug_loc     0x000030b9       0x34 src/Initinterrupt/init_tc.o
 .debug_loc     0x000030ed      0x3b3 src/ASF/sam/drivers/dacc/dacc.o
 .debug_loc     0x000034a0      0x5a5 src/ASF/sam/drivers/tc/tc.o
 .debug_loc     0x00003a45       0x99 src/main.o
 .debug_loc     0x00003ade      0x183 src/ASF/common/services/clock/sam3x/sysclk.o
 .debug_loc     0x00003c61       0x70 src/ASF/sam/boards/arduino_due_x/init.o
 .debug_loc     0x00003cd1      0xb1b src/ASF/sam/drivers/pio/pio.o
 .debug_loc     0x000047ec      0x4da src/ASF/sam/drivers/pio/pio_handler.o
 .debug_loc     0x00004cc6      0xcb1 src/ASF/sam/drivers/pmc/pmc.o
 .debug_loc     0x00005977       0x5e src/ASF/sam/utils/cmsis/sam3x/source/templates/gcc/startup_sam3x.o

.debug_aranges  0x00000000      0x880
 .debug_aranges
                0x00000000      0x178 src/ASF/sam/drivers/adc/adc.o
 .debug_aranges
                0x00000178       0x28 src/Filter/Filter.o
 .debug_aranges
                0x000001a0       0x20 src/Filter/fiveToSevenkHz.o
 .debug_aranges
                0x000001c0       0x20 src/Filter/oneHzToTwoFivekHz.o
 .debug_aranges
                0x000001e0       0x20 src/Filter/sevenToNinekHz.o
 .debug_aranges
                0x00000200       0x20 src/Filter/twofiveToFivekHz.o
 .debug_aranges
                0x00000220       0x28 src/InitADC_DAC/adcdac.o
 .debug_aranges
                0x00000248       0x20 src/Initinterrupt/init_tc.o
 .debug_aranges
                0x00000268       0xc0 src/ASF/sam/drivers/dacc/dacc.o
 .debug_aranges
                0x00000328       0xd0 src/ASF/sam/drivers/tc/tc.o
 .debug_aranges
                0x000003f8       0x20 src/main.o
 .debug_aranges
                0x00000418       0x40 src/ASF/common/services/clock/sam3x/sysclk.o
 .debug_aranges
                0x00000458       0x20 src/ASF/sam/boards/arduino_due_x/init.o
 .debug_aranges
                0x00000478      0x148 src/ASF/sam/drivers/pio/pio.o
 .debug_aranges
                0x000005c0       0x58 src/ASF/sam/drivers/pio/pio_handler.o
 .debug_aranges
                0x00000618      0x1f8 src/ASF/sam/drivers/pmc/pmc.o
 .debug_aranges
                0x00000810       0x20 src/ASF/sam/utils/cmsis/sam3x/source/templates/exceptions.o
 .debug_aranges
                0x00000830       0x20 src/ASF/sam/utils/cmsis/sam3x/source/templates/gcc/startup_sam3x.o
 .debug_aranges
                0x00000850       0x30 src/ASF/sam/utils/cmsis/sam3x/source/templates/system_sam3x.o

.debug_ranges   0x00000000      0x750
 .debug_ranges  0x00000000      0x168 src/ASF/sam/drivers/adc/adc.o
 .debug_ranges  0x00000168       0x18 src/Filter/Filter.o
 .debug_ranges  0x00000180       0x10 src/Filter/fiveToSevenkHz.o
 .debug_ranges  0x00000190       0x10 src/Filter/oneHzToTwoFivekHz.o
 .debug_ranges  0x000001a0       0x10 src/Filter/sevenToNinekHz.o
 .debug_ranges  0x000001b0       0x10 src/Filter/twofiveToFivekHz.o
 .debug_ranges  0x000001c0       0x18 src/InitADC_DAC/adcdac.o
 .debug_ranges  0x000001d8       0x10 src/Initinterrupt/init_tc.o
 .debug_ranges  0x000001e8       0xb0 src/ASF/sam/drivers/dacc/dacc.o
 .debug_ranges  0x00000298       0xc0 src/ASF/sam/drivers/tc/tc.o
 .debug_ranges  0x00000358       0x10 src/main.o
 .debug_ranges  0x00000368       0x30 src/ASF/common/services/clock/sam3x/sysclk.o
 .debug_ranges  0x00000398       0x10 src/ASF/sam/boards/arduino_due_x/init.o
 .debug_ranges  0x000003a8      0x138 src/ASF/sam/drivers/pio/pio.o
 .debug_ranges  0x000004e0       0x48 src/ASF/sam/drivers/pio/pio_handler.o
 .debug_ranges  0x00000528      0x1e8 src/ASF/sam/drivers/pmc/pmc.o
 .debug_ranges  0x00000710       0x10 src/ASF/sam/utils/cmsis/sam3x/source/templates/exceptions.o
 .debug_ranges  0x00000720       0x10 src/ASF/sam/utils/cmsis/sam3x/source/templates/gcc/startup_sam3x.o
 .debug_ranges  0x00000730       0x20 src/ASF/sam/utils/cmsis/sam3x/source/templates/system_sam3x.o

.debug_macro    0x00000000    0x18880
 .debug_macro   0x00000000      0x538 src/ASF/sam/drivers/adc/adc.o
 .debug_macro   0x00000538      0x886 src/ASF/sam/drivers/adc/adc.o
 .debug_macro   0x00000dbe      0x16d src/ASF/sam/drivers/adc/adc.o
 .debug_macro   0x00000f2b      0x2ee src/ASF/sam/drivers/adc/adc.o
 .debug_macro   0x00001219       0x76 src/ASF/sam/drivers/adc/adc.o
 .debug_macro   0x0000128f       0x16 src/ASF/sam/drivers/adc/adc.o
 .debug_macro   0x000012a5      0x6e1 src/ASF/sam/drivers/adc/adc.o
 .debug_macro   0x00001986       0x22 src/ASF/sam/drivers/adc/adc.o
 .debug_macro   0x000019a8       0x87 src/ASF/sam/drivers/adc/adc.o
 .debug_macro   0x00001a2f       0x44 src/ASF/sam/drivers/adc/adc.o
 .debug_macro   0x00001a73       0xfd src/ASF/sam/drivers/adc/adc.o
 .debug_macro   0x00001b70       0x22 src/ASF/sam/drivers/adc/adc.o
 .debug_macro   0x00001b92      0x1df src/ASF/sam/drivers/adc/adc.o
 .debug_macro   0x00001d71       0x20 src/ASF/sam/drivers/adc/adc.o
 .debug_macro   0x00001d91       0x3a src/ASF/sam/drivers/adc/adc.o
 .debug_macro   0x00001dcb       0x18 src/ASF/sam/drivers/adc/adc.o
 .debug_macro   0x00001de3      0xb08 src/ASF/sam/drivers/adc/adc.o
 .debug_macro   0x000028eb      0xab3 src/ASF/sam/drivers/adc/adc.o
 .debug_macro   0x0000339e      0x566 src/ASF/sam/drivers/adc/adc.o
 .debug_macro   0x00003904      0x2b2 src/ASF/sam/drivers/adc/adc.o
 .debug_macro   0x00003bb6      0x317 src/ASF/sam/drivers/adc/adc.o
 .debug_macro   0x00003ecd      0x74c src/ASF/sam/drivers/adc/adc.o
 .debug_macro   0x00004619       0x82 src/ASF/sam/drivers/adc/adc.o
 .debug_macro   0x0000469b      0x578 src/ASF/sam/drivers/adc/adc.o
 .debug_macro   0x00004c13       0x1c src/ASF/sam/drivers/adc/adc.o
 .debug_macro   0x00004c2f      0x6b5 src/ASF/sam/drivers/adc/adc.o
 .debug_macro   0x000052e4      0x52a src/ASF/sam/drivers/adc/adc.o
 .debug_macro   0x0000580e       0xbe src/ASF/sam/drivers/adc/adc.o
 .debug_macro   0x000058cc     0x233f src/ASF/sam/drivers/adc/adc.o
 .debug_macro   0x00007c0b      0x85a src/ASF/sam/drivers/adc/adc.o
 .debug_macro   0x00008465      0xdc6 src/ASF/sam/drivers/adc/adc.o
 .debug_macro   0x0000922b       0x7c src/ASF/sam/drivers/adc/adc.o
 .debug_macro   0x000092a7      0x261 src/ASF/sam/drivers/adc/adc.o
 .debug_macro   0x00009508       0x58 src/ASF/sam/drivers/adc/adc.o
 .debug_macro   0x00009560      0x9a5 src/ASF/sam/drivers/adc/adc.o
 .debug_macro   0x00009f05      0x246 src/ASF/sam/drivers/adc/adc.o
 .debug_macro   0x0000a14b      0x4dc src/ASF/sam/drivers/adc/adc.o
 .debug_macro   0x0000a627      0x6b0 src/ASF/sam/drivers/adc/adc.o
 .debug_macro   0x0000acd7      0x59c src/ASF/sam/drivers/adc/adc.o
 .debug_macro   0x0000b273       0x46 src/ASF/sam/drivers/adc/adc.o
 .debug_macro   0x0000b2b9      0x34a src/ASF/sam/drivers/adc/adc.o
 .debug_macro   0x0000b603      0x289 src/ASF/sam/drivers/adc/adc.o
 .debug_macro   0x0000b88c     0x14d7 src/ASF/sam/drivers/adc/adc.o
 .debug_macro   0x0000cd63      0x7b7 src/ASF/sam/drivers/adc/adc.o
 .debug_macro   0x0000d51a       0x76 src/ASF/sam/drivers/adc/adc.o
 .debug_macro   0x0000d590       0x82 src/ASF/sam/drivers/adc/adc.o
 .debug_macro   0x0000d612       0x76 src/ASF/sam/drivers/adc/adc.o
 .debug_macro   0x0000d688       0x4c src/ASF/sam/drivers/adc/adc.o
 .debug_macro   0x0000d6d4      0x102 src/ASF/sam/drivers/adc/adc.o
 .debug_macro   0x0000d7d6      0x102 src/ASF/sam/drivers/adc/adc.o
 .debug_macro   0x0000d8d8      0x102 src/ASF/sam/drivers/adc/adc.o
 .debug_macro   0x0000d9da       0x88 src/ASF/sam/drivers/adc/adc.o
 .debug_macro   0x0000da62       0x88 src/ASF/sam/drivers/adc/adc.o
 .debug_macro   0x0000daea      0x3b4 src/ASF/sam/drivers/adc/adc.o
 .debug_macro   0x0000de9e       0xb8 src/ASF/sam/drivers/adc/adc.o
 .debug_macro   0x0000df56       0xb8 src/ASF/sam/drivers/adc/adc.o
 .debug_macro   0x0000e00e       0xb8 src/ASF/sam/drivers/adc/adc.o
 .debug_macro   0x0000e0c6       0xb8 src/ASF/sam/drivers/adc/adc.o
 .debug_macro   0x0000e17e      0x2b8 src/ASF/sam/drivers/adc/adc.o
 .debug_macro   0x0000e436      0x122 src/ASF/sam/drivers/adc/adc.o
 .debug_macro   0x0000e558      0x222 src/ASF/sam/drivers/adc/adc.o
 .debug_macro   0x0000e77a      0x222 src/ASF/sam/drivers/adc/adc.o
 .debug_macro   0x0000e99c       0x2e src/ASF/sam/drivers/adc/adc.o
 .debug_macro   0x0000e9ca       0xac src/ASF/sam/drivers/adc/adc.o
 .debug_macro   0x0000ea76      0x14a src/ASF/sam/drivers/adc/adc.o
 .debug_macro   0x0000ebc0       0x7c src/ASF/sam/drivers/adc/adc.o
 .debug_macro   0x0000ec3c      0x202 src/ASF/sam/drivers/adc/adc.o
 .debug_macro   0x0000ee3e       0x64 src/ASF/sam/drivers/adc/adc.o
 .debug_macro   0x0000eea2       0xa6 src/ASF/sam/drivers/adc/adc.o
 .debug_macro   0x0000ef48       0x7c src/ASF/sam/drivers/adc/adc.o
 .debug_macro   0x0000efc4       0x16 src/ASF/sam/drivers/adc/adc.o
 .debug_macro   0x0000efda       0x22 src/ASF/sam/drivers/adc/adc.o
 .debug_macro   0x0000effc       0x22 src/ASF/sam/drivers/adc/adc.o
 .debug_macro   0x0000f01e      0x112 src/ASF/sam/drivers/adc/adc.o
 .debug_macro   0x0000f130      0x112 src/ASF/sam/drivers/adc/adc.o
 .debug_macro   0x0000f242      0x112 src/ASF/sam/drivers/adc/adc.o
 .debug_macro   0x0000f354      0x112 src/ASF/sam/drivers/adc/adc.o
 .debug_macro   0x0000f466       0x1c src/ASF/sam/drivers/adc/adc.o
 .debug_macro   0x0000f482       0x2e src/ASF/sam/drivers/adc/adc.o
 .debug_macro   0x0000f4b0       0x22 src/ASF/sam/drivers/adc/adc.o
 .debug_macro   0x0000f4d2       0x1c src/ASF/sam/drivers/adc/adc.o
 .debug_macro   0x0000f4ee       0x58 src/ASF/sam/drivers/adc/adc.o
 .debug_macro   0x0000f546       0x10 src/ASF/sam/drivers/adc/adc.o
 .debug_macro   0x0000f556      0x273 src/ASF/sam/drivers/adc/adc.o
 .debug_macro   0x0000f7c9      0xd40 src/ASF/sam/drivers/adc/adc.o
 .debug_macro   0x00010509      0x131 src/ASF/sam/drivers/adc/adc.o
 .debug_macro   0x0001063a       0x52 src/ASF/sam/drivers/adc/adc.o
 .debug_macro   0x0001068c       0x35 src/ASF/sam/drivers/adc/adc.o
 .debug_macro   0x000106c1       0x9c src/ASF/sam/drivers/adc/adc.o
 .debug_macro   0x0001075d       0x16 src/ASF/sam/drivers/adc/adc.o
 .debug_macro   0x00010773       0x35 src/ASF/sam/drivers/adc/adc.o
 .debug_macro   0x000107a8      0x330 src/ASF/sam/drivers/adc/adc.o
 .debug_macro   0x00010ad8       0x10 src/ASF/sam/drivers/adc/adc.o
 .debug_macro   0x00010ae8       0x52 src/ASF/sam/drivers/adc/adc.o
 .debug_macro   0x00010b3a       0x16 src/ASF/sam/drivers/adc/adc.o
 .debug_macro   0x00010b50       0x43 src/ASF/sam/drivers/adc/adc.o
 .debug_macro   0x00010b93      0x187 src/ASF/sam/drivers/adc/adc.o
 .debug_macro   0x00010d1a       0x22 src/ASF/sam/drivers/adc/adc.o
 .debug_macro   0x00010d3c       0x3a src/ASF/sam/drivers/adc/adc.o
 .debug_macro   0x00010d76       0x10 src/ASF/sam/drivers/adc/adc.o
 .debug_macro   0x00010d86       0x40 src/ASF/sam/drivers/adc/adc.o
 .debug_macro   0x00010dc6       0x6c src/ASF/sam/drivers/adc/adc.o
 .debug_macro   0x00010e32       0x16 src/ASF/sam/drivers/adc/adc.o
 .debug_macro   0x00010e48      0x182 src/ASF/sam/drivers/adc/adc.o
 .debug_macro   0x00010fca       0x22 src/ASF/sam/drivers/adc/adc.o
 .debug_macro   0x00010fec       0x16 src/ASF/sam/drivers/adc/adc.o
 .debug_macro   0x00011002       0x16 src/ASF/sam/drivers/adc/adc.o
 .debug_macro   0x00011018       0x29 src/ASF/sam/drivers/adc/adc.o
 .debug_macro   0x00011041       0x66 src/ASF/sam/drivers/adc/adc.o
 .debug_macro   0x000110a7       0x3e src/ASF/sam/drivers/adc/adc.o
 .debug_macro   0x000110e5      0x3c3 src/ASF/sam/drivers/adc/adc.o
 .debug_macro   0x000114a8       0x1c src/ASF/sam/drivers/adc/adc.o
 .debug_macro   0x000114c4      0x668 src/Filter/Filter.o
 .debug_macro   0x00011b2c       0x16 src/Filter/Filter.o
 .debug_macro   0x00011b42       0x94 src/Filter/Filter.o
 .debug_macro   0x00011bd6       0x40 src/Filter/Filter.o
 .debug_macro   0x00011c16      0x1e3 src/Filter/Filter.o
 .debug_macro   0x00011df9      0x78f src/Filter/Filter.o
 .debug_macro   0x00012588       0x34 src/Filter/Filter.o
 .debug_macro   0x000125bc       0x58 src/Filter/Filter.o
 .debug_macro   0x00012614       0x64 src/Filter/Filter.o
 .debug_macro   0x00012678       0x5f src/Filter/Filter.o
 .debug_macro   0x000126d7       0x90 src/Filter/Filter.o
 .debug_macro   0x00012767       0x6a src/Filter/Filter.o
 .debug_macro   0x000127d1       0x2e src/Filter/Filter.o
 .debug_macro   0x000127ff       0x10 src/Filter/Filter.o
 .debug_macro   0x0001280f      0x649 src/Filter/fiveToSevenkHz.o
 .debug_macro   0x00012e58      0x649 src/Filter/oneHzToTwoFivekHz.o
 .debug_macro   0x000134a1      0x649 src/Filter/sevenToNinekHz.o
 .debug_macro   0x00013aea      0x649 src/Filter/twofiveToFivekHz.o
 .debug_macro   0x00014133      0x63d src/InitADC_DAC/adcdac.o
 .debug_macro   0x00014770      0x63d src/Initinterrupt/init_tc.o
 .debug_macro   0x00014dad      0x544 src/ASF/sam/drivers/dacc/dacc.o
 .debug_macro   0x000152f1       0x10 src/ASF/sam/drivers/dacc/dacc.o
 .debug_macro   0x00015301      0x544 src/ASF/sam/drivers/tc/tc.o
 .debug_macro   0x00015845       0x4c src/ASF/sam/drivers/tc/tc.o
 .debug_macro   0x00015891       0x8d src/ASF/sam/drivers/tc/tc.o
 .debug_macro   0x0001591e       0x16 src/ASF/sam/drivers/tc/tc.o
 .debug_macro   0x00015934       0x4a src/ASF/sam/drivers/tc/tc.o
 .debug_macro   0x0001597e       0x1c src/ASF/sam/drivers/tc/tc.o
 .debug_macro   0x0001599a      0x652 src/main.o
 .debug_macro   0x00015fec      0x5a9 src/ASF/common/services/clock/sam3x/sysclk.o
 .debug_macro   0x00016595      0x1dd src/ASF/common/services/clock/sam3x/sysclk.o
 .debug_macro   0x00016772      0x5ec src/ASF/sam/boards/arduino_due_x/init.o
 .debug_macro   0x00016d5e       0x16 src/ASF/sam/boards/arduino_due_x/init.o
 .debug_macro   0x00016d74      0x545 src/ASF/sam/drivers/pio/pio.o
 .debug_macro   0x000172b9       0x8e src/ASF/sam/drivers/pio/pio.o
 .debug_macro   0x00017347      0x552 src/ASF/sam/drivers/pio/pio_handler.o
 .debug_macro   0x00017899      0x53e src/ASF/sam/drivers/pmc/pmc.o
 .debug_macro   0x00017dd7       0x52 src/ASF/sam/drivers/pmc/pmc.o
 .debug_macro   0x00017e29      0x35b src/ASF/sam/utils/cmsis/sam3x/source/templates/exceptions.o
 .debug_macro   0x00018184      0x369 src/ASF/sam/utils/cmsis/sam3x/source/templates/gcc/startup_sam3x.o
 .debug_macro   0x000184ed      0x36d src/ASF/sam/utils/cmsis/sam3x/source/templates/system_sam3x.o
 .debug_macro   0x0001885a       0x26 src/ASF/sam/utils/cmsis/sam3x/source/templates/system_sam3x.o

.debug_line     0x00000000     0xf17e
 .debug_line    0x00000000      0xe1f src/ASF/sam/drivers/adc/adc.o
 .debug_line    0x00000e1f      0xe1c src/Filter/Filter.o
 .debug_line    0x00001c3b      0xd9e src/Filter/fiveToSevenkHz.o
 .debug_line    0x000029d9      0xda4 src/Filter/oneHzToTwoFivekHz.o
 .debug_line    0x0000377d      0xd9e src/Filter/sevenToNinekHz.o
 .debug_line    0x0000451b      0xda2 src/Filter/twofiveToFivekHz.o
 .debug_line    0x000052bd      0xd9c src/InitADC_DAC/adcdac.o
 .debug_line    0x00006059      0xd91 src/Initinterrupt/init_tc.o
 .debug_line    0x00006dea      0xc3d src/ASF/sam/drivers/dacc/dacc.o
 .debug_line    0x00007a27      0xc71 src/ASF/sam/drivers/tc/tc.o
 .debug_line    0x00008698      0xdce src/main.o
 .debug_line    0x00009466      0xc43 src/ASF/common/services/clock/sam3x/sysclk.o
 .debug_line    0x0000a0a9      0xcd9 src/ASF/sam/boards/arduino_due_x/init.o
 .debug_line    0x0000ad82      0xe0f src/ASF/sam/drivers/pio/pio.o
 .debug_line    0x0000bb91      0xb8e src/ASF/sam/drivers/pio/pio_handler.o
 .debug_line    0x0000c71f     0x102e src/ASF/sam/drivers/pmc/pmc.o
 .debug_line    0x0000d74d      0x87c src/ASF/sam/utils/cmsis/sam3x/source/templates/exceptions.o
 .debug_line    0x0000dfc9      0x8c6 src/ASF/sam/utils/cmsis/sam3x/source/templates/gcc/startup_sam3x.o
 .debug_line    0x0000e88f      0x8ef src/ASF/sam/utils/cmsis/sam3x/source/templates/system_sam3x.o

.debug_str      0x00000000    0x5ff9f
 .debug_str     0x00000000    0x59ac4 src/ASF/sam/drivers/adc/adc.o
                              0x59e11 (size before relaxing)
 .debug_str     0x00059ac4     0x4737 src/Filter/Filter.o
                              0x5dd84 (size before relaxing)
 .debug_str     0x0005e1fb      0x133 src/Filter/fiveToSevenkHz.o
                              0x5d79b (size before relaxing)
 .debug_str     0x0005e32e       0x34 src/Filter/oneHzToTwoFivekHz.o
                              0x5d7a0 (size before relaxing)
 .debug_str     0x0005e362       0x2e src/Filter/sevenToNinekHz.o
                              0x5d79b (size before relaxing)
 .debug_str     0x0005e390       0x32 src/Filter/twofiveToFivekHz.o
                              0x5d79c (size before relaxing)
 .debug_str     0x0005e3c2       0xd1 src/InitADC_DAC/adcdac.o
                              0x5dab7 (size before relaxing)
 .debug_str     0x0005e493      0x2c7 src/Initinterrupt/init_tc.o
                              0x5d9ec (size before relaxing)
 .debug_str     0x0005e75a      0x2c3 src/ASF/sam/drivers/dacc/dacc.o
                              0x597f8 (size before relaxing)
 .debug_str     0x0005ea1d      0x2fe src/ASF/sam/drivers/tc/tc.o
                              0x59742 (size before relaxing)
 .debug_str     0x0005ed1b       0x8f src/main.o
                              0x5d9f9 (size before relaxing)
 .debug_str     0x0005edaa      0x24c src/ASF/common/services/clock/sam3x/sysclk.o
                              0x5d02e (size before relaxing)
 .debug_str     0x0005eff6       0x9f src/ASF/sam/boards/arduino_due_x/init.o
                              0x5d7e8 (size before relaxing)
 .debug_str     0x0005f095      0x40d src/ASF/sam/drivers/pio/pio.o
                              0x59d3e (size before relaxing)
 .debug_str     0x0005f4a2      0x1bf src/ASF/sam/drivers/pio/pio_handler.o
                              0x59d8a (size before relaxing)
 .debug_str     0x0005f661      0x672 src/ASF/sam/drivers/pmc/pmc.o
                              0x59d81 (size before relaxing)
 .debug_str     0x0005fcd3       0x4d src/ASF/sam/utils/cmsis/sam3x/source/templates/exceptions.o
                              0x4c85b (size before relaxing)
 .debug_str     0x0005fd20       0xb2 src/ASF/sam/utils/cmsis/sam3x/source/templates/gcc/startup_sam3x.o
                              0x4c944 (size before relaxing)
 .debug_str     0x0005fdd2      0x1cd src/ASF/sam/utils/cmsis/sam3x/source/templates/system_sam3x.o
                              0x4cb57 (size before relaxing)

.debug_frame    0x00000000     0x11f0
 .debug_frame   0x00000000      0x31c src/ASF/sam/drivers/adc/adc.o
 .debug_frame   0x0000031c       0x4c src/Filter/Filter.o
 .debug_frame   0x00000368       0x34 src/Filter/fiveToSevenkHz.o
 .debug_frame   0x0000039c       0x34 src/Filter/oneHzToTwoFivekHz.o
 .debug_frame   0x000003d0       0x34 src/Filter/sevenToNinekHz.o
 .debug_frame   0x00000404       0x34 src/Filter/twofiveToFivekHz.o
 .debug_frame   0x00000438       0x48 src/InitADC_DAC/adcdac.o
 .debug_frame   0x00000480       0x28 src/Initinterrupt/init_tc.o
 .debug_frame   0x000004a8      0x16c src/ASF/sam/drivers/dacc/dacc.o
 .debug_frame   0x00000614      0x1a4 src/ASF/sam/drivers/tc/tc.o
 .debug_frame   0x000007b8       0x28 src/main.o
 .debug_frame   0x000007e0       0x88 src/ASF/common/services/clock/sam3x/sysclk.o
 .debug_frame   0x00000868       0x28 src/ASF/sam/boards/arduino_due_x/init.o
 .debug_frame   0x00000890      0x2b8 src/ASF/sam/drivers/pio/pio.o
 .debug_frame   0x00000b48       0xf0 src/ASF/sam/drivers/pio/pio_handler.o
 .debug_frame   0x00000c38      0x42c src/ASF/sam/drivers/pmc/pmc.o
 .debug_frame   0x00001064       0x20 src/ASF/sam/utils/cmsis/sam3x/source/templates/exceptions.o
 .debug_frame   0x00001084       0x28 src/ASF/sam/utils/cmsis/sam3x/source/templates/gcc/startup_sam3x.o
 .debug_frame   0x000010ac       0x40 src/ASF/sam/utils/cmsis/sam3x/source/templates/system_sam3x.o
 .debug_frame   0x000010ec       0x2c d:/atmel studio 7/7.0/toolchain/arm/arm-gnu-toolchain/bin/../lib/gcc/arm-none-eabi/5.3.1/../../../../arm-none-eabi/lib/armv7-m\libc.a(lib_a-init.o)
 .debug_frame   0x00001118       0x50 d:/atmel studio 7/7.0/toolchain/arm/arm-gnu-toolchain/bin/../lib/gcc/arm-none-eabi/5.3.1/../../../../arm-none-eabi/lib/armv7-m\libc.a(lib_a-__call_atexit.o)
 .debug_frame   0x00001168       0x20 d:/atmel studio 7/7.0/toolchain/arm/arm-gnu-toolchain/bin/../lib/gcc/arm-none-eabi/5.3.1/../../../../arm-none-eabi/lib/armv7-m\libc.a(lib_a-atexit.o)
 .debug_frame   0x00001188       0x34 d:/atmel studio 7/7.0/toolchain/arm/arm-gnu-toolchain/bin/../lib/gcc/arm-none-eabi/5.3.1/../../../../arm-none-eabi/lib/armv7-m\libc.a(lib_a-fini.o)
 .debug_frame   0x000011bc       0x34 d:/atmel studio 7/7.0/toolchain/arm/arm-gnu-toolchain/bin/../lib/gcc/arm-none-eabi/5.3.1/../../../../arm-none-eabi/lib/armv7-m\libc.a(lib_a-__atexit.o)

Cross Reference Table

Symbol                                            File
ADC_Handler                                       src/ASF/sam/utils/cmsis/sam3x/source/templates/exceptions.o
                                                  src/ASF/sam/utils/cmsis/sam3x/source/templates/gcc/startup_sam3x.o
BusFault_Handler                                  src/ASF/sam/utils/cmsis/sam3x/source/templates/exceptions.o
                                                  src/ASF/sam/utils/cmsis/sam3x/source/templates/gcc/startup_sam3x.o
CAN0_Handler                                      src/ASF/sam/utils/cmsis/sam3x/source/templates/exceptions.o
                                                  src/ASF/sam/utils/cmsis/sam3x/source/templates/gcc/startup_sam3x.o
CAN1_Handler                                      src/ASF/sam/utils/cmsis/sam3x/source/templates/exceptions.o
                                                  src/ASF/sam/utils/cmsis/sam3x/source/templates/gcc/startup_sam3x.o
DACC_Handler                                      src/ASF/sam/utils/cmsis/sam3x/source/templates/exceptions.o
                                                  src/ASF/sam/utils/cmsis/sam3x/source/templates/gcc/startup_sam3x.o
DMAC_Handler                                      src/ASF/sam/utils/cmsis/sam3x/source/templates/exceptions.o
                                                  src/ASF/sam/utils/cmsis/sam3x/source/templates/gcc/startup_sam3x.o
DebugMon_Handler                                  src/ASF/sam/utils/cmsis/sam3x/source/templates/exceptions.o
                                                  src/ASF/sam/utils/cmsis/sam3x/source/templates/gcc/startup_sam3x.o
Dummy_Handler                                     src/ASF/sam/utils/cmsis/sam3x/source/templates/exceptions.o
EFC0_Handler                                      src/ASF/sam/utils/cmsis/sam3x/source/templates/exceptions.o
                                                  src/ASF/sam/utils/cmsis/sam3x/source/templates/gcc/startup_sam3x.o
EFC1_Handler                                      src/ASF/sam/utils/cmsis/sam3x/source/templates/exceptions.o
                                                  src/ASF/sam/utils/cmsis/sam3x/source/templates/gcc/startup_sam3x.o
EMAC_Handler                                      src/ASF/sam/utils/cmsis/sam3x/source/templates/exceptions.o
                                                  src/ASF/sam/utils/cmsis/sam3x/source/templates/gcc/startup_sam3x.o
HSMCI_Handler                                     src/ASF/sam/utils/cmsis/sam3x/source/templates/exceptions.o
                                                  src/ASF/sam/utils/cmsis/sam3x/source/templates/gcc/startup_sam3x.o
HardFault_Handler                                 src/ASF/sam/utils/cmsis/sam3x/source/templates/exceptions.o
                                                  src/ASF/sam/utils/cmsis/sam3x/source/templates/gcc/startup_sam3x.o
MemManage_Handler                                 src/ASF/sam/utils/cmsis/sam3x/source/templates/exceptions.o
                                                  src/ASF/sam/utils/cmsis/sam3x/source/templates/gcc/startup_sam3x.o
NMI_Handler                                       src/ASF/sam/utils/cmsis/sam3x/source/templates/exceptions.o
                                                  src/ASF/sam/utils/cmsis/sam3x/source/templates/gcc/startup_sam3x.o
PIOA_Handler                                      src/ASF/sam/drivers/pio/pio_handler.o
                                                  src/ASF/sam/utils/cmsis/sam3x/source/templates/gcc/startup_sam3x.o
PIOB_Handler                                      src/ASF/sam/drivers/pio/pio_handler.o
                                                  src/ASF/sam/utils/cmsis/sam3x/source/templates/gcc/startup_sam3x.o
PIOC_Handler                                      src/ASF/sam/drivers/pio/pio_handler.o
                                                  src/ASF/sam/utils/cmsis/sam3x/source/templates/gcc/startup_sam3x.o
PIOD_Handler                                      src/ASF/sam/drivers/pio/pio_handler.o
                                                  src/ASF/sam/utils/cmsis/sam3x/source/templates/gcc/startup_sam3x.o
PMC_Handler                                       src/ASF/sam/utils/cmsis/sam3x/source/templates/exceptions.o
                                                  src/ASF/sam/utils/cmsis/sam3x/source/templates/gcc/startup_sam3x.o
PWM_Handler                                       src/ASF/sam/utils/cmsis/sam3x/source/templates/exceptions.o
                                                  src/ASF/sam/utils/cmsis/sam3x/source/templates/gcc/startup_sam3x.o
PendSV_Handler                                    src/ASF/sam/utils/cmsis/sam3x/source/templates/exceptions.o
                                                  src/ASF/sam/utils/cmsis/sam3x/source/templates/gcc/startup_sam3x.o
RSTC_Handler                                      src/ASF/sam/utils/cmsis/sam3x/source/templates/exceptions.o
                                                  src/ASF/sam/utils/cmsis/sam3x/source/templates/gcc/startup_sam3x.o
RTC_Handler                                       src/ASF/sam/utils/cmsis/sam3x/source/templates/exceptions.o
                                                  src/ASF/sam/utils/cmsis/sam3x/source/templates/gcc/startup_sam3x.o
RTT_Handler                                       src/ASF/sam/utils/cmsis/sam3x/source/templates/exceptions.o
                                                  src/ASF/sam/utils/cmsis/sam3x/source/templates/gcc/startup_sam3x.o
Reset_Handler                                     src/ASF/sam/utils/cmsis/sam3x/source/templates/gcc/startup_sam3x.o
SMC_Handler                                       src/ASF/sam/utils/cmsis/sam3x/source/templates/exceptions.o
                                                  src/ASF/sam/utils/cmsis/sam3x/source/templates/gcc/startup_sam3x.o
SPI0_Handler                                      src/ASF/sam/utils/cmsis/sam3x/source/templates/exceptions.o
                                                  src/ASF/sam/utils/cmsis/sam3x/source/templates/gcc/startup_sam3x.o
SSC_Handler                                       src/ASF/sam/utils/cmsis/sam3x/source/templates/exceptions.o
                                                  src/ASF/sam/utils/cmsis/sam3x/source/templates/gcc/startup_sam3x.o
SUPC_Handler                                      src/ASF/sam/utils/cmsis/sam3x/source/templates/exceptions.o
                                                  src/ASF/sam/utils/cmsis/sam3x/source/templates/gcc/startup_sam3x.o
SVC_Handler                                       src/ASF/sam/utils/cmsis/sam3x/source/templates/exceptions.o
                                                  src/ASF/sam/utils/cmsis/sam3x/source/templates/gcc/startup_sam3x.o
SysTick_Handler                                   src/ASF/sam/utils/cmsis/sam3x/source/templates/exceptions.o
                                                  src/ASF/sam/utils/cmsis/sam3x/source/templates/gcc/startup_sam3x.o
SystemCoreClock                                   src/ASF/sam/utils/cmsis/sam3x/source/templates/system_sam3x.o
SystemCoreClockUpdate                             src/ASF/sam/utils/cmsis/sam3x/source/templates/system_sam3x.o
                                                  src/ASF/common/services/clock/sam3x/sysclk.o
SystemInit                                        src/ASF/sam/utils/cmsis/sam3x/source/templates/system_sam3x.o
TC0_Handler                                       src/Filter/Filter.o
                                                  src/ASF/sam/utils/cmsis/sam3x/source/templates/gcc/startup_sam3x.o
TC1_Handler                                       src/ASF/sam/utils/cmsis/sam3x/source/templates/exceptions.o
                                                  src/ASF/sam/utils/cmsis/sam3x/source/templates/gcc/startup_sam3x.o
TC2_Handler                                       src/ASF/sam/utils/cmsis/sam3x/source/templates/exceptions.o
                                                  src/ASF/sam/utils/cmsis/sam3x/source/templates/gcc/startup_sam3x.o
TC3_Handler                                       src/ASF/sam/utils/cmsis/sam3x/source/templates/exceptions.o
                                                  src/ASF/sam/utils/cmsis/sam3x/source/templates/gcc/startup_sam3x.o
TC4_Handler                                       src/ASF/sam/utils/cmsis/sam3x/source/templates/exceptions.o
                                                  src/ASF/sam/utils/cmsis/sam3x/source/templates/gcc/startup_sam3x.o
TC5_Handler                                       src/ASF/sam/utils/cmsis/sam3x/source/templates/exceptions.o
                                                  src/ASF/sam/utils/cmsis/sam3x/source/templates/gcc/startup_sam3x.o
TC6_Handler                                       src/ASF/sam/utils/cmsis/sam3x/source/templates/exceptions.o
                                                  src/ASF/sam/utils/cmsis/sam3x/source/templates/gcc/startup_sam3x.o
TC7_Handler                                       src/ASF/sam/utils/cmsis/sam3x/source/templates/exceptions.o
                                                  src/ASF/sam/utils/cmsis/sam3x/source/templates/gcc/startup_sam3x.o
TC8_Handler                                       src/ASF/sam/utils/cmsis/sam3x/source/templates/exceptions.o
                                                  src/ASF/sam/utils/cmsis/sam3x/source/templates/gcc/startup_sam3x.o
TRNG_Handler                                      src/ASF/sam/utils/cmsis/sam3x/source/templates/exceptions.o
                                                  src/ASF/sam/utils/cmsis/sam3x/source/templates/gcc/startup_sam3x.o
TWI0_Handler                                      src/ASF/sam/utils/cmsis/sam3x/source/templates/exceptions.o
                                                  src/ASF/sam/utils/cmsis/sam3x/source/templates/gcc/startup_sam3x.o
TWI1_Handler                                      src/ASF/sam/utils/cmsis/sam3x/source/templates/exceptions.o
                                                  src/ASF/sam/utils/cmsis/sam3x/source/templates/gcc/startup_sam3x.o
UART_Handler                                      src/ASF/sam/utils/cmsis/sam3x/source/templates/exceptions.o
                                                  src/ASF/sam/utils/cmsis/sam3x/source/templates/gcc/startup_sam3x.o
UOTGHS_Handler                                    src/ASF/sam/utils/cmsis/sam3x/source/templates/exceptions.o
                                                  src/ASF/sam/utils/cmsis/sam3x/source/templates/gcc/startup_sam3x.o
USART0_Handler                                    src/ASF/sam/utils/cmsis/sam3x/source/templates/exceptions.o
                                                  src/ASF/sam/utils/cmsis/sam3x/source/templates/gcc/startup_sam3x.o
USART1_Handler                                    src/ASF/sam/utils/cmsis/sam3x/source/templates/exceptions.o
                                                  src/ASF/sam/utils/cmsis/sam3x/source/templates/gcc/startup_sam3x.o
USART2_Handler                                    src/ASF/sam/utils/cmsis/sam3x/source/templates/exceptions.o
                                                  src/ASF/sam/utils/cmsis/sam3x/source/templates/gcc/startup_sam3x.o
USART3_Handler                                    src/ASF/sam/utils/cmsis/sam3x/source/templates/exceptions.o
                                                  src/ASF/sam/utils/cmsis/sam3x/source/templates/gcc/startup_sam3x.o
UsageFault_Handler                                src/ASF/sam/utils/cmsis/sam3x/source/templates/exceptions.o
                                                  src/ASF/sam/utils/cmsis/sam3x/source/templates/gcc/startup_sam3x.o
WDT_Handler                                       src/ASF/sam/utils/cmsis/sam3x/source/templates/exceptions.o
                                                  src/ASF/sam/utils/cmsis/sam3x/source/templates/gcc/startup_sam3x.o
_Jv_RegisterClasses                               d:/atmel studio 7/7.0/toolchain/arm/arm-gnu-toolchain/bin/../lib/gcc/arm-none-eabi/5.3.1/armv7-m/crtbegin.o
_PathLocale                                       d:/atmel studio 7/7.0/toolchain/arm/arm-gnu-toolchain/bin/../lib/gcc/arm-none-eabi/5.3.1/../../../../arm-none-eabi/lib/armv7-m\libc.a(lib_a-locale.o)
__adddf3                                          d:/atmel studio 7/7.0/toolchain/arm/arm-gnu-toolchain/bin/../lib/gcc/arm-none-eabi/5.3.1/armv7-m\libgcc.a(_arm_addsubdf3.o)
__addsf3                                          d:/atmel studio 7/7.0/toolchain/arm/arm-gnu-toolchain/bin/../lib/gcc/arm-none-eabi/5.3.1/armv7-m\libgcc.a(_arm_addsubsf3.o)
__aeabi_d2f                                       d:/atmel studio 7/7.0/toolchain/arm/arm-gnu-toolchain/bin/../lib/gcc/arm-none-eabi/5.3.1/armv7-m\libgcc.a(_arm_truncdfsf2.o)
                                                  src/Filter/twofiveToFivekHz.o
                                                  src/Filter/sevenToNinekHz.o
                                                  src/Filter/oneHzToTwoFivekHz.o
                                                  src/Filter/fiveToSevenkHz.o
__aeabi_dadd                                      d:/atmel studio 7/7.0/toolchain/arm/arm-gnu-toolchain/bin/../lib/gcc/arm-none-eabi/5.3.1/armv7-m\libgcc.a(_arm_addsubdf3.o)
__aeabi_ddiv                                      d:/atmel studio 7/7.0/toolchain/arm/arm-gnu-toolchain/bin/../lib/gcc/arm-none-eabi/5.3.1/armv7-m\libgcc.a(_arm_muldivdf3.o)
__aeabi_dmul                                      d:/atmel studio 7/7.0/toolchain/arm/arm-gnu-toolchain/bin/../lib/gcc/arm-none-eabi/5.3.1/armv7-m\libgcc.a(_arm_muldivdf3.o)
                                                  src/Filter/twofiveToFivekHz.o
                                                  src/Filter/sevenToNinekHz.o
                                                  src/Filter/oneHzToTwoFivekHz.o
                                                  src/Filter/fiveToSevenkHz.o
__aeabi_drsub                                     d:/atmel studio 7/7.0/toolchain/arm/arm-gnu-toolchain/bin/../lib/gcc/arm-none-eabi/5.3.1/armv7-m\libgcc.a(_arm_addsubdf3.o)
__aeabi_dsub                                      d:/atmel studio 7/7.0/toolchain/arm/arm-gnu-toolchain/bin/../lib/gcc/arm-none-eabi/5.3.1/armv7-m\libgcc.a(_arm_addsubdf3.o)
__aeabi_f2d                                       d:/atmel studio 7/7.0/toolchain/arm/arm-gnu-toolchain/bin/../lib/gcc/arm-none-eabi/5.3.1/armv7-m\libgcc.a(_arm_addsubdf3.o)
__aeabi_f2iz                                      d:/atmel studio 7/7.0/toolchain/arm/arm-gnu-toolchain/bin/../lib/gcc/arm-none-eabi/5.3.1/armv7-m\libgcc.a(_arm_fixsfsi.o)
                                                  src/Filter/twofiveToFivekHz.o
                                                  src/Filter/sevenToNinekHz.o
                                                  src/Filter/oneHzToTwoFivekHz.o
                                                  src/Filter/fiveToSevenkHz.o
__aeabi_fadd                                      d:/atmel studio 7/7.0/toolchain/arm/arm-gnu-toolchain/bin/../lib/gcc/arm-none-eabi/5.3.1/armv7-m\libgcc.a(_arm_addsubsf3.o)
__aeabi_frsub                                     d:/atmel studio 7/7.0/toolchain/arm/arm-gnu-toolchain/bin/../lib/gcc/arm-none-eabi/5.3.1/armv7-m\libgcc.a(_arm_addsubsf3.o)
__aeabi_fsub                                      d:/atmel studio 7/7.0/toolchain/arm/arm-gnu-toolchain/bin/../lib/gcc/arm-none-eabi/5.3.1/armv7-m\libgcc.a(_arm_addsubsf3.o)
__aeabi_i2d                                       d:/atmel studio 7/7.0/toolchain/arm/arm-gnu-toolchain/bin/../lib/gcc/arm-none-eabi/5.3.1/armv7-m\libgcc.a(_arm_addsubdf3.o)
                                                  src/Filter/twofiveToFivekHz.o
                                                  src/Filter/sevenToNinekHz.o
                                                  src/Filter/oneHzToTwoFivekHz.o
                                                  src/Filter/fiveToSevenkHz.o
__aeabi_i2f                                       d:/atmel studio 7/7.0/toolchain/arm/arm-gnu-toolchain/bin/../lib/gcc/arm-none-eabi/5.3.1/armv7-m\libgcc.a(_arm_addsubsf3.o)
                                                  src/Filter/twofiveToFivekHz.o
                                                  src/Filter/sevenToNinekHz.o
                                                  src/Filter/oneHzToTwoFivekHz.o
                                                  src/Filter/fiveToSevenkHz.o
__aeabi_idiv0                                     d:/atmel studio 7/7.0/toolchain/arm/arm-gnu-toolchain/bin/../lib/gcc/arm-none-eabi/5.3.1/armv7-m\libgcc.a(_dvmd_tls.o)
__aeabi_l2d                                       d:/atmel studio 7/7.0/toolchain/arm/arm-gnu-toolchain/bin/../lib/gcc/arm-none-eabi/5.3.1/armv7-m\libgcc.a(_arm_addsubdf3.o)
__aeabi_l2f                                       d:/atmel studio 7/7.0/toolchain/arm/arm-gnu-toolchain/bin/../lib/gcc/arm-none-eabi/5.3.1/armv7-m\libgcc.a(_arm_addsubsf3.o)
__aeabi_ldiv0                                     d:/atmel studio 7/7.0/toolchain/arm/arm-gnu-toolchain/bin/../lib/gcc/arm-none-eabi/5.3.1/armv7-m\libgcc.a(_dvmd_tls.o)
                                                  d:/atmel studio 7/7.0/toolchain/arm/arm-gnu-toolchain/bin/../lib/gcc/arm-none-eabi/5.3.1/armv7-m\libgcc.a(_aeabi_uldivmod.o)
__aeabi_ui2d                                      d:/atmel studio 7/7.0/toolchain/arm/arm-gnu-toolchain/bin/../lib/gcc/arm-none-eabi/5.3.1/armv7-m\libgcc.a(_arm_addsubdf3.o)
__aeabi_ui2f                                      d:/atmel studio 7/7.0/toolchain/arm/arm-gnu-toolchain/bin/../lib/gcc/arm-none-eabi/5.3.1/armv7-m\libgcc.a(_arm_addsubsf3.o)
__aeabi_ul2d                                      d:/atmel studio 7/7.0/toolchain/arm/arm-gnu-toolchain/bin/../lib/gcc/arm-none-eabi/5.3.1/armv7-m\libgcc.a(_arm_addsubdf3.o)
__aeabi_ul2f                                      d:/atmel studio 7/7.0/toolchain/arm/arm-gnu-toolchain/bin/../lib/gcc/arm-none-eabi/5.3.1/armv7-m\libgcc.a(_arm_addsubsf3.o)
__aeabi_uldivmod                                  d:/atmel studio 7/7.0/toolchain/arm/arm-gnu-toolchain/bin/../lib/gcc/arm-none-eabi/5.3.1/armv7-m\libgcc.a(_aeabi_uldivmod.o)
                                                  d:/atmel studio 7/7.0/toolchain/arm/arm-gnu-toolchain/bin/../lib/gcc/arm-none-eabi/5.3.1/../../../../arm-none-eabi/lib/armv7-m\libc.a(lib_a-vfiprintf.o)
__ascii_wctomb                                    d:/atmel studio 7/7.0/toolchain/arm/arm-gnu-toolchain/bin/../lib/gcc/arm-none-eabi/5.3.1/../../../../arm-none-eabi/lib/armv7-m\libc.a(lib_a-wctomb_r.o)
__bss_end__                                       d:/atmel studio 7/7.0/toolchain/arm/arm-gnu-toolchain/bin/../lib/gcc/arm-none-eabi/5.3.1/../../../../arm-none-eabi/lib/armv7-m/crt0.o
__bss_start__                                     d:/atmel studio 7/7.0/toolchain/arm/arm-gnu-toolchain/bin/../lib/gcc/arm-none-eabi/5.3.1/../../../../arm-none-eabi/lib/armv7-m/crt0.o
__call_exitprocs                                  d:/atmel studio 7/7.0/toolchain/arm/arm-gnu-toolchain/bin/../lib/gcc/arm-none-eabi/5.3.1/../../../../arm-none-eabi/lib/armv7-m\libc.a(lib_a-__call_atexit.o)
                                                  d:/atmel studio 7/7.0/toolchain/arm/arm-gnu-toolchain/bin/../lib/gcc/arm-none-eabi/5.3.1/../../../../arm-none-eabi/lib/armv7-m\libc.a(lib_a-exit.o)
__deregister_frame_info                           d:/atmel studio 7/7.0/toolchain/arm/arm-gnu-toolchain/bin/../lib/gcc/arm-none-eabi/5.3.1/armv7-m/crtbegin.o
__divdf3                                          d:/atmel studio 7/7.0/toolchain/arm/arm-gnu-toolchain/bin/../lib/gcc/arm-none-eabi/5.3.1/armv7-m\libgcc.a(_arm_muldivdf3.o)
__dso_handle                                      d:/atmel studio 7/7.0/toolchain/arm/arm-gnu-toolchain/bin/../lib/gcc/arm-none-eabi/5.3.1/armv7-m/crtbegin.o
__extendsfdf2                                     d:/atmel studio 7/7.0/toolchain/arm/arm-gnu-toolchain/bin/../lib/gcc/arm-none-eabi/5.3.1/armv7-m\libgcc.a(_arm_addsubdf3.o)
__fini_array_end                                  d:/atmel studio 7/7.0/toolchain/arm/arm-gnu-toolchain/bin/../lib/gcc/arm-none-eabi/5.3.1/../../../../arm-none-eabi/lib/armv7-m\libc.a(lib_a-fini.o)
__fini_array_start                                d:/atmel studio 7/7.0/toolchain/arm/arm-gnu-toolchain/bin/../lib/gcc/arm-none-eabi/5.3.1/../../../../arm-none-eabi/lib/armv7-m\libc.a(lib_a-fini.o)
__fixsfsi                                         d:/atmel studio 7/7.0/toolchain/arm/arm-gnu-toolchain/bin/../lib/gcc/arm-none-eabi/5.3.1/armv7-m\libgcc.a(_arm_fixsfsi.o)
__floatdidf                                       d:/atmel studio 7/7.0/toolchain/arm/arm-gnu-toolchain/bin/../lib/gcc/arm-none-eabi/5.3.1/armv7-m\libgcc.a(_arm_addsubdf3.o)
__floatdisf                                       d:/atmel studio 7/7.0/toolchain/arm/arm-gnu-toolchain/bin/../lib/gcc/arm-none-eabi/5.3.1/armv7-m\libgcc.a(_arm_addsubsf3.o)
__floatsidf                                       d:/atmel studio 7/7.0/toolchain/arm/arm-gnu-toolchain/bin/../lib/gcc/arm-none-eabi/5.3.1/armv7-m\libgcc.a(_arm_addsubdf3.o)
__floatsisf                                       d:/atmel studio 7/7.0/toolchain/arm/arm-gnu-toolchain/bin/../lib/gcc/arm-none-eabi/5.3.1/armv7-m\libgcc.a(_arm_addsubsf3.o)
__floatundidf                                     d:/atmel studio 7/7.0/toolchain/arm/arm-gnu-toolchain/bin/../lib/gcc/arm-none-eabi/5.3.1/armv7-m\libgcc.a(_arm_addsubdf3.o)
__floatundisf                                     d:/atmel studio 7/7.0/toolchain/arm/arm-gnu-toolchain/bin/../lib/gcc/arm-none-eabi/5.3.1/armv7-m\libgcc.a(_arm_addsubsf3.o)
__floatunsidf                                     d:/atmel studio 7/7.0/toolchain/arm/arm-gnu-toolchain/bin/../lib/gcc/arm-none-eabi/5.3.1/armv7-m\libgcc.a(_arm_addsubdf3.o)
__floatunsisf                                     d:/atmel studio 7/7.0/toolchain/arm/arm-gnu-toolchain/bin/../lib/gcc/arm-none-eabi/5.3.1/armv7-m\libgcc.a(_arm_addsubsf3.o)
__fp_lock_all                                     d:/atmel studio 7/7.0/toolchain/arm/arm-gnu-toolchain/bin/../lib/gcc/arm-none-eabi/5.3.1/../../../../arm-none-eabi/lib/armv7-m\libc.a(lib_a-findfp.o)
__fp_unlock_all                                   d:/atmel studio 7/7.0/toolchain/arm/arm-gnu-toolchain/bin/../lib/gcc/arm-none-eabi/5.3.1/../../../../arm-none-eabi/lib/armv7-m\libc.a(lib_a-findfp.o)
__fputwc                                          d:/atmel studio 7/7.0/toolchain/arm/arm-gnu-toolchain/bin/../lib/gcc/arm-none-eabi/5.3.1/../../../../arm-none-eabi/lib/armv7-m\libc.a(lib_a-fputwc.o)
__init_array_end                                  d:/atmel studio 7/7.0/toolchain/arm/arm-gnu-toolchain/bin/../lib/gcc/arm-none-eabi/5.3.1/../../../../arm-none-eabi/lib/armv7-m\libc.a(lib_a-init.o)
__init_array_start                                d:/atmel studio 7/7.0/toolchain/arm/arm-gnu-toolchain/bin/../lib/gcc/arm-none-eabi/5.3.1/../../../../arm-none-eabi/lib/armv7-m\libc.a(lib_a-init.o)
__libc_fini                                       d:/atmel studio 7/7.0/toolchain/arm/arm-gnu-toolchain/bin/../lib/gcc/arm-none-eabi/5.3.1/../../../../arm-none-eabi/lib/armv7-m\libc.a(lib_a-__call_atexit.o)
__libc_fini_array                                 d:/atmel studio 7/7.0/toolchain/arm/arm-gnu-toolchain/bin/../lib/gcc/arm-none-eabi/5.3.1/../../../../arm-none-eabi/lib/armv7-m\libc.a(lib_a-fini.o)
                                                  d:/atmel studio 7/7.0/toolchain/arm/arm-gnu-toolchain/bin/../lib/gcc/arm-none-eabi/5.3.1/../../../../arm-none-eabi/lib/armv7-m\libc.a(lib_a-__call_atexit.o)
                                                  d:/atmel studio 7/7.0/toolchain/arm/arm-gnu-toolchain/bin/../lib/gcc/arm-none-eabi/5.3.1/../../../../arm-none-eabi/lib/armv7-m/crt0.o
__libc_init_array                                 d:/atmel studio 7/7.0/toolchain/arm/arm-gnu-toolchain/bin/../lib/gcc/arm-none-eabi/5.3.1/../../../../arm-none-eabi/lib/armv7-m\libc.a(lib_a-init.o)
                                                  src/ASF/sam/utils/cmsis/sam3x/source/templates/gcc/startup_sam3x.o
                                                  d:/atmel studio 7/7.0/toolchain/arm/arm-gnu-toolchain/bin/../lib/gcc/arm-none-eabi/5.3.1/../../../../arm-none-eabi/lib/armv7-m/crt0.o
__locale_charset                                  d:/atmel studio 7/7.0/toolchain/arm/arm-gnu-toolchain/bin/../lib/gcc/arm-none-eabi/5.3.1/../../../../arm-none-eabi/lib/armv7-m\libc.a(lib_a-locale.o)
                                                  d:/atmel studio 7/7.0/toolchain/arm/arm-gnu-toolchain/bin/../lib/gcc/arm-none-eabi/5.3.1/../../../../arm-none-eabi/lib/armv7-m\libc.a(lib_a-wctomb_r.o)
                                                  d:/atmel studio 7/7.0/toolchain/arm/arm-gnu-toolchain/bin/../lib/gcc/arm-none-eabi/5.3.1/../../../../arm-none-eabi/lib/armv7-m\libc.a(lib_a-wcrtomb.o)
__locale_cjk_lang                                 d:/atmel studio 7/7.0/toolchain/arm/arm-gnu-toolchain/bin/../lib/gcc/arm-none-eabi/5.3.1/../../../../arm-none-eabi/lib/armv7-m\libc.a(lib_a-locale.o)
__locale_mb_cur_max                               d:/atmel studio 7/7.0/toolchain/arm/arm-gnu-toolchain/bin/../lib/gcc/arm-none-eabi/5.3.1/../../../../arm-none-eabi/lib/armv7-m\libc.a(lib_a-locale.o)
                                                  d:/atmel studio 7/7.0/toolchain/arm/arm-gnu-toolchain/bin/../lib/gcc/arm-none-eabi/5.3.1/../../../../arm-none-eabi/lib/armv7-m\libc.a(lib_a-fputwc.o)
__locale_msgcharset                               d:/atmel studio 7/7.0/toolchain/arm/arm-gnu-toolchain/bin/../lib/gcc/arm-none-eabi/5.3.1/../../../../arm-none-eabi/lib/armv7-m\libc.a(lib_a-locale.o)
__malloc_av_                                      d:/atmel studio 7/7.0/toolchain/arm/arm-gnu-toolchain/bin/../lib/gcc/arm-none-eabi/5.3.1/../../../../arm-none-eabi/lib/armv7-m\libc.a(lib_a-mallocr.o)
                                                  d:/atmel studio 7/7.0/toolchain/arm/arm-gnu-toolchain/bin/../lib/gcc/arm-none-eabi/5.3.1/../../../../arm-none-eabi/lib/armv7-m\libc.a(lib_a-reallocr.o)
                                                  d:/atmel studio 7/7.0/toolchain/arm/arm-gnu-toolchain/bin/../lib/gcc/arm-none-eabi/5.3.1/../../../../arm-none-eabi/lib/armv7-m\libc.a(lib_a-freer.o)
__malloc_current_mallinfo                         d:/atmel studio 7/7.0/toolchain/arm/arm-gnu-toolchain/bin/../lib/gcc/arm-none-eabi/5.3.1/../../../../arm-none-eabi/lib/armv7-m\libc.a(lib_a-mallocr.o)
                                                  d:/atmel studio 7/7.0/toolchain/arm/arm-gnu-toolchain/bin/../lib/gcc/arm-none-eabi/5.3.1/../../../../arm-none-eabi/lib/armv7-m\libc.a(lib_a-freer.o)
__malloc_lock                                     d:/atmel studio 7/7.0/toolchain/arm/arm-gnu-toolchain/bin/../lib/gcc/arm-none-eabi/5.3.1/../../../../arm-none-eabi/lib/armv7-m\libc.a(lib_a-mlock.o)
                                                  d:/atmel studio 7/7.0/toolchain/arm/arm-gnu-toolchain/bin/../lib/gcc/arm-none-eabi/5.3.1/../../../../arm-none-eabi/lib/armv7-m\libc.a(lib_a-reallocr.o)
                                                  d:/atmel studio 7/7.0/toolchain/arm/arm-gnu-toolchain/bin/../lib/gcc/arm-none-eabi/5.3.1/../../../../arm-none-eabi/lib/armv7-m\libc.a(lib_a-mallocr.o)
                                                  d:/atmel studio 7/7.0/toolchain/arm/arm-gnu-toolchain/bin/../lib/gcc/arm-none-eabi/5.3.1/../../../../arm-none-eabi/lib/armv7-m\libc.a(lib_a-freer.o)
__malloc_max_sbrked_mem                           d:/atmel studio 7/7.0/toolchain/arm/arm-gnu-toolchain/bin/../lib/gcc/arm-none-eabi/5.3.1/../../../../arm-none-eabi/lib/armv7-m\libc.a(lib_a-mallocr.o)
__malloc_max_total_mem                            d:/atmel studio 7/7.0/toolchain/arm/arm-gnu-toolchain/bin/../lib/gcc/arm-none-eabi/5.3.1/../../../../arm-none-eabi/lib/armv7-m\libc.a(lib_a-mallocr.o)
__malloc_sbrk_base                                d:/atmel studio 7/7.0/toolchain/arm/arm-gnu-toolchain/bin/../lib/gcc/arm-none-eabi/5.3.1/../../../../arm-none-eabi/lib/armv7-m\libc.a(lib_a-mallocr.o)
                                                  d:/atmel studio 7/7.0/toolchain/arm/arm-gnu-toolchain/bin/../lib/gcc/arm-none-eabi/5.3.1/../../../../arm-none-eabi/lib/armv7-m\libc.a(lib_a-freer.o)
__malloc_top_pad                                  d:/atmel studio 7/7.0/toolchain/arm/arm-gnu-toolchain/bin/../lib/gcc/arm-none-eabi/5.3.1/../../../../arm-none-eabi/lib/armv7-m\libc.a(lib_a-mallocr.o)
                                                  d:/atmel studio 7/7.0/toolchain/arm/arm-gnu-toolchain/bin/../lib/gcc/arm-none-eabi/5.3.1/../../../../arm-none-eabi/lib/armv7-m\libc.a(lib_a-freer.o)
__malloc_trim_threshold                           d:/atmel studio 7/7.0/toolchain/arm/arm-gnu-toolchain/bin/../lib/gcc/arm-none-eabi/5.3.1/../../../../arm-none-eabi/lib/armv7-m\libc.a(lib_a-mallocr.o)
                                                  d:/atmel studio 7/7.0/toolchain/arm/arm-gnu-toolchain/bin/../lib/gcc/arm-none-eabi/5.3.1/../../../../arm-none-eabi/lib/armv7-m\libc.a(lib_a-freer.o)
__malloc_unlock                                   d:/atmel studio 7/7.0/toolchain/arm/arm-gnu-toolchain/bin/../lib/gcc/arm-none-eabi/5.3.1/../../../../arm-none-eabi/lib/armv7-m\libc.a(lib_a-mlock.o)
                                                  d:/atmel studio 7/7.0/toolchain/arm/arm-gnu-toolchain/bin/../lib/gcc/arm-none-eabi/5.3.1/../../../../arm-none-eabi/lib/armv7-m\libc.a(lib_a-reallocr.o)
                                                  d:/atmel studio 7/7.0/toolchain/arm/arm-gnu-toolchain/bin/../lib/gcc/arm-none-eabi/5.3.1/../../../../arm-none-eabi/lib/armv7-m\libc.a(lib_a-mallocr.o)
                                                  d:/atmel studio 7/7.0/toolchain/arm/arm-gnu-toolchain/bin/../lib/gcc/arm-none-eabi/5.3.1/../../../../arm-none-eabi/lib/armv7-m\libc.a(lib_a-freer.o)
__mb_cur_max                                      d:/atmel studio 7/7.0/toolchain/arm/arm-gnu-toolchain/bin/../lib/gcc/arm-none-eabi/5.3.1/../../../../arm-none-eabi/lib/armv7-m\libc.a(lib_a-locale.o)
__mlocale_changed                                 d:/atmel studio 7/7.0/toolchain/arm/arm-gnu-toolchain/bin/../lib/gcc/arm-none-eabi/5.3.1/../../../../arm-none-eabi/lib/armv7-m\libc.a(lib_a-locale.o)
__muldf3                                          d:/atmel studio 7/7.0/toolchain/arm/arm-gnu-toolchain/bin/../lib/gcc/arm-none-eabi/5.3.1/armv7-m\libgcc.a(_arm_muldivdf3.o)
__nlocale_changed                                 d:/atmel studio 7/7.0/toolchain/arm/arm-gnu-toolchain/bin/../lib/gcc/arm-none-eabi/5.3.1/../../../../arm-none-eabi/lib/armv7-m\libc.a(lib_a-locale.o)
__preinit_array_end                               d:/atmel studio 7/7.0/toolchain/arm/arm-gnu-toolchain/bin/../lib/gcc/arm-none-eabi/5.3.1/../../../../arm-none-eabi/lib/armv7-m\libc.a(lib_a-init.o)
__preinit_array_start                             d:/atmel studio 7/7.0/toolchain/arm/arm-gnu-toolchain/bin/../lib/gcc/arm-none-eabi/5.3.1/../../../../arm-none-eabi/lib/armv7-m\libc.a(lib_a-init.o)
__register_exitproc                               d:/atmel studio 7/7.0/toolchain/arm/arm-gnu-toolchain/bin/../lib/gcc/arm-none-eabi/5.3.1/../../../../arm-none-eabi/lib/armv7-m\libc.a(lib_a-__atexit.o)
                                                  d:/atmel studio 7/7.0/toolchain/arm/arm-gnu-toolchain/bin/../lib/gcc/arm-none-eabi/5.3.1/../../../../arm-none-eabi/lib/armv7-m\libc.a(lib_a-atexit.o)
__register_frame_info                             d:/atmel studio 7/7.0/toolchain/arm/arm-gnu-toolchain/bin/../lib/gcc/arm-none-eabi/5.3.1/armv7-m/crtbegin.o
__sclose                                          d:/atmel studio 7/7.0/toolchain/arm/arm-gnu-toolchain/bin/../lib/gcc/arm-none-eabi/5.3.1/../../../../arm-none-eabi/lib/armv7-m\libc.a(lib_a-stdio.o)
                                                  d:/atmel studio 7/7.0/toolchain/arm/arm-gnu-toolchain/bin/../lib/gcc/arm-none-eabi/5.3.1/../../../../arm-none-eabi/lib/armv7-m\libc.a(lib_a-findfp.o)
__seofread                                        d:/atmel studio 7/7.0/toolchain/arm/arm-gnu-toolchain/bin/../lib/gcc/arm-none-eabi/5.3.1/../../../../arm-none-eabi/lib/armv7-m\libc.a(lib_a-stdio.o)
__sflush_r                                        d:/atmel studio 7/7.0/toolchain/arm/arm-gnu-toolchain/bin/../lib/gcc/arm-none-eabi/5.3.1/../../../../arm-none-eabi/lib/armv7-m\libc.a(lib_a-fflush.o)
                                                  d:/atmel studio 7/7.0/toolchain/arm/arm-gnu-toolchain/bin/../lib/gcc/arm-none-eabi/5.3.1/../../../../arm-none-eabi/lib/armv7-m\libc.a(lib_a-fclose.o)
__sfmoreglue                                      d:/atmel studio 7/7.0/toolchain/arm/arm-gnu-toolchain/bin/../lib/gcc/arm-none-eabi/5.3.1/../../../../arm-none-eabi/lib/armv7-m\libc.a(lib_a-findfp.o)
__sfp                                             d:/atmel studio 7/7.0/toolchain/arm/arm-gnu-toolchain/bin/../lib/gcc/arm-none-eabi/5.3.1/../../../../arm-none-eabi/lib/armv7-m\libc.a(lib_a-findfp.o)
__sfp_lock_acquire                                d:/atmel studio 7/7.0/toolchain/arm/arm-gnu-toolchain/bin/../lib/gcc/arm-none-eabi/5.3.1/../../../../arm-none-eabi/lib/armv7-m\libc.a(lib_a-findfp.o)
                                                  d:/atmel studio 7/7.0/toolchain/arm/arm-gnu-toolchain/bin/../lib/gcc/arm-none-eabi/5.3.1/../../../../arm-none-eabi/lib/armv7-m\libc.a(lib_a-fclose.o)
__sfp_lock_release                                d:/atmel studio 7/7.0/toolchain/arm/arm-gnu-toolchain/bin/../lib/gcc/arm-none-eabi/5.3.1/../../../../arm-none-eabi/lib/armv7-m\libc.a(lib_a-findfp.o)
                                                  d:/atmel studio 7/7.0/toolchain/arm/arm-gnu-toolchain/bin/../lib/gcc/arm-none-eabi/5.3.1/../../../../arm-none-eabi/lib/armv7-m\libc.a(lib_a-fclose.o)
__sfvwrite_r                                      d:/atmel studio 7/7.0/toolchain/arm/arm-gnu-toolchain/bin/../lib/gcc/arm-none-eabi/5.3.1/../../../../arm-none-eabi/lib/armv7-m\libc.a(lib_a-fvwrite.o)
                                                  d:/atmel studio 7/7.0/toolchain/arm/arm-gnu-toolchain/bin/../lib/gcc/arm-none-eabi/5.3.1/../../../../arm-none-eabi/lib/armv7-m\libc.a(lib_a-vfiprintf.o)
                                                  d:/atmel studio 7/7.0/toolchain/arm/arm-gnu-toolchain/bin/../lib/gcc/arm-none-eabi/5.3.1/../../../../arm-none-eabi/lib/armv7-m\libc.a(lib_a-puts.o)
__sinit                                           d:/atmel studio 7/7.0/toolchain/arm/arm-gnu-toolchain/bin/../lib/gcc/arm-none-eabi/5.3.1/../../../../arm-none-eabi/lib/armv7-m\libc.a(lib_a-findfp.o)
                                                  d:/atmel studio 7/7.0/toolchain/arm/arm-gnu-toolchain/bin/../lib/gcc/arm-none-eabi/5.3.1/../../../../arm-none-eabi/lib/armv7-m\libc.a(lib_a-fclose.o)
                                                  d:/atmel studio 7/7.0/toolchain/arm/arm-gnu-toolchain/bin/../lib/gcc/arm-none-eabi/5.3.1/../../../../arm-none-eabi/lib/armv7-m\libc.a(lib_a-wbuf.o)
                                                  d:/atmel studio 7/7.0/toolchain/arm/arm-gnu-toolchain/bin/../lib/gcc/arm-none-eabi/5.3.1/../../../../arm-none-eabi/lib/armv7-m\libc.a(lib_a-fputwc.o)
                                                  d:/atmel studio 7/7.0/toolchain/arm/arm-gnu-toolchain/bin/../lib/gcc/arm-none-eabi/5.3.1/../../../../arm-none-eabi/lib/armv7-m\libc.a(lib_a-fflush.o)
                                                  d:/atmel studio 7/7.0/toolchain/arm/arm-gnu-toolchain/bin/../lib/gcc/arm-none-eabi/5.3.1/../../../../arm-none-eabi/lib/armv7-m\libc.a(lib_a-wsetup.o)
                                                  d:/atmel studio 7/7.0/toolchain/arm/arm-gnu-toolchain/bin/../lib/gcc/arm-none-eabi/5.3.1/../../../../arm-none-eabi/lib/armv7-m\libc.a(lib_a-vfiprintf.o)
                                                  d:/atmel studio 7/7.0/toolchain/arm/arm-gnu-toolchain/bin/../lib/gcc/arm-none-eabi/5.3.1/../../../../arm-none-eabi/lib/armv7-m\libc.a(lib_a-puts.o)
__sinit_lock_acquire                              d:/atmel studio 7/7.0/toolchain/arm/arm-gnu-toolchain/bin/../lib/gcc/arm-none-eabi/5.3.1/../../../../arm-none-eabi/lib/armv7-m\libc.a(lib_a-findfp.o)
__sinit_lock_release                              d:/atmel studio 7/7.0/toolchain/arm/arm-gnu-toolchain/bin/../lib/gcc/arm-none-eabi/5.3.1/../../../../arm-none-eabi/lib/armv7-m\libc.a(lib_a-findfp.o)
__smakebuf_r                                      d:/atmel studio 7/7.0/toolchain/arm/arm-gnu-toolchain/bin/../lib/gcc/arm-none-eabi/5.3.1/../../../../arm-none-eabi/lib/armv7-m\libc.a(lib_a-makebuf.o)
                                                  d:/atmel studio 7/7.0/toolchain/arm/arm-gnu-toolchain/bin/../lib/gcc/arm-none-eabi/5.3.1/../../../../arm-none-eabi/lib/armv7-m\libc.a(lib_a-wsetup.o)
__sprint_r                                        d:/atmel studio 7/7.0/toolchain/arm/arm-gnu-toolchain/bin/../lib/gcc/arm-none-eabi/5.3.1/../../../../arm-none-eabi/lib/armv7-m\libc.a(lib_a-vfiprintf.o)
__sread                                           d:/atmel studio 7/7.0/toolchain/arm/arm-gnu-toolchain/bin/../lib/gcc/arm-none-eabi/5.3.1/../../../../arm-none-eabi/lib/armv7-m\libc.a(lib_a-stdio.o)
                                                  d:/atmel studio 7/7.0/toolchain/arm/arm-gnu-toolchain/bin/../lib/gcc/arm-none-eabi/5.3.1/../../../../arm-none-eabi/lib/armv7-m\libc.a(lib_a-findfp.o)
__sseek                                           d:/atmel studio 7/7.0/toolchain/arm/arm-gnu-toolchain/bin/../lib/gcc/arm-none-eabi/5.3.1/../../../../arm-none-eabi/lib/armv7-m\libc.a(lib_a-stdio.o)
                                                  d:/atmel studio 7/7.0/toolchain/arm/arm-gnu-toolchain/bin/../lib/gcc/arm-none-eabi/5.3.1/../../../../arm-none-eabi/lib/armv7-m\libc.a(lib_a-findfp.o)
__stack                                           d:/atmel studio 7/7.0/toolchain/arm/arm-gnu-toolchain/bin/../lib/gcc/arm-none-eabi/5.3.1/../../../../arm-none-eabi/lib/armv7-m/crt0.o
__subdf3                                          d:/atmel studio 7/7.0/toolchain/arm/arm-gnu-toolchain/bin/../lib/gcc/arm-none-eabi/5.3.1/armv7-m\libgcc.a(_arm_addsubdf3.o)
__subsf3                                          d:/atmel studio 7/7.0/toolchain/arm/arm-gnu-toolchain/bin/../lib/gcc/arm-none-eabi/5.3.1/armv7-m\libgcc.a(_arm_addsubsf3.o)
__swbuf                                           d:/atmel studio 7/7.0/toolchain/arm/arm-gnu-toolchain/bin/../lib/gcc/arm-none-eabi/5.3.1/../../../../arm-none-eabi/lib/armv7-m\libc.a(lib_a-wbuf.o)