Archive member included to satisfy reference by file (symbol)

d:/atmel studio 7/7.0/toolchain/arm/arm-gnu-toolchain/bin/../lib/gcc/arm-none-eabi/5.3.1/armv7-m\libgcc.a(_arm_addsubdf3.o)
                              src/Filter/Filter.o (__aeabi_ui2d)
d:/atmel studio 7/7.0/toolchain/arm/arm-gnu-toolchain/bin/../lib/gcc/arm-none-eabi/5.3.1/armv7-m\libgcc.a(_arm_muldivdf3.o)
                              src/Filter/Filter.o (__aeabi_dmul)
d:/atmel studio 7/7.0/toolchain/arm/arm-gnu-toolchain/bin/../lib/gcc/arm-none-eabi/5.3.1/armv7-m\libgcc.a(_arm_fixunsdfsi.o)
                              src/Filter/Filter.o (__aeabi_d2uiz)
d:/atmel studio 7/7.0/toolchain/arm/arm-gnu-toolchain/bin/../lib/gcc/arm-none-eabi/5.3.1/armv7-m\libgcc.a(_arm_addsubsf3.o)
                              src/Filter/Filter.o (__aeabi_i2f)
d:/atmel studio 7/7.0/toolchain/arm/arm-gnu-toolchain/bin/../lib/gcc/arm-none-eabi/5.3.1/armv7-m\libgcc.a(_arm_fixsfsi.o)
                              src/Filter/Filter.o (__aeabi_f2iz)
d:/atmel studio 7/7.0/toolchain/arm/arm-gnu-toolchain/bin/../lib/gcc/arm-none-eabi/5.3.1/armv7-m\libgcc.a(_arm_fixunssfsi.o)
                              src/Filter/Filter.o (__aeabi_f2uiz)
d:/atmel studio 7/7.0/toolchain/arm/arm-gnu-toolchain/bin/../lib/gcc/arm-none-eabi/5.3.1/../../../../arm-none-eabi/lib/armv7-m\libc.a(lib_a-exit.o)
                              d:/atmel studio 7/7.0/toolchain/arm/arm-gnu-toolchain/bin/../lib/gcc/arm-none-eabi/5.3.1/../../../../arm-none-eabi/lib/armv7-m/crt0.o (exit)
d:/atmel studio 7/7.0/toolchain/arm/arm-gnu-toolchain/bin/../lib/gcc/arm-none-eabi/5.3.1/../../../../arm-none-eabi/lib/armv7-m\libc.a(lib_a-impure.o)
                              d:/atmel studio 7/7.0/toolchain/arm/arm-gnu-toolchain/bin/../lib/gcc/arm-none-eabi/5.3.1/../../../../arm-none-eabi/lib/armv7-m\libc.a(lib_a-exit.o) (_global_impure_ptr)
d:/atmel studio 7/7.0/toolchain/arm/arm-gnu-toolchain/bin/../lib/gcc/arm-none-eabi/5.3.1/../../../../arm-none-eabi/lib/armv7-m\libc.a(lib_a-init.o)
                              d:/atmel studio 7/7.0/toolchain/arm/arm-gnu-toolchain/bin/../lib/gcc/arm-none-eabi/5.3.1/../../../../arm-none-eabi/lib/armv7-m/crt0.o (__libc_init_array)
d:/atmel studio 7/7.0/toolchain/arm/arm-gnu-toolchain/bin/../lib/gcc/arm-none-eabi/5.3.1/../../../../arm-none-eabi/lib/armv7-m\libc.a(lib_a-iprintf.o)
                              src/ASF/sam/drivers/adc/adc.o (iprintf)
d:/atmel studio 7/7.0/toolchain/arm/arm-gnu-toolchain/bin/../lib/gcc/arm-none-eabi/5.3.1/../../../../arm-none-eabi/lib/armv7-m\libc.a(lib_a-memset.o)
                              d:/atmel studio 7/7.0/toolchain/arm/arm-gnu-toolchain/bin/../lib/gcc/arm-none-eabi/5.3.1/../../../../arm-none-eabi/lib/armv7-m/crt0.o (memset)
d:/atmel studio 7/7.0/toolchain/arm/arm-gnu-toolchain/bin/../lib/gcc/arm-none-eabi/5.3.1/../../../../arm-none-eabi/lib/armv7-m\libc.a(lib_a-puts.o)
                              src/ASF/sam/drivers/adc/adc.o (puts)
d:/atmel studio 7/7.0/toolchain/arm/arm-gnu-toolchain/bin/../lib/gcc/arm-none-eabi/5.3.1/../../../../arm-none-eabi/lib/armv7-m\libc.a(lib_a-strlen-stub.o)
                              d:/atmel studio 7/7.0/toolchain/arm/arm-gnu-toolchain/bin/../lib/gcc/arm-none-eabi/5.3.1/../../../../arm-none-eabi/lib/armv7-m\libc.a(lib_a-puts.o) (strlen)
d:/atmel studio 7/7.0/toolchain/arm/arm-gnu-toolchain/bin/../lib/gcc/arm-none-eabi/5.3.1/../../../../arm-none-eabi/lib/armv7-m\libc.a(lib_a-vfiprintf.o)
                              d:/atmel studio 7/7.0/toolchain/arm/arm-gnu-toolchain/bin/../lib/gcc/arm-none-eabi/5.3.1/../../../../arm-none-eabi/lib/armv7-m\libc.a(lib_a-iprintf.o) (_vfiprintf_r)
d:/atmel studio 7/7.0/toolchain/arm/arm-gnu-toolchain/bin/../lib/gcc/arm-none-eabi/5.3.1/../../../../arm-none-eabi/lib/armv7-m\libc.a(lib_a-wsetup.o)
                              d:/atmel studio 7/7.0/toolchain/arm/arm-gnu-toolchain/bin/../lib/gcc/arm-none-eabi/5.3.1/../../../../arm-none-eabi/lib/armv7-m\libc.a(lib_a-vfiprintf.o) (__swsetup_r)
d:/atmel studio 7/7.0/toolchain/arm/arm-gnu-toolchain/bin/../lib/gcc/arm-none-eabi/5.3.1/../../../../arm-none-eabi/lib/armv7-m\libc.a(lib_a-__call_atexit.o)
                              d:/atmel studio 7/7.0/toolchain/arm/arm-gnu-toolchain/bin/../lib/gcc/arm-none-eabi/5.3.1/../../../../arm-none-eabi/lib/armv7-m\libc.a(lib_a-exit.o) (__call_exitprocs)
d:/atmel studio 7/7.0/toolchain/arm/arm-gnu-toolchain/bin/../lib/gcc/arm-none-eabi/5.3.1/../../../../arm-none-eabi/lib/armv7-m\libc.a(lib_a-atexit.o)
                              d:/atmel studio 7/7.0/toolchain/arm/arm-gnu-toolchain/bin/../lib/gcc/arm-none-eabi/5.3.1/../../../../arm-none-eabi/lib/armv7-m\libc.a(lib_a-__call_atexit.o) (atexit)
d:/atmel studio 7/7.0/toolchain/arm/arm-gnu-toolchain/bin/../lib/gcc/arm-none-eabi/5.3.1/../../../../arm-none-eabi/lib/armv7-m\libc.a(lib_a-fflush.o)
[...]
Memory Configuration

Name             Origin             Length             Attributes
rom              0x00080000         0x00080000         xr
sram0            0x20000000         0x00010000         xrw
sram1            0x20080000         0x00008000         xrw
ram              0x20070000         0x00018000         xrw
*default*        0x00000000         0xffffffff

Linker script and memory map

LOAD d:/atmel studio 7/7.0/toolchain/arm/arm-gnu-toolchain/bin/../lib/gcc/arm-none-eabi/5.3.1/armv7-m/crti.o
LOAD d:/atmel studio 7/7.0/toolchain/arm/arm-gnu-toolchain/bin/../lib/gcc/arm-none-eabi/5.3.1/armv7-m/crtbegin.o
LOAD d:/atmel studio 7/7.0/toolchain/arm/arm-gnu-toolchain/bin/../lib/gcc/arm-none-eabi/5.3.1/../../../../arm-none-eabi/lib/armv7-m/crt0.o
LOAD src/ASF/sam/drivers/adc/adc.o
LOAD src/Filter/Filter.o
LOAD src/InitADC_DAC/adcdac.o
LOAD src/Initinterrupt/init_tc.o
LOAD src/ASF/sam/drivers/adc/adc_sam3u.o
LOAD src/ASF/sam/drivers/dacc/dacc.o
LOAD src/ASF/sam/drivers/tc/tc.o
LOAD src/main.o
LOAD src/ASF/common/services/clock/sam3x/sysclk.o
LOAD src/ASF/common/utils/interrupt/interrupt_sam_nvic.o
LOAD src/ASF/sam/boards/arduino_due_x/init.o
LOAD src/ASF/sam/drivers/pio/pio.o
LOAD src/ASF/sam/drivers/pio/pio_handler.o
LOAD src/ASF/sam/drivers/pmc/pmc.o
LOAD src/ASF/sam/drivers/pmc/sleep.o
LOAD src/ASF/sam/utils/cmsis/sam3x/source/templates/exceptions.o
LOAD src/ASF/sam/utils/cmsis/sam3x/source/templates/gcc/startup_sam3x.o
LOAD src/ASF/sam/utils/cmsis/sam3x/source/templates/system_sam3x.o
LOAD src/ASF/sam/utils/syscalls/gcc/syscalls.o
START GROUP
LOAD ../src/ASF/thirdparty/CMSIS/Lib/GCC\libarm_cortexM3l_math.a
LOAD d:/atmel studio 7/7.0/toolchain/arm/arm-gnu-toolchain/bin/../lib/gcc/arm-none-eabi/5.3.1/../../../../arm-none-eabi/lib/armv7-m\libm.a
END GROUP
START GROUP
LOAD d:/atmel studio 7/7.0/toolchain/arm/arm-gnu-toolchain/bin/../lib/gcc/arm-none-eabi/5.3.1/armv7-m\libgcc.a
LOAD d:/atmel studio 7/7.0/toolchain/arm/arm-gnu-toolchain/bin/../lib/gcc/arm-none-eabi/5.3.1/../../../../arm-none-eabi/lib/armv7-m\libc.a
END GROUP
LOAD d:/atmel studio 7/7.0/toolchain/arm/arm-gnu-toolchain/bin/../lib/gcc/arm-none-eabi/5.3.1/armv7-m/crtend.o
LOAD d:/atmel studio 7/7.0/toolchain/arm/arm-gnu-toolchain/bin/../lib/gcc/arm-none-eabi/5.3.1/armv7-m/crtn.o
                0x00002000                __stack_size__ = DEFINED (__stack_size__)?__stack_size__:0x2000

.text           0x00080000     0x1290
                0x00080000                . = ALIGN (0x4)
                0x00080000                _sfixed = .
 *(.vectors .vectors.*)
 .vectors       0x00080000       0xf4 src/ASF/sam/utils/cmsis/sam3x/source/templates/gcc/startup_sam3x.o
                0x00080000                exception_table
 *(.text .text.* .gnu.linkonce.t.*)
 .text          0x000800f4       0x5c d:/atmel studio 7/7.0/toolchain/arm/arm-gnu-toolchain/bin/../lib/gcc/arm-none-eabi/5.3.1/armv7-m/crtbegin.o
 .text.adc_init
                0x00080150       0x34 src/ASF/sam/drivers/adc/adc.o
                0x00080150                adc_init
 .text.adc_set_resolution
                0x00080184       0x10 src/ASF/sam/drivers/adc/adc.o
                0x00080184                adc_set_resolution
 .text.adc_configure_trigger
                0x00080194       0x10 src/ASF/sam/drivers/adc/adc.o
                0x00080194                adc_configure_trigger
 .text.adc_configure_timing
                0x000801a4       0x1c src/ASF/sam/drivers/adc/adc.o
                0x000801a4                adc_configure_timing
 .text.adc_start
                0x000801c0        0x8 src/ASF/sam/drivers/adc/adc.o
                0x000801c0                adc_start
 .text.adc_enable_channel
                0x000801c8        0xc src/ASF/sam/drivers/adc/adc.o
                0x000801c8                adc_enable_channel
 .text.adc_get_channel_value
                0x000801d4       0x10 src/ASF/sam/drivers/adc/adc.o
                0x000801d4                adc_get_channel_value
 .text.adc_get_status
                0x000801e4        0x4 src/ASF/sam/drivers/adc/adc.o
                0x000801e4                adc_get_status
 .text.oneToThreekHz
                0x000801e8       0xa8 src/Filter/Filter.o
                0x000801e8                oneToThreekHz
 .text.threeToFivekHz
                0x00080290       0xa8 src/Filter/Filter.o
                0x00080290                threeToFivekHz
 .text.fiveToSevenkHz
                0x00080338       0xa8 src/Filter/Filter.o
                0x00080338                fiveToSevenkHz
 .text.TC0_Handler
                0x000803e0       0x90 src/Filter/Filter.o
                0x000803e0                TC0_Handler
 .text.adc_setup
                0x00080470       0x74 src/InitADC_DAC/adcdac.o
                0x00080470                adc_setup
 .text.dac_setup
                0x000804e4       0x54 src/InitADC_DAC/adcdac.o
                0x000804e4                dac_setup
 .text.configure_tc
                0x00080538       0x5c src/Initinterrupt/init_tc.o
                0x00080538                configure_tc
 .text.dacc_reset
                0x00080594        0x8 src/ASF/sam/drivers/dacc/dacc.o
                0x00080594                dacc_reset
 .text.dacc_set_transfer_mode
                0x0008059c       0x18 src/ASF/sam/drivers/dacc/dacc.o
                0x0008059c                dacc_set_transfer_mode
 .text.dacc_write_conversion_data
                0x000805b4        0x4 src/ASF/sam/drivers/dacc/dacc.o
                0x000805b4                dacc_write_conversion_data
 .text.dacc_set_channel_selection
                0x000805b8       0x18 src/ASF/sam/drivers/dacc/dacc.o
                0x000805b8                dacc_set_channel_selection
 .text.dacc_set_timing
                0x000805d0       0x30 src/ASF/sam/drivers/dacc/dacc.o
                0x000805d0                dacc_set_timing
 .text.dacc_enable_channel
                0x00080600       0x14 src/ASF/sam/drivers/dacc/dacc.o
                0x00080600                dacc_enable_channel
 .text.tc_init  0x00080614       0x18 src/ASF/sam/drivers/tc/tc.o
                0x00080614                tc_init
 .text.tc_start
                0x0008062c        0x8 src/ASF/sam/drivers/tc/tc.o
                0x0008062c                tc_start
 .text.tc_write_rc
                0x00080634        0x8 src/ASF/sam/drivers/tc/tc.o
                0x00080634                tc_write_rc
 .text.tc_enable_interrupt
                0x0008063c        0x8 src/ASF/sam/drivers/tc/tc.o
                0x0008063c                tc_enable_interrupt
 .text.tc_get_status
                0x00080644        0x8 src/ASF/sam/drivers/tc/tc.o
                0x00080644                tc_get_status
 .text.main     0x0008064c       0x54 src/main.o
                0x0008064c                main
 .text.sysclk_init
                0x000806a0       0x60 src/ASF/common/services/clock/sam3x/sysclk.o
                0x000806a0                sysclk_init
 .text.board_init
                0x00080700       0x80 src/ASF/sam/boards/arduino_due_x/init.o
                0x00080700                board_init
 .text.pio_set_peripheral
                0x00080780       0x40 src/ASF/sam/drivers/pio/pio.o
                0x00080780                pio_set_peripheral
 .text.pio_set_input
                0x000807c0       0x34 src/ASF/sam/drivers/pio/pio.o
                0x000807c0                pio_set_input
 .text.pio_set_output
                0x000807f4       0x28 src/ASF/sam/drivers/pio/pio.o
                0x000807f4                pio_set_output
 .text.pio_get_interrupt_status
                0x0008081c        0x4 src/ASF/sam/drivers/pio/pio.o
                0x0008081c                pio_get_interrupt_status
 .text.pio_get_interrupt_mask
                0x00080820        0x4 src/ASF/sam/drivers/pio/pio.o
                0x00080820                pio_get_interrupt_mask
 .text.pio_configure_pin
                0x00080824       0xd4 src/ASF/sam/drivers/pio/pio.o
                0x00080824                pio_configure_pin
 .text.pio_configure_pin_group
                0x000808f8       0xa0 src/ASF/sam/drivers/pio/pio.o
                0x000808f8                pio_configure_pin_group
 .text.pio_handler_process
                0x00080998       0x44 src/ASF/sam/drivers/pio/pio_handler.o
                0x00080998                pio_handler_process
 .text.PIOA_Handler
                0x000809dc       0x14 src/ASF/sam/drivers/pio/pio_handler.o
                0x000809dc                PIOA_Handler
 .text.PIOB_Handler
                0x000809f0       0x14 src/ASF/sam/drivers/pio/pio_handler.o
                0x000809f0                PIOB_Handler
 .text.PIOC_Handler
                0x00080a04       0x14 src/ASF/sam/drivers/pio/pio_handler.o
                0x00080a04                PIOC_Handler
 .text.PIOD_Handler
                0x00080a18       0x14 src/ASF/sam/drivers/pio/pio_handler.o
                0x00080a18                PIOD_Handler
 .text.pmc_switch_mck_to_pllack
                0x00080a2c       0x68 src/ASF/sam/drivers/pmc/pmc.o
                0x00080a2c                pmc_switch_mck_to_pllack
 .text.pmc_switch_mainck_to_xtal
                0x00080a94       0x54 src/ASF/sam/drivers/pmc/pmc.o
                0x00080a94                pmc_switch_mainck_to_xtal
 .text.pmc_osc_is_ready_mainck
                0x00080ae8       0x10 src/ASF/sam/drivers/pmc/pmc.o
                0x00080ae8                pmc_osc_is_ready_mainck
 .text.pmc_disable_pllack
                0x00080af8       0x10 src/ASF/sam/drivers/pmc/pmc.o
                0x00080af8                pmc_disable_pllack
 .text.pmc_is_locked_pllack
                0x00080b08       0x10 src/ASF/sam/drivers/pmc/pmc.o
                0x00080b08                pmc_is_locked_pllack
 .text.pmc_enable_periph_clk
                0x00080b18       0x54 src/ASF/sam/drivers/pmc/pmc.o
                0x00080b18                pmc_enable_periph_clk
 .text.Dummy_Handler
                0x00080b6c        0x4 src/ASF/sam/utils/cmsis/sam3x/source/templates/exceptions.o
                0x00080b6c                DACC_Handler
                0x00080b6c                DebugMon_Handler
                0x00080b6c                DMAC_Handler
                0x00080b6c                TRNG_Handler
                0x00080b6c                HardFault_Handler
                0x00080b6c                TC2_Handler
                0x00080b6c                SysTick_Handler
                0x00080b6c                USART3_Handler
                0x00080b6c                TWI1_Handler
                0x00080b6c                PendSV_Handler
                0x00080b6c                NMI_Handler
                0x00080b6c                TC7_Handler
                0x00080b6c                ADC_Handler
                0x00080b6c                SMC_Handler
                0x00080b6c                USART0_Handler
                0x00080b6c                RTT_Handler
                0x00080b6c                EFC1_Handler
                0x00080b6c                RTC_Handler
                0x00080b6c                UsageFault_Handler
                0x00080b6c                TC6_Handler
                0x00080b6c                WDT_Handler
                0x00080b6c                CAN0_Handler
                0x00080b6c                TC4_Handler
                0x00080b6c                TC1_Handler
                0x00080b6c                HSMCI_Handler
                0x00080b6c                TC3_Handler
                0x00080b6c                Dummy_Handler
                0x00080b6c                TWI0_Handler
                0x00080b6c                USART1_Handler
                0x00080b6c                SSC_Handler
                0x00080b6c                EFC0_Handler
                0x00080b6c                PMC_Handler
                0x00080b6c                PWM_Handler
                0x00080b6c                CAN1_Handler
                0x00080b6c                MemManage_Handler
                0x00080b6c                SUPC_Handler
                0x00080b6c                SVC_Handler
                0x00080b6c                TC8_Handler
                0x00080b6c                USART2_Handler
                0x00080b6c                EMAC_Handler
                0x00080b6c                UART_Handler
                0x00080b6c                BusFault_Handler
                0x00080b6c                RSTC_Handler
                0x00080b6c                TC5_Handler
                0x00080b6c                UOTGHS_Handler
                0x00080b6c                SPI0_Handler
 .text.Reset_Handler
                0x00080b70       0xac src/ASF/sam/utils/cmsis/sam3x/source/templates/gcc/startup_sam3x.o
                0x00080b70                Reset_Handler
 .text.SystemCoreClockUpdate
                0x00080c1c      0x11c src/ASF/sam/utils/cmsis/sam3x/source/templates/system_sam3x.o
                0x00080c1c                SystemCoreClockUpdate
 .text.system_init_flash
                0x00080d38       0x88 src/ASF/sam/utils/cmsis/sam3x/source/templates/system_sam3x.o
                0x00080d38                system_init_flash
 .text          0x00080dc0      0x21c d:/atmel studio 7/7.0/toolchain/arm/arm-gnu-toolchain/bin/../lib/gcc/arm-none-eabi/5.3.1/armv7-m\libgcc.a(_arm_addsubsf3.o)
                0x00080dc0                __aeabi_frsub
                0x00080dc8                __subsf3
                0x00080dc8                __aeabi_fsub
                0x00080dcc                __aeabi_fadd
                0x00080dcc                __addsf3
                0x00080f2c                __aeabi_ui2f
                0x00080f2c                __floatunsisf
                0x00080f34                __aeabi_i2f
                0x00080f34                __floatsisf
                0x00080f50                __aeabi_ul2f
                0x00080f50                __floatundisf
                0x00080f60                __aeabi_l2f
                0x00080f60                __floatdisf
 .text          0x00080fdc       0x4c d:/atmel studio 7/7.0/toolchain/arm/arm-gnu-toolchain/bin/../lib/gcc/arm-none-eabi/5.3.1/armv7-m\libgcc.a(_arm_fixsfsi.o)
                0x00080fdc                __aeabi_f2iz
                0x00080fdc                __fixsfsi
 .text          0x00081028       0x40 d:/atmel studio 7/7.0/toolchain/arm/arm-gnu-toolchain/bin/../lib/gcc/arm-none-eabi/5.3.1/armv7-m\libgcc.a(_arm_fixunssfsi.o)
                0x00081028                __fixunssfsi
                0x00081028                __aeabi_f2uiz
 .text.__libc_init_array
                0x00081068       0x50 d:/atmel studio 7/7.0/toolchain/arm/arm-gnu-toolchain/bin/../lib/gcc/arm-none-eabi/5.3.1/../../../../arm-none-eabi/lib/armv7-m\libc.a(lib_a-init.o)
                0x00081068                __libc_init_array
 .text.startup.register_fini
                0x000810b8       0x14 d:/atmel studio 7/7.0/toolchain/arm/arm-gnu-toolchain/bin/../lib/gcc/arm-none-eabi/5.3.1/../../../../arm-none-eabi/lib/armv7-m\libc.a(lib_a-__call_atexit.o)
 .text.atexit   0x000810cc        0xc d:/atmel studio 7/7.0/toolchain/arm/arm-gnu-toolchain/bin/../lib/gcc/arm-none-eabi/5.3.1/../../../../arm-none-eabi/lib/armv7-m\libc.a(lib_a-atexit.o)
                0x000810cc                atexit
 .text.__libc_fini_array
                0x000810d8       0x28 d:/atmel studio 7/7.0/toolchain/arm/arm-gnu-toolchain/bin/../lib/gcc/arm-none-eabi/5.3.1/../../../../arm-none-eabi/lib/armv7-m\libc.a(lib_a-fini.o)
                0x000810d8                __libc_fini_array
 .text.__register_exitproc
                0x00081100       0xa4 d:/atmel studio 7/7.0/toolchain/arm/arm-gnu-toolchain/bin/../lib/gcc/arm-none-eabi/5.3.1/../../../../arm-none-eabi/lib/armv7-m\libc.a(lib_a-__atexit.o)
                0x00081100                __register_exitproc
 *(.glue_7t)
 .glue_7t       0x000811a4        0x0 linker stubs
 *(.glue_7)
 .glue_7        0x000811a4        0x0 linker stubs
 *(.rodata .rodata* .gnu.linkonce.r.*)
 .rodata.a2     0x000811a4       0x20 src/Filter/Filter.o
 .rodata.a3     0x000811c4       0x20 src/Filter/Filter.o
 .rodata.b2     0x000811e4       0x20 src/Filter/Filter.o
 .rodata.a      0x00081204       0x20 src/Filter/Filter.o
 .rodata.b      0x00081224       0x20 src/Filter/Filter.o
 .rodata.b3     0x00081244       0x20 src/Filter/Filter.o
 .rodata.str1.4
                0x00081264        0x4 d:/atmel studio 7/7.0/toolchain/arm/arm-gnu-toolchain/bin/../lib/gcc/arm-none-eabi/5.3.1/../../../../arm-none-eabi/lib/armv7-m\libc.a(lib_a-impure.o)
                                  0x2 (size before relaxing)
 .rodata._global_impure_ptr
                0x00081268        0x4 d:/atmel studio 7/7.0/toolchain/arm/arm-gnu-toolchain/bin/../lib/gcc/arm-none-eabi/5.3.1/../../../../arm-none-eabi/lib/armv7-m\libc.a(lib_a-impure.o)
                0x00081268                _global_impure_ptr
 *(.ARM.extab* .gnu.linkonce.armextab.*)
                0x0008126c                . = ALIGN (0x4)
 *(.init)
 .init          0x0008126c        0x4 d:/atmel studio 7/7.0/toolchain/arm/arm-gnu-toolchain/bin/../lib/gcc/arm-none-eabi/5.3.1/armv7-m/crti.o
                0x0008126c                _init
 .init          0x00081270        0x8 d:/atmel studio 7/7.0/toolchain/arm/arm-gnu-toolchain/bin/../lib/gcc/arm-none-eabi/5.3.1/armv7-m/crtn.o
                0x00081278                . = ALIGN (0x4)
                0x00081278                __preinit_array_start = .
 *(.preinit_array)
                0x00081278                __preinit_array_end = .
                0x00081278                . = ALIGN (0x4)
                0x00081278                __init_array_start = .
 *(SORT(.init_array.*))
 .init_array.00000
                0x00081278        0x4 d:/atmel studio 7/7.0/toolchain/arm/arm-gnu-toolchain/bin/../lib/gcc/arm-none-eabi/5.3.1/../../../../arm-none-eabi/lib/armv7-m\libc.a(lib_a-__call_atexit.o)
 *(.init_array)
 .init_array    0x0008127c        0x4 d:/atmel studio 7/7.0/toolchain/arm/arm-gnu-toolchain/bin/../lib/gcc/arm-none-eabi/5.3.1/armv7-m/crtbegin.o
                0x00081280                __init_array_end = .
                0x00081280                . = ALIGN (0x4)
 *crtbegin.o(.ctors)
 *(EXCLUDE_FILE(*crtend.o) .ctors)
 *(SORT(.ctors.*))
 *crtend.o(.ctors)
                0x00081280                . = ALIGN (0x4)
 *(.fini)
 .fini          0x00081280        0x4 d:/atmel studio 7/7.0/toolchain/arm/arm-gnu-toolchain/bin/../lib/gcc/arm-none-eabi/5.3.1/armv7-m/crti.o
                0x00081280                _fini
 .fini          0x00081284        0x8 d:/atmel studio 7/7.0/toolchain/arm/arm-gnu-toolchain/bin/../lib/gcc/arm-none-eabi/5.3.1/armv7-m/crtn.o
                0x0008128c                . = ALIGN (0x4)
                0x0008128c                __fini_array_start = .
 *(.fini_array)
 .fini_array    0x0008128c        0x4 d:/atmel studio 7/7.0/toolchain/arm/arm-gnu-toolchain/bin/../lib/gcc/arm-none-eabi/5.3.1/armv7-m/crtbegin.o
 *(SORT(.fini_array.*))
                0x00081290                __fini_array_end = .
 *crtbegin.o(.dtors)
 *(EXCLUDE_FILE(*crtend.o) .dtors)
 *(SORT(.dtors.*))
 *crtend.o(.dtors)
                0x00081290                . = ALIGN (0x4)
                0x00081290                _efixed = .
                [!provide]                PROVIDE (__exidx_start, .)

.vfp11_veneer   0x00081290        0x0
 .vfp11_veneer  0x00081290        0x0 linker stubs

.v4_bx          0x00081290        0x0
 .v4_bx         0x00081290        0x0 linker stubs

.iplt           0x00081290        0x0
 .iplt          0x00081290        0x0 d:/atmel studio 7/7.0/toolchain/arm/arm-gnu-toolchain/bin/../lib/gcc/arm-none-eabi/5.3.1/armv7-m/crtbegin.o

.eh_frame       0x00081290        0x0
 .eh_frame      0x00081290        0x0 d:/atmel studio 7/7.0/toolchain/arm/arm-gnu-toolchain/bin/../lib/gcc/arm-none-eabi/5.3.1/armv7-m/crtbegin.o

.rel.dyn        0x00081290        0x0
 .rel.iplt      0x00081290        0x0 d:/atmel studio 7/7.0/toolchain/arm/arm-gnu-toolchain/bin/../lib/gcc/arm-none-eabi/5.3.1/armv7-m/crtbegin.o

.jcr            0x00081290        0x0
 .jcr           0x00081290        0x0 d:/atmel studio 7/7.0/toolchain/arm/arm-gnu-toolchain/bin/../lib/gcc/arm-none-eabi/5.3.1/armv7-m/crtbegin.o

.igot.plt       0x00081290        0x0
 .igot.plt      0x00081290        0x0 d:/atmel studio 7/7.0/toolchain/arm/arm-gnu-toolchain/bin/../lib/gcc/arm-none-eabi/5.3.1/armv7-m/crtbegin.o

.ARM.exidx
 *(.ARM.exidx* .gnu.linkonce.armexidx.*)
                [!provide]                PROVIDE (__exidx_end, .)
                0x00081290                . = ALIGN (0x4)
                0x00081290                _etext = .

.relocate       0x20070000      0x430 load address 0x00081290
                0x20070000                . = ALIGN (0x4)
                0x20070000                _srelocate = .
 *(.ramfunc .ramfunc.*)
 *(.data .data.*)
 .data.SystemCoreClock
                0x20070000        0x4 src/ASF/sam/utils/cmsis/sam3x/source/templates/system_sam3x.o
                0x20070000                SystemCoreClock
 *fill*         0x20070004        0x4 
 .data.impure_data
                0x20070008      0x428 d:/atmel studio 7/7.0/toolchain/arm/arm-gnu-toolchain/bin/../lib/gcc/arm-none-eabi/5.3.1/../../../../arm-none-eabi/lib/armv7-m\libc.a(lib_a-impure.o)
                0x20070430                . = ALIGN (0x4)
                0x20070430                _erelocate = .

.bss            0x20070430      0x14c load address 0x000816c0
                0x20070430                . = ALIGN (0x4)
                0x20070430                _sbss = .
                0x20070430                _szero = .
 *(.bss .bss.*)
 .bss           0x20070430       0x1c d:/atmel studio 7/7.0/toolchain/arm/arm-gnu-toolchain/bin/../lib/gcc/arm-none-eabi/5.3.1/armv7-m/crtbegin.o
 .bss.y2        0x2007044c       0x20 src/Filter/Filter.o
 .bss.y3        0x2007046c       0x20 src/Filter/Filter.o
 .bss.x2buff    0x2007048c       0x20 src/Filter/Filter.o
 .bss.x3buff    0x200704ac       0x20 src/Filter/Filter.o
 .bss.xbuff     0x200704cc       0x20 src/Filter/Filter.o
 .bss.y         0x200704ec       0x20 src/Filter/Filter.o
 .bss.gs_interrupt_sources
                0x2007050c       0x70 src/ASF/sam/drivers/pio/pio_handler.o
 *(COMMON)
                0x2007057c                . = ALIGN (0x4)
                0x2007057c                _ebss = .
                0x2007057c                _ezero = .

.stack          0x2007057c     0x2004 load address 0x0008180c
                0x20070580                . = ALIGN (0x8)
 *fill*         0x2007057c        0x4 
                0x20070580                _sstack = .
                0x20072580                . = (. + __stack_size__)
 *fill*         0x20070580     0x2000 
                0x20072580                . = ALIGN (0x8)
                0x20072580                _estack = .
                0x20072580                . = ALIGN (0x4)
                0x20072580                _end = .
OUTPUT(Exjobb.elf elf32-littlearm)

.ARM.attributes
                0x00000000       0x29
 .ARM.attributes
                0x00000000       0x1d d:/atmel studio 7/7.0/toolchain/arm/arm-gnu-toolchain/bin/../lib/gcc/arm-none-eabi/5.3.1/armv7-m/crti.o
 .ARM.attributes
                0x0000001d       0x2d d:/atmel studio 7/7.0/toolchain/arm/arm-gnu-toolchain/bin/../lib/gcc/arm-none-eabi/5.3.1/armv7-m/crtbegin.o
 .ARM.attributes
                0x0000004a       0x33 src/ASF/sam/drivers/adc/adc.o
 .ARM.attributes
                0x0000007d       0x33 src/Filter/Filter.o
 .ARM.attributes
                0x000000b0       0x33 src/InitADC_DAC/adcdac.o
 .ARM.attributes
                0x000000e3       0x33 src/Initinterrupt/init_tc.o
 .ARM.attributes
                0x00000116       0x33 src/ASF/sam/drivers/dacc/dacc.o
 .ARM.attributes
                0x00000149       0x33 src/ASF/sam/drivers/tc/tc.o
 .ARM.attributes
                0x0000017c       0x33 src/main.o
 .ARM.attributes
                0x000001af       0x33 src/ASF/common/services/clock/sam3x/sysclk.o
 .ARM.attributes
                0x000001e2       0x33 src/ASF/sam/boards/arduino_due_x/init.o
 .ARM.attributes
                0x00000215       0x33 src/ASF/sam/drivers/pio/pio.o
 .ARM.attributes
                0x00000248       0x33 src/ASF/sam/drivers/pio/pio_handler.o
 .ARM.attributes
                0x0000027b       0x33 src/ASF/sam/drivers/pmc/pmc.o
 .ARM.attributes
                0x000002ae       0x33 src/ASF/sam/utils/cmsis/sam3x/source/templates/exceptions.o
 .ARM.attributes
                0x000002e1       0x33 src/ASF/sam/utils/cmsis/sam3x/source/templates/gcc/startup_sam3x.o
 .ARM.attributes
                0x00000314       0x33 src/ASF/sam/utils/cmsis/sam3x/source/templates/system_sam3x.o
 .ARM.attributes
                0x00000347       0x1d d:/atmel studio 7/7.0/toolchain/arm/arm-gnu-toolchain/bin/../lib/gcc/arm-none-eabi/5.3.1/armv7-m\libgcc.a(_arm_addsubsf3.o)
 .ARM.attributes
                0x00000364       0x1d d:/atmel studio 7/7.0/toolchain/arm/arm-gnu-toolchain/bin/../lib/gcc/arm-none-eabi/5.3.1/armv7-m\libgcc.a(_arm_fixsfsi.o)
 .ARM.attributes
                0x00000381       0x1d d:/atmel studio 7/7.0/toolchain/arm/arm-gnu-toolchain/bin/../lib/gcc/arm-none-eabi/5.3.1/armv7-m\libgcc.a(_arm_fixunssfsi.o)
 .ARM.attributes
                0x0000039e       0x2d d:/atmel studio 7/7.0/toolchain/arm/arm-gnu-toolchain/bin/../lib/gcc/arm-none-eabi/5.3.1/../../../../arm-none-eabi/lib/armv7-m\libc.a(lib_a-impure.o)
 .ARM.attributes
                0x000003cb       0x2d d:/atmel studio 7/7.0/toolchain/arm/arm-gnu-toolchain/bin/../lib/gcc/arm-none-eabi/5.3.1/../../../../arm-none-eabi/lib/armv7-m\libc.a(lib_a-init.o)
 .ARM.attributes
                0x000003f8       0x2d d:/atmel studio 7/7.0/toolchain/arm/arm-gnu-toolchain/bin/../lib/gcc/arm-none-eabi/5.3.1/../../../../arm-none-eabi/lib/armv7-m\libc.a(lib_a-__call_atexit.o)
 .ARM.attributes
                0x00000425       0x2d d:/atmel studio 7/7.0/toolchain/arm/arm-gnu-toolchain/bin/../lib/gcc/arm-none-eabi/5.3.1/../../../../arm-none-eabi/lib/armv7-m\libc.a(lib_a-atexit.o)
 .ARM.attributes
                0x00000452       0x2d d:/atmel studio 7/7.0/toolchain/arm/arm-gnu-toolchain/bin/../lib/gcc/arm-none-eabi/5.3.1/../../../../arm-none-eabi/lib/armv7-m\libc.a(lib_a-fini.o)
 .ARM.attributes
                0x0000047f       0x2d d:/atmel studio 7/7.0/toolchain/arm/arm-gnu-toolchain/bin/../lib/gcc/arm-none-eabi/5.3.1/../../../../arm-none-eabi/lib/armv7-m\libc.a(lib_a-__atexit.o)
 .ARM.attributes
                0x000004ac       0x1d d:/atmel studio 7/7.0/toolchain/arm/arm-gnu-toolchain/bin/../lib/gcc/arm-none-eabi/5.3.1/armv7-m/crtn.o

.comment        0x00000000       0x59
 .comment       0x00000000       0x59 src/ASF/sam/drivers/adc/adc.o
                                 0x5a (size before relaxing)
 .comment       0x00000059       0x5a src/Filter/Filter.o
 .comment       0x00000059       0x5a src/InitADC_DAC/adcdac.o
 .comment       0x00000059       0x5a src/Initinterrupt/init_tc.o
 .comment       0x00000059       0x5a src/ASF/sam/drivers/dacc/dacc.o
 .comment       0x00000059       0x5a src/ASF/sam/drivers/tc/tc.o
 .comment       0x00000059       0x5a src/main.o
 .comment       0x00000059       0x5a src/ASF/common/services/clock/sam3x/sysclk.o
 .comment       0x00000059       0x5a src/ASF/sam/boards/arduino_due_x/init.o
 .comment       0x00000059       0x5a src/ASF/sam/drivers/pio/pio.o
 .comment       0x00000059       0x5a src/ASF/sam/drivers/pio/pio_handler.o
 .comment       0x00000059       0x5a src/ASF/sam/drivers/pmc/pmc.o
 .comment       0x00000059       0x5a src/ASF/sam/utils/cmsis/sam3x/source/templates/exceptions.o
 .comment       0x00000059       0x5a src/ASF/sam/utils/cmsis/sam3x/source/templates/gcc/startup_sam3x.o
 .comment       0x00000059       0x5a src/ASF/sam/utils/cmsis/sam3x/source/templates/system_sam3x.o

.debug_info     0x00000000     0x94c7
 .debug_info    0x00000000     0x1195 src/ASF/sam/drivers/adc/adc.o
 .debug_info    0x00001195     0x124d src/Filter/Filter.o
 .debug_info    0x000023e2      0x859 src/InitADC_DAC/adcdac.o
 .debug_info    0x00002c3b      0x67f src/Initinterrupt/init_tc.o
 .debug_info    0x000032ba      0x8b0 src/ASF/sam/drivers/dacc/dacc.o
 .debug_info    0x00003b6a      0x94a src/ASF/sam/drivers/tc/tc.o
 .debug_info    0x000044b4      0x7aa src/main.o
 .debug_info    0x00004c5e      0x78e src/ASF/common/services/clock/sam3x/sysclk.o
 .debug_info    0x000053ec      0x765 src/ASF/sam/boards/arduino_due_x/init.o
 .debug_info    0x00005b51     0x124e src/ASF/sam/drivers/pio/pio.o
 .debug_info    0x00006d9f      0xe1f src/ASF/sam/drivers/pio/pio_handler.o
 .debug_info    0x00007bbe     0x1056 src/ASF/sam/drivers/pmc/pmc.o
 .debug_info    0x00008c14       0xba src/ASF/sam/utils/cmsis/sam3x/source/templates/exceptions.o
 .debug_info    0x00008cce      0x383 src/ASF/sam/utils/cmsis/sam3x/source/templates/gcc/startup_sam3x.o
 .debug_info    0x00009051      0x476 src/ASF/sam/utils/cmsis/sam3x/source/templates/system_sam3x.o

.debug_abbrev   0x00000000     0x1ab2
 .debug_abbrev  0x00000000      0x231 src/ASF/sam/drivers/adc/adc.o
 .debug_abbrev  0x00000231      0x2bc src/Filter/Filter.o
 .debug_abbrev  0x000004ed      0x149 src/InitADC_DAC/adcdac.o
 .debug_abbrev  0x00000636      0x18c src/Initinterrupt/init_tc.o
 .debug_abbrev  0x000007c2      0x1c8 src/ASF/sam/drivers/dacc/dacc.o
 .debug_abbrev  0x0000098a      0x1bb src/ASF/sam/drivers/tc/tc.o
 .debug_abbrev  0x00000b45      0x1d5 src/main.o
 .debug_abbrev  0x00000d1a      0x241 src/ASF/common/services/clock/sam3x/sysclk.o
 .debug_abbrev  0x00000f5b      0x17a src/ASF/sam/boards/arduino_due_x/init.o
 .debug_abbrev  0x000010d5      0x2a3 src/ASF/sam/drivers/pio/pio.o
 .debug_abbrev  0x00001378      0x262 src/ASF/sam/drivers/pio/pio_handler.o
 .debug_abbrev  0x000015da      0x268 src/ASF/sam/drivers/pmc/pmc.o
 .debug_abbrev  0x00001842       0x6f src/ASF/sam/utils/cmsis/sam3x/source/templates/exceptions.o
 .debug_abbrev  0x000018b1      0x10c src/ASF/sam/utils/cmsis/sam3x/source/templates/gcc/startup_sam3x.o
 .debug_abbrev  0x000019bd       0xf5 src/ASF/sam/utils/cmsis/sam3x/source/templates/system_sam3x.o

.debug_loc      0x00000000     0x38b8
 .debug_loc     0x00000000      0xa08 src/ASF/sam/drivers/adc/adc.o
 .debug_loc     0x00000a08      0x554 src/Filter/Filter.o
 .debug_loc     0x00000f5c       0x40 src/InitADC_DAC/adcdac.o
 .debug_loc     0x00000f9c       0x34 src/Initinterrupt/init_tc.o
 .debug_loc     0x00000fd0      0x3b3 src/ASF/sam/drivers/dacc/dacc.o
 .debug_loc     0x00001383      0x5a5 src/ASF/sam/drivers/tc/tc.o
 .debug_loc     0x00001928       0x99 src/main.o
 .debug_loc     0x000019c1      0x183 src/ASF/common/services/clock/sam3x/sysclk.o
 .debug_loc     0x00001b44       0x70 src/ASF/sam/boards/arduino_due_x/init.o
 .debug_loc     0x00001bb4      0xb1b src/ASF/sam/drivers/pio/pio.o
 .debug_loc     0x000026cf      0x4da src/ASF/sam/drivers/pio/pio_handler.o
 .debug_loc     0x00002ba9      0xcb1 src/ASF/sam/drivers/pmc/pmc.o
 .debug_loc     0x0000385a       0x5e src/ASF/sam/utils/cmsis/sam3x/source/templates/gcc/startup_sam3x.o

.debug_aranges  0x00000000      0x818
 .debug_aranges
                0x00000000      0x178 src/ASF/sam/drivers/adc/adc.o
 .debug_aranges
                0x00000178       0x40 src/Filter/Filter.o
 .debug_aranges
                0x000001b8       0x28 src/InitADC_DAC/adcdac.o
 .debug_aranges
                0x000001e0       0x20 src/Initinterrupt/init_tc.o
 .debug_aranges
                0x00000200       0xc0 src/ASF/sam/drivers/dacc/dacc.o
 .debug_aranges
                0x000002c0       0xd0 src/ASF/sam/drivers/tc/tc.o
 .debug_aranges
                0x00000390       0x20 src/main.o
 .debug_aranges
                0x000003b0       0x40 src/ASF/common/services/clock/sam3x/sysclk.o
 .debug_aranges
                0x000003f0       0x20 src/ASF/sam/boards/arduino_due_x/init.o
 .debug_aranges
                0x00000410      0x148 src/ASF/sam/drivers/pio/pio.o
 .debug_aranges
                0x00000558       0x58 src/ASF/sam/drivers/pio/pio_handler.o
 .debug_aranges
                0x000005b0      0x1f8 src/ASF/sam/drivers/pmc/pmc.o
 .debug_aranges
                0x000007a8       0x20 src/ASF/sam/utils/cmsis/sam3x/source/templates/exceptions.o
 .debug_aranges
                0x000007c8       0x20 src/ASF/sam/utils/cmsis/sam3x/source/templates/gcc/startup_sam3x.o
 .debug_aranges
                0x000007e8       0x30 src/ASF/sam/utils/cmsis/sam3x/source/templates/system_sam3x.o

.debug_ranges   0x00000000      0x728
 .debug_ranges  0x00000000      0x168 src/ASF/sam/drivers/adc/adc.o
 .debug_ranges  0x00000168       0x30 src/Filter/Filter.o
 .debug_ranges  0x00000198       0x18 src/InitADC_DAC/adcdac.o
 .debug_ranges  0x000001b0       0x10 src/Initinterrupt/init_tc.o
 .debug_ranges  0x000001c0       0xb0 src/ASF/sam/drivers/dacc/dacc.o
 .debug_ranges  0x00000270       0xc0 src/ASF/sam/drivers/tc/tc.o
 .debug_ranges  0x00000330       0x10 src/main.o
 .debug_ranges  0x00000340       0x30 src/ASF/common/services/clock/sam3x/sysclk.o
 .debug_ranges  0x00000370       0x10 src/ASF/sam/boards/arduino_due_x/init.o
 .debug_ranges  0x00000380      0x138 src/ASF/sam/drivers/pio/pio.o
 .debug_ranges  0x000004b8       0x48 src/ASF/sam/drivers/pio/pio_handler.o
 .debug_ranges  0x00000500      0x1e8 src/ASF/sam/drivers/pmc/pmc.o
 .debug_ranges  0x000006e8       0x10 src/ASF/sam/utils/cmsis/sam3x/source/templates/exceptions.o
 .debug_ranges  0x000006f8       0x10 src/ASF/sam/utils/cmsis/sam3x/source/templates/gcc/startup_sam3x.o
 .debug_ranges  0x00000708       0x20 src/ASF/sam/utils/cmsis/sam3x/source/templates/system_sam3x.o

.debug_macro    0x00000000    0x16f3c
 .debug_macro   0x00000000      0x538 src/ASF/sam/drivers/adc/adc.o
 .debug_macro   0x00000538      0x886 src/ASF/sam/drivers/adc/adc.o
 .debug_macro   0x00000dbe      0x16d src/ASF/sam/drivers/adc/adc.o
 .debug_macro   0x00000f2b      0x2ee src/ASF/sam/drivers/adc/adc.o
 .debug_macro   0x00001219       0x76 src/ASF/sam/drivers/adc/adc.o
 .debug_macro   0x0000128f       0x16 src/ASF/sam/drivers/adc/adc.o
 .debug_macro   0x000012a5      0x6e1 src/ASF/sam/drivers/adc/adc.o
 .debug_macro   0x00001986       0x22 src/ASF/sam/drivers/adc/adc.o
 .debug_macro   0x000019a8       0x87 src/ASF/sam/drivers/adc/adc.o
 .debug_macro   0x00001a2f       0x44 src/ASF/sam/drivers/adc/adc.o
 .debug_macro   0x00001a73       0xfd src/ASF/sam/drivers/adc/adc.o
 .debug_macro   0x00001b70       0x22 src/ASF/sam/drivers/adc/adc.o
 .debug_macro   0x00001b92      0x1df src/ASF/sam/drivers/adc/adc.o
 .debug_macro   0x00001d71       0x20 src/ASF/sam/drivers/adc/adc.o
 .debug_macro   0x00001d91       0x3a src/ASF/sam/drivers/adc/adc.o
 .debug_macro   0x00001dcb       0x18 src/ASF/sam/drivers/adc/adc.o
 .debug_macro   0x00001de3      0xb08 src/ASF/sam/drivers/adc/adc.o
 .debug_macro   0x000028eb      0xab3 src/ASF/sam/drivers/adc/adc.o
 .debug_macro   0x0000339e      0x566 src/ASF/sam/drivers/adc/adc.o
 .debug_macro   0x00003904      0x2b2 src/ASF/sam/drivers/adc/adc.o
 .debug_macro   0x00003bb6      0x317 src/ASF/sam/drivers/adc/adc.o
 .debug_macro   0x00003ecd      0x74c src/ASF/sam/drivers/adc/adc.o
 .debug_macro   0x00004619       0x82 src/ASF/sam/drivers/adc/adc.o
 .debug_macro   0x0000469b      0x578 src/ASF/sam/drivers/adc/adc.o
 .debug_macro   0x00004c13       0x1c src/ASF/sam/drivers/adc/adc.o
 .debug_macro   0x00004c2f      0x6b5 src/ASF/sam/drivers/adc/adc.o
 .debug_macro   0x000052e4      0x52a src/ASF/sam/drivers/adc/adc.o
 .debug_macro   0x0000580e       0xbe src/ASF/sam/drivers/adc/adc.o
 .debug_macro   0x000058cc     0x233f src/ASF/sam/drivers/adc/adc.o
 .debug_macro   0x00007c0b      0x85a src/ASF/sam/drivers/adc/adc.o
 .debug_macro   0x00008465      0xdc6 src/ASF/sam/drivers/adc/adc.o
 .debug_macro   0x0000922b       0x7c src/ASF/sam/drivers/adc/adc.o
 .debug_macro   0x000092a7      0x261 src/ASF/sam/drivers/adc/adc.o
 .debug_macro   0x00009508       0x58 src/ASF/sam/drivers/adc/adc.o
 .debug_macro   0x00009560      0x9a5 src/ASF/sam/drivers/adc/adc.o
 .debug_macro   0x00009f05      0x246 src/ASF/sam/drivers/adc/adc.o
 .debug_macro   0x0000a14b      0x4dc src/ASF/sam/drivers/adc/adc.o
 .debug_macro   0x0000a627      0x6b0 src/ASF/sam/drivers/adc/adc.o
 .debug_macro   0x0000acd7      0x59c src/ASF/sam/drivers/adc/adc.o
 .debug_macro   0x0000b273       0x46 src/ASF/sam/drivers/adc/adc.o
 .debug_macro   0x0000b2b9      0x34a src/ASF/sam/drivers/adc/adc.o
 .debug_macro   0x0000b603      0x289 src/ASF/sam/drivers/adc/adc.o
 .debug_macro   0x0000b88c     0x14d7 src/ASF/sam/drivers/adc/adc.o
 .debug_macro   0x0000cd63      0x7b7 src/ASF/sam/drivers/adc/adc.o
 .debug_macro   0x0000d51a       0x76 src/ASF/sam/drivers/adc/adc.o
 .debug_macro   0x0000d590       0x82 src/ASF/sam/drivers/adc/adc.o
 .debug_macro   0x0000d612       0x76 src/ASF/sam/drivers/adc/adc.o
 .debug_macro   0x0000d688       0x4c src/ASF/sam/drivers/adc/adc.o
 .debug_macro   0x0000d6d4      0x102 src/ASF/sam/drivers/adc/adc.o
 .debug_macro   0x0000d7d6      0x102 src/ASF/sam/drivers/adc/adc.o
 .debug_macro   0x0000d8d8      0x102 src/ASF/sam/drivers/adc/adc.o
 .debug_macro   0x0000d9da       0x88 src/ASF/sam/drivers/adc/adc.o
 .debug_macro   0x0000da62       0x88 src/ASF/sam/drivers/adc/adc.o
 .debug_macro   0x0000daea      0x3b4 src/ASF/sam/drivers/adc/adc.o
 .debug_macro   0x0000de9e       0xb8 src/ASF/sam/drivers/adc/adc.o
 .debug_macro   0x0000df56       0xb8 src/ASF/sam/drivers/adc/adc.o
 .debug_macro   0x0000e00e       0xb8 src/ASF/sam/drivers/adc/adc.o
 .debug_macro   0x0000e0c6       0xb8 src/ASF/sam/drivers/adc/adc.o
 .debug_macro   0x0000e17e      0x2b8 src/ASF/sam/drivers/adc/adc.o
 .debug_macro   0x0000e436      0x122 src/ASF/sam/drivers/adc/adc.o
 .debug_macro   0x0000e558      0x222 src/ASF/sam/drivers/adc/adc.o
 .debug_macro   0x0000e77a      0x222 src/ASF/sam/drivers/adc/adc.o
 .debug_macro   0x0000e99c       0x2e src/ASF/sam/drivers/adc/adc.o
 .debug_macro   0x0000e9ca       0xac src/ASF/sam/drivers/adc/adc.o
 .debug_macro   0x0000ea76      0x14a src/ASF/sam/drivers/adc/adc.o
 .debug_macro   0x0000ebc0       0x7c src/ASF/sam/drivers/adc/adc.o
 .debug_macro   0x0000ec3c      0x202 src/ASF/sam/drivers/adc/adc.o
 .debug_macro   0x0000ee3e       0x64 src/ASF/sam/drivers/adc/adc.o
 .debug_macro   0x0000eea2       0xa6 src/ASF/sam/drivers/adc/adc.o
 .debug_macro   0x0000ef48       0x7c src/ASF/sam/drivers/adc/adc.o
 .debug_macro   0x0000efc4       0x16 src/ASF/sam/drivers/adc/adc.o
 .debug_macro   0x0000efda       0x22 src/ASF/sam/drivers/adc/adc.o
 .debug_macro   0x0000effc       0x22 src/ASF/sam/drivers/adc/adc.o
 .debug_macro   0x0000f01e      0x112 src/ASF/sam/drivers/adc/adc.o
 .debug_macro   0x0000f130      0x112 src/ASF/sam/drivers/adc/adc.o
 .debug_macro   0x0000f242      0x112 src/ASF/sam/drivers/adc/adc.o
 .debug_macro   0x0000f354      0x112 src/ASF/sam/drivers/adc/adc.o
 .debug_macro   0x0000f466       0x1c src/ASF/sam/drivers/adc/adc.o
 .debug_macro   0x0000f482       0x2e src/ASF/sam/drivers/adc/adc.o
 .debug_macro   0x0000f4b0       0x22 src/ASF/sam/drivers/adc/adc.o
 .debug_macro   0x0000f4d2       0x1c src/ASF/sam/drivers/adc/adc.o
 .debug_macro   0x0000f4ee       0x58 src/ASF/sam/drivers/adc/adc.o
 .debug_macro   0x0000f546       0x10 src/ASF/sam/drivers/adc/adc.o
 .debug_macro   0x0000f556      0x273 src/ASF/sam/drivers/adc/adc.o
 .debug_macro   0x0000f7c9      0xd40 src/ASF/sam/drivers/adc/adc.o
 .debug_macro   0x00010509      0x131 src/ASF/sam/drivers/adc/adc.o
 .debug_macro   0x0001063a       0x52 src/ASF/sam/drivers/adc/adc.o
 .debug_macro   0x0001068c       0x35 src/ASF/sam/drivers/adc/adc.o
 .debug_macro   0x000106c1       0x9c src/ASF/sam/drivers/adc/adc.o
 .debug_macro   0x0001075d       0x16 src/ASF/sam/drivers/adc/adc.o
 .debug_macro   0x00010773       0x35 src/ASF/sam/drivers/adc/adc.o
 .debug_macro   0x000107a8      0x330 src/ASF/sam/drivers/adc/adc.o
 .debug_macro   0x00010ad8       0x10 src/ASF/sam/drivers/adc/adc.o
 .debug_macro   0x00010ae8       0x52 src/ASF/sam/drivers/adc/adc.o
 .debug_macro   0x00010b3a       0x16 src/ASF/sam/drivers/adc/adc.o
 .debug_macro   0x00010b50       0x43 src/ASF/sam/drivers/adc/adc.o
 .debug_macro   0x00010b93      0x187 src/ASF/sam/drivers/adc/adc.o
 .debug_macro   0x00010d1a       0x22 src/ASF/sam/drivers/adc/adc.o
 .debug_macro   0x00010d3c       0x3a src/ASF/sam/drivers/adc/adc.o
 .debug_macro   0x00010d76       0x10 src/ASF/sam/drivers/adc/adc.o
 .debug_macro   0x00010d86       0x40 src/ASF/sam/drivers/adc/adc.o
 .debug_macro   0x00010dc6       0x6c src/ASF/sam/drivers/adc/adc.o
 .debug_macro   0x00010e32       0x16 src/ASF/sam/drivers/adc/adc.o
 .debug_macro   0x00010e48      0x182 src/ASF/sam/drivers/adc/adc.o
 .debug_macro   0x00010fca       0x22 src/ASF/sam/drivers/adc/adc.o
 .debug_macro   0x00010fec       0x16 src/ASF/sam/drivers/adc/adc.o
 .debug_macro   0x00011002       0x16 src/ASF/sam/drivers/adc/adc.o
 .debug_macro   0x00011018       0x29 src/ASF/sam/drivers/adc/adc.o
 .debug_macro   0x00011041       0x66 src/ASF/sam/drivers/adc/adc.o
 .debug_macro   0x000110a7       0x3e src/ASF/sam/drivers/adc/adc.o
 .debug_macro   0x000110e5      0x3c3 src/ASF/sam/drivers/adc/adc.o
 .debug_macro   0x000114a8       0x1c src/ASF/sam/drivers/adc/adc.o
 .debug_macro   0x000114c4      0x648 src/Filter/Filter.o
 .debug_macro   0x00011b0c       0x16 src/Filter/Filter.o
 .debug_macro   0x00011b22       0x94 src/Filter/Filter.o
 .debug_macro   0x00011bb6       0x40 src/Filter/Filter.o
 .debug_macro   0x00011bf6      0x1e3 src/Filter/Filter.o
 .debug_macro   0x00011dd9      0x78f src/Filter/Filter.o
 .debug_macro   0x00012568       0x34 src/Filter/Filter.o
 .debug_macro   0x0001259c       0x58 src/Filter/Filter.o
 .debug_macro   0x000125f4       0x64 src/Filter/Filter.o
 .debug_macro   0x00012658       0x5f src/Filter/Filter.o
 .debug_macro   0x000126b7       0x90 src/Filter/Filter.o
 .debug_macro   0x00012747       0x6a src/Filter/Filter.o
 .debug_macro   0x000127b1       0x2e src/Filter/Filter.o
 .debug_macro   0x000127df       0x10 src/Filter/Filter.o
 .debug_macro   0x000127ef      0x63d src/InitADC_DAC/adcdac.o
 .debug_macro   0x00012e2c      0x63d src/Initinterrupt/init_tc.o
 .debug_macro   0x00013469      0x544 src/ASF/sam/drivers/dacc/dacc.o
 .debug_macro   0x000139ad       0x10 src/ASF/sam/drivers/dacc/dacc.o
 .debug_macro   0x000139bd      0x544 src/ASF/sam/drivers/tc/tc.o
 .debug_macro   0x00013f01       0x4c src/ASF/sam/drivers/tc/tc.o
 .debug_macro   0x00013f4d       0x8d src/ASF/sam/drivers/tc/tc.o
 .debug_macro   0x00013fda       0x16 src/ASF/sam/drivers/tc/tc.o
 .debug_macro   0x00013ff0       0x4a src/ASF/sam/drivers/tc/tc.o
 .debug_macro   0x0001403a       0x1c src/ASF/sam/drivers/tc/tc.o
 .debug_macro   0x00014056      0x652 src/main.o
 .debug_macro   0x000146a8      0x5a9 src/ASF/common/services/clock/sam3x/sysclk.o
 .debug_macro   0x00014c51      0x1dd src/ASF/common/services/clock/sam3x/sysclk.o
 .debug_macro   0x00014e2e      0x5ec src/ASF/sam/boards/arduino_due_x/init.o
 .debug_macro   0x0001541a       0x16 src/ASF/sam/boards/arduino_due_x/init.o
 .debug_macro   0x00015430      0x545 src/ASF/sam/drivers/pio/pio.o
 .debug_macro   0x00015975       0x8e src/ASF/sam/drivers/pio/pio.o
 .debug_macro   0x00015a03      0x552 src/ASF/sam/drivers/pio/pio_handler.o
 .debug_macro   0x00015f55      0x53e src/ASF/sam/drivers/pmc/pmc.o
 .debug_macro   0x00016493       0x52 src/ASF/sam/drivers/pmc/pmc.o
 .debug_macro   0x000164e5      0x35b src/ASF/sam/utils/cmsis/sam3x/source/templates/exceptions.o
 .debug_macro   0x00016840      0x369 src/ASF/sam/utils/cmsis/sam3x/source/templates/gcc/startup_sam3x.o
 .debug_macro   0x00016ba9      0x36d src/ASF/sam/utils/cmsis/sam3x/source/templates/system_sam3x.o
 .debug_macro   0x00016f16       0x26 src/ASF/sam/utils/cmsis/sam3x/source/templates/system_sam3x.o

.debug_line     0x00000000     0xbb74
 .debug_line    0x00000000      0xe1f src/ASF/sam/drivers/adc/adc.o
 .debug_line    0x00000e1f      0xe95 src/Filter/Filter.o
 .debug_line    0x00001cb4      0xd9b src/InitADC_DAC/adcdac.o
 .debug_line    0x00002a4f      0xd91 src/Initinterrupt/init_tc.o
 .debug_line    0x000037e0      0xc3d src/ASF/sam/drivers/dacc/dacc.o
 .debug_line    0x0000441d      0xc71 src/ASF/sam/drivers/tc/tc.o
 .debug_line    0x0000508e      0xdce src/main.o
 .debug_line    0x00005e5c      0xc43 src/ASF/common/services/clock/sam3x/sysclk.o
 .debug_line    0x00006a9f      0xcd9 src/ASF/sam/boards/arduino_due_x/init.o
 .debug_line    0x00007778      0xe0f src/ASF/sam/drivers/pio/pio.o
 .debug_line    0x00008587      0xb8e src/ASF/sam/drivers/pio/pio_handler.o
 .debug_line    0x00009115     0x102e src/ASF/sam/drivers/pmc/pmc.o
 .debug_line    0x0000a143      0x87c src/ASF/sam/utils/cmsis/sam3x/source/templates/exceptions.o
 .debug_line    0x0000a9bf      0x8c6 src/ASF/sam/utils/cmsis/sam3x/source/templates/gcc/startup_sam3x.o
 .debug_line    0x0000b285      0x8ef src/ASF/sam/utils/cmsis/sam3x/source/templates/system_sam3x.o

.debug_str      0x00000000    0x5fdd6
 .debug_str     0x00000000    0x59ab7 src/ASF/sam/drivers/adc/adc.o
                              0x59e04 (size before relaxing)
 .debug_str     0x00059ab7     0x4742 src/Filter/Filter.o
                              0x5dd82 (size before relaxing)
 .debug_str     0x0005e1f9       0xd1 src/InitADC_DAC/adcdac.o
                              0x5daaa (size before relaxing)
 .debug_str     0x0005e2ca      0x2c7 src/Initinterrupt/init_tc.o
                              0x5d9df (size before relaxing)
 .debug_str     0x0005e591      0x2c3 src/ASF/sam/drivers/dacc/dacc.o
                              0x597eb (size before relaxing)
 .debug_str     0x0005e854      0x2fe src/ASF/sam/drivers/tc/tc.o
                              0x59735 (size before relaxing)
 .debug_str     0x0005eb52       0x8f src/main.o
                              0x5d9ec (size before relaxing)
 .debug_str     0x0005ebe1      0x24c src/ASF/common/services/clock/sam3x/sysclk.o
                              0x5d021 (size before relaxing)
 .debug_str     0x0005ee2d       0x9f src/ASF/sam/boards/arduino_due_x/init.o
                              0x5d7db (size before relaxing)
 .debug_str     0x0005eecc      0x40d src/ASF/sam/drivers/pio/pio.o
                              0x59d31 (size before relaxing)
 .debug_str     0x0005f2d9      0x1bf src/ASF/sam/drivers/pio/pio_handler.o
                              0x59d7d (size before relaxing)
 .debug_str     0x0005f498      0x672 src/ASF/sam/drivers/pmc/pmc.o
                              0x59d74 (size before relaxing)
 .debug_str     0x0005fb0a       0x4d src/ASF/sam/utils/cmsis/sam3x/source/templates/exceptions.o
                              0x4c84e (size before relaxing)
 .debug_str     0x0005fb57       0xb2 src/ASF/sam/utils/cmsis/sam3x/source/templates/gcc/startup_sam3x.o
                              0x4c937 (size before relaxing)
 .debug_str     0x0005fc09      0x1cd src/ASF/sam/utils/cmsis/sam3x/source/templates/system_sam3x.o
                              0x4cb4a (size before relaxing)

.debug_frame    0x00000000     0x1174
 .debug_frame   0x00000000      0x31c src/ASF/sam/drivers/adc/adc.o
 .debug_frame   0x0000031c       0xa0 src/Filter/Filter.o
 .debug_frame   0x000003bc       0x48 src/InitADC_DAC/adcdac.o
 .debug_frame   0x00000404       0x28 src/Initinterrupt/init_tc.o
 .debug_frame   0x0000042c      0x16c src/ASF/sam/drivers/dacc/dacc.o
 .debug_frame   0x00000598      0x1a4 src/ASF/sam/drivers/tc/tc.o
 .debug_frame   0x0000073c       0x28 src/main.o
 .debug_frame   0x00000764       0x88 src/ASF/common/services/clock/sam3x/sysclk.o
 .debug_frame   0x000007ec       0x28 src/ASF/sam/boards/arduino_due_x/init.o
 .debug_frame   0x00000814      0x2b8 src/ASF/sam/drivers/pio/pio.o
 .debug_frame   0x00000acc       0xf0 src/ASF/sam/drivers/pio/pio_handler.o
 .debug_frame   0x00000bbc      0x42c src/ASF/sam/drivers/pmc/pmc.o
 .debug_frame   0x00000fe8       0x20 src/ASF/sam/utils/cmsis/sam3x/source/templates/exceptions.o
 .debug_frame   0x00001008       0x28 src/ASF/sam/utils/cmsis/sam3x/source/templates/gcc/startup_sam3x.o
 .debug_frame   0x00001030       0x40 src/ASF/sam/utils/cmsis/sam3x/source/templates/system_sam3x.o
 .debug_frame   0x00001070       0x2c d:/atmel studio 7/7.0/toolchain/arm/arm-gnu-toolchain/bin/../lib/gcc/arm-none-eabi/5.3.1/../../../../arm-none-eabi/lib/armv7-m\libc.a(lib_a-init.o)
 .debug_frame   0x0000109c       0x50 d:/atmel studio 7/7.0/toolchain/arm/arm-gnu-toolchain/bin/../lib/gcc/arm-none-eabi/5.3.1/../../../../arm-none-eabi/lib/armv7-m\libc.a(lib_a-__call_atexit.o)
 .debug_frame   0x000010ec       0x20 d:/atmel studio 7/7.0/toolchain/arm/arm-gnu-toolchain/bin/../lib/gcc/arm-none-eabi/5.3.1/../../../../arm-none-eabi/lib/armv7-m\libc.a(lib_a-atexit.o)
 .debug_frame   0x0000110c       0x34 d:/atmel studio 7/7.0/toolchain/arm/arm-gnu-toolchain/bin/../lib/gcc/arm-none-eabi/5.3.1/../../../../arm-none-eabi/lib/armv7-m\libc.a(lib_a-fini.o)
 .debug_frame   0x00001140       0x34 d:/atmel studio 7/7.0/toolchain/arm/arm-gnu-toolchain/bin/../lib/gcc/arm-none-eabi/5.3.1/../../../../arm-none-eabi/lib/armv7-m\libc.a(lib_a-__atexit.o)

Cross Reference Table

Symbol                                            File
ADC_Handler                                       src/ASF/sam/utils/cmsis/sam3x/source/templates/exceptions.o
                                                  src/ASF/sam/utils/cmsis/sam3x/source/templates/gcc/startup_sam3x.o
BusFault_Handler                                  src/ASF/sam/utils/cmsis/sam3x/source/templates/exceptions.o
                                                  src/ASF/sam/utils/cmsis/sam3x/source/templates/gcc/startup_sam3x.o
CAN0_Handler                                      src/ASF/sam/utils/cmsis/sam3x/source/templates/exceptions.o
                                                  src/ASF/sam/utils/cmsis/sam3x/source/templates/gcc/startup_sam3x.o
CAN1_Handler                                      src/ASF/sam/utils/cmsis/sam3x/source/templates/exceptions.o
                                                  src/ASF/sam/utils/cmsis/sam3x/source/templates/gcc/startup_sam3x.o
DACC_Handler                                      src/ASF/sam/utils/cmsis/sam3x/source/templates/exceptions.o
                                                  src/ASF/sam/utils/cmsis/sam3x/source/templates/gcc/startup_sam3x.o
DMAC_Handler                                      src/ASF/sam/utils/cmsis/sam3x/source/templates/exceptions.o
                                                  src/ASF/sam/utils/cmsis/sam3x/source/templates/gcc/startup_sam3x.o
DebugMon_Handler                                  src/ASF/sam/utils/cmsis/sam3x/source/templates/exceptions.o
                                                  src/ASF/sam/utils/cmsis/sam3x/source/templates/gcc/startup_sam3x.o
Dummy_Handler                                     src/ASF/sam/utils/cmsis/sam3x/source/templates/exceptions.o
EFC0_Handler                                      src/ASF/sam/utils/cmsis/sam3x/source/templates/exceptions.o
                                                  src/ASF/sam/utils/cmsis/sam3x/source/templates/gcc/startup_sam3x.o
EFC1_Handler                                      src/ASF/sam/utils/cmsis/sam3x/source/templates/exceptions.o
                                                  src/ASF/sam/utils/cmsis/sam3x/source/templates/gcc/startup_sam3x.o
EMAC_Handler                                      src/ASF/sam/utils/cmsis/sam3x/source/templates/exceptions.o
                                                  src/ASF/sam/utils/cmsis/sam3x/source/templates/gcc/startup_sam3x.o
HSMCI_Handler                                     src/ASF/sam/utils/cmsis/sam3x/source/templates/exceptions.o
                                                  src/ASF/sam/utils/cmsis/sam3x/source/templates/gcc/startup_sam3x.o
HardFault_Handler                                 src/ASF/sam/utils/cmsis/sam3x/source/templates/exceptions.o
                                                  src/ASF/sam/utils/cmsis/sam3x/source/templates/gcc/startup_sam3x.o
MemManage_Handler                                 src/ASF/sam/utils/cmsis/sam3x/source/templates/exceptions.o
                                                  src/ASF/sam/utils/cmsis/sam3x/source/templates/gcc/startup_sam3x.o
NMI_Handler                                       src/ASF/sam/utils/cmsis/sam3x/source/templates/exceptions.o
                                                  src/ASF/sam/utils/cmsis/sam3x/source/templates/gcc/startup_sam3x.o
PIOA_Handler                                      src/ASF/sam/drivers/pio/pio_handler.o
                                                  src/ASF/sam/utils/cmsis/sam3x/source/templates/gcc/startup_sam3x.o
PIOB_Handler                                      src/ASF/sam/drivers/pio/pio_handler.o
                                                  src/ASF/sam/utils/cmsis/sam3x/source/templates/gcc/startup_sam3x.o
PIOC_Handler                                      src/ASF/sam/drivers/pio/pio_handler.o
                                                  src/ASF/sam/utils/cmsis/sam3x/source/templates/gcc/startup_sam3x.o
PIOD_Handler                                      src/ASF/sam/drivers/pio/pio_handler.o
                                                  src/ASF/sam/utils/cmsis/sam3x/source/templates/gcc/startup_sam3x.o
PMC_Handler                                       src/ASF/sam/utils/cmsis/sam3x/source/templates/exceptions.o
                                                  src/ASF/sam/utils/cmsis/sam3x/source/templates/gcc/startup_sam3x.o
PWM_Handler                                       src/ASF/sam/utils/cmsis/sam3x/source/templates/exceptions.o
                                                  src/ASF/sam/utils/cmsis/sam3x/source/templates/gcc/startup_sam3x.o
PendSV_Handler                                    src/ASF/sam/utils/cmsis/sam3x/source/templates/exceptions.o
                                                  src/ASF/sam/utils/cmsis/sam3x/source/templates/gcc/startup_sam3x.o
RSTC_Handler                                      src/ASF/sam/utils/cmsis/sam3x/source/templates/exceptions.o
                                                  src/ASF/sam/utils/cmsis/sam3x/source/templates/gcc/startup_sam3x.o
RTC_Handler                                       src/ASF/sam/utils/cmsis/sam3x/source/templates/exceptions.o
                                                  src/ASF/sam/utils/cmsis/sam3x/source/templates/gcc/startup_sam3x.o
RTT_Handler                                       src/ASF/sam/utils/cmsis/sam3x/source/templates/exceptions.o
                                                  src/ASF/sam/utils/cmsis/sam3x/source/templates/gcc/startup_sam3x.o
Reset_Handler                                     src/ASF/sam/utils/cmsis/sam3x/source/templates/gcc/startup_sam3x.o
SMC_Handler                                       src/ASF/sam/utils/cmsis/sam3x/source/templates/exceptions.o
                                                  src/ASF/sam/utils/cmsis/sam3x/source/templates/gcc/startup_sam3x.o
SPI0_Handler                                      src/ASF/sam/utils/cmsis/sam3x/source/templates/exceptions.o
                                                  src/ASF/sam/utils/cmsis/sam3x/source/templates/gcc/startup_sam3x.o
SSC_Handler                                       src/ASF/sam/utils/cmsis/sam3x/source/templates/exceptions.o
                                                  src/ASF/sam/utils/cmsis/sam3x/source/templates/gcc/startup_sam3x.o
SUPC_Handler                                      src/ASF/sam/utils/cmsis/sam3x/source/templates/exceptions.o
                                                  src/ASF/sam/utils/cmsis/sam3x/source/templates/gcc/startup_sam3x.o
SVC_Handler                                       src/ASF/sam/utils/cmsis/sam3x/source/templates/exceptions.o
                                                  src/ASF/sam/utils/cmsis/sam3x/source/templates/gcc/startup_sam3x.o
SysTick_Handler                                   src/ASF/sam/utils/cmsis/sam3x/source/templates/exceptions.o
                                                  src/ASF/sam/utils/cmsis/sam3x/source/templates/gcc/startup_sam3x.o
SystemCoreClock                                   src/ASF/sam/utils/cmsis/sam3x/source/templates/system_sam3x.o
SystemCoreClockUpdate                             src/ASF/sam/utils/cmsis/sam3x/source/templates/system_sam3x.o
                                                  src/ASF/common/services/clock/sam3x/sysclk.o
SystemInit                                        src/ASF/sam/utils/cmsis/sam3x/source/templates/system_sam3x.o
TC0_Handler                                       src/Filter/Filter.o
                                                  src/ASF/sam/utils/cmsis/sam3x/source/templates/gcc/startup_sam3x.o
TC1_Handler                                       src/ASF/sam/utils/cmsis/sam3x/source/templates/exceptions.o
                                                  src/ASF/sam/utils/cmsis/sam3x/source/templates/gcc/startup_sam3x.o
TC2_Handler                                       src/ASF/sam/utils/cmsis/sam3x/source/templates/exceptions.o
                                                  src/ASF/sam/utils/cmsis/sam3x/source/templates/gcc/startup_sam3x.o
TC3_Handler                                       src/ASF/sam/utils/cmsis/sam3x/source/templates/exceptions.o
                                                  src/ASF/sam/utils/cmsis/sam3x/source/templates/gcc/startup_sam3x.o
TC4_Handler                                       src/ASF/sam/utils/cmsis/sam3x/source/templates/exceptions.o
                                                  src/ASF/sam/utils/cmsis/sam3x/source/templates/gcc/startup_sam3x.o
TC5_Handler                                       src/ASF/sam/utils/cmsis/sam3x/source/templates/exceptions.o
                                                  src/ASF/sam/utils/cmsis/sam3x/source/templates/gcc/startup_sam3x.o
TC6_Handler                                       src/ASF/sam/utils/cmsis/sam3x/source/templates/exceptions.o
                                                  src/ASF/sam/utils/cmsis/sam3x/source/templates/gcc/startup_sam3x.o
TC7_Handler                                       src/ASF/sam/utils/cmsis/sam3x/source/templates/exceptions.o
                                                  src/ASF/sam/utils/cmsis/sam3x/source/templates/gcc/startup_sam3x.o
TC8_Handler                                       src/ASF/sam/utils/cmsis/sam3x/source/templates/exceptions.o
                                                  src/ASF/sam/utils/cmsis/sam3x/source/templates/gcc/startup_sam3x.o
TRNG_Handler                                      src/ASF/sam/utils/cmsis/sam3x/source/templates/exceptions.o
                                                  src/ASF/sam/utils/cmsis/sam3x/source/templates/gcc/startup_sam3x.o
TWI0_Handler                                      src/ASF/sam/utils/cmsis/sam3x/source/templates/exceptions.o
                                                  src/ASF/sam/utils/cmsis/sam3x/source/templates/gcc/startup_sam3x.o
TWI1_Handler                                      src/ASF/sam/utils/cmsis/sam3x/source/templates/exceptions.o
                                                  src/ASF/sam/utils/cmsis/sam3x/source/templates/gcc/startup_sam3x.o
UART_Handler                                      src/ASF/sam/utils/cmsis/sam3x/source/templates/exceptions.o
                                                  src/ASF/sam/utils/cmsis/sam3x/source/templates/gcc/startup_sam3x.o
UOTGHS_Handler                                    src/ASF/sam/utils/cmsis/sam3x/source/templates/exceptions.o
                                                  src/ASF/sam/utils/cmsis/sam3x/source/templates/gcc/startup_sam3x.o
USART0_Handler                                    src/ASF/sam/utils/cmsis/sam3x/source/templates/exceptions.o
                                                  src/ASF/sam/utils/cmsis/sam3x/source/templates/gcc/startup_sam3x.o
USART1_Handler                                    src/ASF/sam/utils/cmsis/sam3x/source/templates/exceptions.o
                                                  src/ASF/sam/utils/cmsis/sam3x/source/templates/gcc/startup_sam3x.o
USART2_Handler                                    src/ASF/sam/utils/cmsis/sam3x/source/templates/exceptions.o
                                                  src/ASF/sam/utils/cmsis/sam3x/source/templates/gcc/startup_sam3x.o
USART3_Handler                                    src/ASF/sam/utils/cmsis/sam3x/source/templates/exceptions.o
                                                  src/ASF/sam/utils/cmsis/sam3x/source/templates/gcc/startup_sam3x.o
UsageFault_Handler                                src/ASF/sam/utils/cmsis/sam3x/source/templates/exceptions.o
                                                  src/ASF/sam/utils/cmsis/sam3x/source/templates/gcc/startup_sam3x.o
WDT_Handler                                       src/ASF/sam/utils/cmsis/sam3x/source/templates/exceptions.o
                                                  src/ASF/sam/utils/cmsis/sam3x/source/templates/gcc/startup_sam3x.o
_Jv_RegisterClasses                               d:/atmel studio 7/7.0/toolchain/arm/arm-gnu-toolchain/bin/../lib/gcc/arm-none-eabi/5.3.1/armv7-m/crtbegin.o
_PathLocale                                       d:/atmel studio 7/7.0/toolchain/arm/arm-gnu-toolchain/bin/../lib/gcc/arm-none-eabi/5.3.1/../../../../arm-none-eabi/lib/armv7-m\libc.a(lib_a-locale.o)
__adddf3                                          d:/atmel studio 7/7.0/toolchain/arm/arm-gnu-toolchain/bin/../lib/gcc/arm-none-eabi/5.3.1/armv7-m\libgcc.a(_arm_addsubdf3.o)
__addsf3                                          d:/atmel studio 7/7.0/toolchain/arm/arm-gnu-toolchain/bin/../lib/gcc/arm-none-eabi/5.3.1/armv7-m\libgcc.a(_arm_addsubsf3.o)
__aeabi_d2uiz                                     d:/atmel studio 7/7.0/toolchain/arm/arm-gnu-toolchain/bin/../lib/gcc/arm-none-eabi/5.3.1/armv7-m\libgcc.a(_arm_fixunsdfsi.o)
                                                  src/Filter/Filter.o
__aeabi_dadd                                      d:/atmel studio 7/7.0/toolchain/arm/arm-gnu-toolchain/bin/../lib/gcc/arm-none-eabi/5.3.1/armv7-m\libgcc.a(_arm_addsubdf3.o)
__aeabi_ddiv                                      d:/atmel studio 7/7.0/toolchain/arm/arm-gnu-toolchain/bin/../lib/gcc/arm-none-eabi/5.3.1/armv7-m\libgcc.a(_arm_muldivdf3.o)
__aeabi_dmul                                      d:/atmel studio 7/7.0/toolchain/arm/arm-gnu-toolchain/bin/../lib/gcc/arm-none-eabi/5.3.1/armv7-m\libgcc.a(_arm_muldivdf3.o)
                                                  src/Filter/Filter.o
__aeabi_drsub                                     d:/atmel studio 7/7.0/toolchain/arm/arm-gnu-toolchain/bin/../lib/gcc/arm-none-eabi/5.3.1/armv7-m\libgcc.a(_arm_addsubdf3.o)
__aeabi_dsub                                      d:/atmel studio 7/7.0/toolchain/arm/arm-gnu-toolchain/bin/../lib/gcc/arm-none-eabi/5.3.1/armv7-m\libgcc.a(_arm_addsubdf3.o)
__aeabi_f2d                                       d:/atmel studio 7/7.0/toolchain/arm/arm-gnu-toolchain/bin/../lib/gcc/arm-none-eabi/5.3.1/armv7-m\libgcc.a(_arm_addsubdf3.o)
__aeabi_f2iz                                      d:/atmel studio 7/7.0/toolchain/arm/arm-gnu-toolchain/bin/../lib/gcc/arm-none-eabi/5.3.1/armv7-m\libgcc.a(_arm_fixsfsi.o)
                                                  src/Filter/Filter.o
__aeabi_f2uiz                                     d:/atmel studio 7/7.0/toolchain/arm/arm-gnu-toolchain/bin/../lib/gcc/arm-none-eabi/5.3.1/armv7-m\libgcc.a(_arm_fixunssfsi.o)
                                                  src/Filter/Filter.o
__aeabi_fadd                                      d:/atmel studio 7/7.0/toolchain/arm/arm-gnu-toolchain/bin/../lib/gcc/arm-none-eabi/5.3.1/armv7-m\libgcc.a(_arm_addsubsf3.o)
__aeabi_frsub                                     d:/atmel studio 7/7.0/toolchain/arm/arm-gnu-toolchain/bin/../lib/gcc/arm-none-eabi/5.3.1/armv7-m\libgcc.a(_arm_addsubsf3.o)
__aeabi_fsub                                      d:/atmel studio 7/7.0/toolchain/arm/arm-gnu-toolchain/bin/../lib/gcc/arm-none-eabi/5.3.1/armv7-m\libgcc.a(_arm_addsubsf3.o)
__aeabi_i2d                                       d:/atmel studio 7/7.0/toolchain/arm/arm-gnu-toolchain/bin/../lib/gcc/arm-none-eabi/5.3.1/armv7-m\libgcc.a(_arm_addsubdf3.o)
__aeabi_i2f                                       d:/atmel studio 7/7.0/toolchain/arm/arm-gnu-toolchain/bin/../lib/gcc/arm-none-eabi/5.3.1/armv7-m\libgcc.a(_arm_addsubsf3.o)
                                                  src/Filter/Filter.o
__aeabi_idiv0                                     d:/atmel studio 7/7.0/toolchain/arm/arm-gnu-toolchain/bin/../lib/gcc/arm-none-eabi/5.3.1/armv7-m\libgcc.a(_dvmd_tls.o)
__aeabi_l2d                                       d:/atmel studio 7/7.0/toolchain/arm/arm-gnu-toolchain/bin/../lib/gcc/arm-none-eabi/5.3.1/armv7-m\libgcc.a(_arm_addsubdf3.o)
__aeabi_l2f                                       d:/atmel studio 7/7.0/toolchain/arm/arm-gnu-toolchain/bin/../lib/gcc/arm-none-eabi/5.3.1/armv7-m\libgcc.a(_arm_addsubsf3.o)
__aeabi_ldiv0                                     d:/atmel studio 7/7.0/toolchain/arm/arm-gnu-toolchain/bin/../lib/gcc/arm-none-eabi/5.3.1/armv7-m\libgcc.a(_dvmd_tls.o)
                                                  d:/atmel studio 7/7.0/toolchain/arm/arm-gnu-toolchain/bin/../lib/gcc/arm-none-eabi/5.3.1/armv7-m\libgcc.a(_aeabi_uldivmod.o)
__aeabi_ui2d                                      d:/atmel studio 7/7.0/toolchain/arm/arm-gnu-toolchain/bin/../lib/gcc/arm-none-eabi/5.3.1/armv7-m\libgcc.a(_arm_addsubdf3.o)
                                                  src/Filter/Filter.o
__aeabi_ui2f                                      d:/atmel studio 7/7.0/toolchain/arm/arm-gnu-toolchain/bin/../lib/gcc/arm-none-eabi/5.3.1/armv7-m\libgcc.a(_arm_addsubsf3.o)
__aeabi_ul2d                                      d:/atmel studio 7/7.0/toolchain/arm/arm-gnu-toolchain/bin/../lib/gcc/arm-none-eabi/5.3.1/armv7-m\libgcc.a(_arm_addsubdf3.o)
__aeabi_ul2f                                      d:/atmel studio 7/7.0/toolchain/arm/arm-gnu-toolchain/bin/../lib/gcc/arm-none-eabi/5.3.1/armv7-m\libgcc.a(_arm_addsubsf3.o)
__aeabi_uldivmod                                  d:/atmel studio 7/7.0/toolchain/arm/arm-gnu-toolchain/bin/../lib/gcc/arm-none-eabi/5.3.1/armv7-m\libgcc.a(_aeabi_uldivmod.o)
                                                  d:/atmel studio 7/7.0/toolchain/arm/arm-gnu-toolchain/bin/../lib/gcc/arm-none-eabi/5.3.1/../../../../arm-none-eabi/lib/armv7-m\libc.a(lib_a-vfiprintf.o)
__ascii_wctomb                                    d:/atmel studio 7/7.0/toolchain/arm/arm-gnu-toolchain/bin/../lib/gcc/arm-none-eabi/5.3.1/../../../../arm-none-eabi/lib/armv7-m\libc.a(lib_a-wctomb_r.o)
__bss_end__                                       d:/atmel studio 7/7.0/toolchain/arm/arm-gnu-toolchain/bin/../lib/gcc/arm-none-eabi/5.3.1/../../../../arm-none-eabi/lib/armv7-m/crt0.o
__bss_start__                                     d:/atmel studio 7/7.0/toolchain/arm/arm-gnu-toolchain/bin/../lib/gcc/arm-none-eabi/5.3.1/../../../../arm-none-eabi/lib/armv7-m/crt0.o
__call_exitprocs                                  d:/atmel studio 7/7.0/toolchain/arm/arm-gnu-toolchain/bin/../lib/gcc/arm-none-eabi/5.3.1/../../../../arm-none-eabi/lib/armv7-m\libc.a(lib_a-__call_atexit.o)
                                                  d:/atmel studio 7/7.0/toolchain/arm/arm-gnu-toolchain/bin/../lib/gcc/arm-none-eabi/5.3.1/../../../../arm-none-eabi/lib/armv7-m\libc.a(lib_a-exit.o)
__deregister_frame_info                           d:/atmel studio 7/7.0/toolchain/arm/arm-gnu-toolchain/bin/../lib/gcc/arm-none-eabi/5.3.1/armv7-m/crtbegin.o
__divdf3                                          d:/atmel studio 7/7.0/toolchain/arm/arm-gnu-toolchain/bin/../lib/gcc/arm-none-eabi/5.3.1/armv7-m\libgcc.a(_arm_muldivdf3.o)
__dso_handle                                      d:/atmel studio 7/7.0/toolchain/arm/arm-gnu-toolchain/bin/../lib/gcc/arm-none-eabi/5.3.1/armv7-m/crtbegin.o
__extendsfdf2                                     d:/atmel studio 7/7.0/toolchain/arm/arm-gnu-toolchain/bin/../lib/gcc/arm-none-eabi/5.3.1/armv7-m\libgcc.a(_arm_addsubdf3.o)
__fini_array_end                                  d:/atmel studio 7/7.0/toolchain/arm/arm-gnu-toolchain/bin/../lib/gcc/arm-none-eabi/5.3.1/../../../../arm-none-eabi/lib/armv7-m\libc.a(lib_a-fini.o)
__fini_array_start                                d:/atmel studio 7/7.0/toolchain/arm/arm-gnu-toolchain/bin/../lib/gcc/arm-none-eabi/5.3.1/../../../../arm-none-eabi/lib/armv7-m\libc.a(lib_a-fini.o)
__fixsfsi                                         d:/atmel studio 7/7.0/toolchain/arm/arm-gnu-toolchain/bin/../lib/gcc/arm-none-eabi/5.3.1/armv7-m\libgcc.a(_arm_fixsfsi.o)
__fixunsdfsi                                      d:/atmel studio 7/7.0/toolchain/arm/arm-gnu-toolchain/bin/../lib/gcc/arm-none-eabi/5.3.1/armv7-m\libgcc.a(_arm_fixunsdfsi.o)
__fixunssfsi                                      d:/atmel studio 7/7.0/toolchain/arm/arm-gnu-toolchain/bin/../lib/gcc/arm-none-eabi/5.3.1/armv7-m\libgcc.a(_arm_fixunssfsi.o)
__floatdidf                                       d:/atmel studio 7/7.0/toolchain/arm/arm-gnu-toolchain/bin/../lib/gcc/arm-none-eabi/5.3.1/armv7-m\libgcc.a(_arm_addsubdf3.o)
__floatdisf                                       d:/atmel studio 7/7.0/toolchain/arm/arm-gnu-toolchain/bin/../lib/gcc/arm-none-eabi/5.3.1/armv7-m\libgcc.a(_arm_addsubsf3.o)
__floatsidf                                       d:/atmel studio 7/7.0/toolchain/arm/arm-gnu-toolchain/bin/../lib/gcc/arm-none-eabi/5.3.1/armv7-m\libgcc.a(_arm_addsubdf3.o)
__floatsisf                                       d:/atmel studio 7/7.0/toolchain/arm/arm-gnu-toolchain/bin/../lib/gcc/arm-none-eabi/5.3.1/armv7-m\libgcc.a(_arm_addsubsf3.o)
__floatundidf                                     d:/atmel studio 7/7.0/toolchain/arm/arm-gnu-toolchain/bin/../lib/gcc/arm-none-eabi/5.3.1/armv7-m\libgcc.a(_arm_addsubdf3.o)
__floatundisf                                     d:/atmel studio 7/7.0/toolchain/arm/arm-gnu-toolchain/bin/../lib/gcc/arm-none-eabi/5.3.1/armv7-m\libgcc.a(_arm_addsubsf3.o)
__floatunsidf                                     d:/atmel studio 7/7.0/toolchain/arm/arm-gnu-toolchain/bin/../lib/gcc/arm-none-eabi/5.3.1/armv7-m\libgcc.a(_arm_addsubdf3.o)
__floatunsisf                                     d:/atmel studio 7/7.0/toolchain/arm/arm-gnu-toolchain/bin/../lib/gcc/arm-none-eabi/5.3.1/armv7-m\libgcc.a(_arm_addsubsf3.o)
__fp_lock_all                                     d:/atmel studio 7/7.0/toolchain/arm/arm-gnu-toolchain/bin/../lib/gcc/arm-none-eabi/5.3.1/../../../../arm-none-eabi/lib/armv7-m\libc.a(lib_a-findfp.o)
__fp_unlock_all                                   d:/atmel studio 7/7.0/toolchain/arm/arm-gnu-toolchain/bin/../lib/gcc/arm-none-eabi/5.3.1/../../../../arm-none-eabi/lib/armv7-m\libc.a(lib_a-findfp.o)
__fputwc                                          d:/atmel studio 7/7.0/toolchain/arm/arm-gnu-toolchain/bin/../lib/gcc/arm-none-eabi/5.3.1/../../../../arm-none-eabi/lib/armv7-m\libc.a(lib_a-fputwc.o)
__init_array_end                                  d:/atmel studio 7/7.0/toolchain/arm/arm-gnu-toolchain/bin/../lib/gcc/arm-none-eabi/5.3.1/../../../../arm-none-eabi/lib/armv7-m\libc.a(lib_a-init.o)
__init_array_start                                d:/atmel studio 7/7.0/toolchain/arm/arm-gnu-toolchain/bin/../lib/gcc/arm-none-eabi/5.3.1/../../../../arm-none-eabi/lib/armv7-m\libc.a(lib_a-init.o)
__libc_fini                                       d:/atmel studio 7/7.0/toolchain/arm/arm-gnu-toolchain/bin/../lib/gcc/arm-none-eabi/5.3.1/../../../../arm-none-eabi/lib/armv7-m\libc.a(lib_a-__call_atexit.o)
__libc_fini_array                                 d:/atmel studio 7/7.0/toolchain/arm/arm-gnu-toolchain/bin/../lib/gcc/arm-none-eabi/5.3.1/../../../../arm-none-eabi/lib/armv7-m\libc.a(lib_a-fini.o)
                                                  d:/atmel studio 7/7.0/toolchain/arm/arm-gnu-toolchain/bin/../lib/gcc/arm-none-eabi/5.3.1/../../../../arm-none-eabi/lib/armv7-m\libc.a(lib_a-__call_atexit.o)
                                                  d:/atmel studio 7/7.0/toolchain/arm/arm-gnu-toolchain/bin/../lib/gcc/arm-none-eabi/5.3.1/../../../../arm-none-eabi/lib/armv7-m/crt0.o
__libc_init_array                                 d:/atmel studio 7/7.0/toolchain/arm/arm-gnu-toolchain/bin/../lib/gcc/arm-none-eabi/5.3.1/../../../../arm-none-eabi/lib/armv7-m\libc.a(lib_a-init.o)
                                                  src/ASF/sam/utils/cmsis/sam3x/source/templates/gcc/startup_sam3x.o
                                                  d:/atmel studio 7/7.0/toolchain/arm/arm-gnu-toolchain/bin/../lib/gcc/arm-none-eabi/5.3.1/../../../../arm-none-eabi/lib/armv7-m/crt0.o
__locale_charset                                  d:/atmel studio 7/7.0/toolchain/arm/arm-gnu-toolchain/bin/../lib/gcc/arm-none-eabi/5.3.1/../../../../arm-none-eabi/lib/armv7-m\libc.a(lib_a-locale.o)
                                                  d:/atmel studio 7/7.0/toolchain/arm/arm-gnu-toolchain/bin/../lib/gcc/arm-none-eabi/5.3.1/../../../../arm-none-eabi/lib/armv7-m\libc.a(lib_a-wctomb_r.o)
                                                  d:/atmel studio 7/7.0/toolchain/arm/arm-gnu-toolchain/bin/../lib/gcc/arm-none-eabi/5.3.1/../../../../arm-none-eabi/lib/armv7-m\libc.a(lib_a-wcrtomb.o)
__locale_cjk_lang                                 d:/atmel studio 7/7.0/toolchain/arm/arm-gnu-toolchain/bin/../lib/gcc/arm-none-eabi/5.3.1/../../../../arm-none-eabi/lib/armv7-m\libc.a(lib_a-locale.o)
__locale_mb_cur_max                               d:/atmel studio 7/7.0/toolchain/arm/arm-gnu-toolchain/bin/../lib/gcc/arm-none-eabi/5.3.1/../../../../arm-none-eabi/lib/armv7-m\libc.a(lib_a-locale.o)
                                                  d:/atmel studio 7/7.0/toolchain/arm/arm-gnu-toolchain/bin/../lib/gcc/arm-none-eabi/5.3.1/../../../../arm-none-eabi/lib/armv7-m\libc.a(lib_a-fputwc.o)
__locale_msgcharset                               d:/atmel studio 7/7.0/toolchain/arm/arm-gnu-toolchain/bin/../lib/gcc/arm-none-eabi/5.3.1/../../../../arm-none-eabi/lib/armv7-m\libc.a(lib_a-locale.o)
__malloc_av_                                      d:/atmel studio 7/7.0/toolchain/arm/arm-gnu-toolchain/bin/../lib/gcc/arm-none-eabi/5.3.1/../../../../arm-none-eabi/lib/armv7-m\libc.a(lib_a-mallocr.o)
                                                  d:/atmel studio 7/7.0/toolchain/arm/arm-gnu-toolchain/bin/../lib/gcc/arm-none-eabi/5.3.1/../../../../arm-none-eabi/lib/armv7-m\libc.a(lib_a-reallocr.o)
                                                  d:/atmel studio 7/7.0/toolchain/arm/arm-gnu-toolchain/bin/../lib/gcc/arm-none-eabi/5.3.1/../../../../arm-none-eabi/lib/armv7-m\libc.a(lib_a-freer.o)
__malloc_current_mallinfo                         d:/atmel studio 7/7.0/toolchain/arm/arm-gnu-toolchain/bin/../lib/gcc/arm-none-eabi/5.3.1/../../../../arm-none-eabi/lib/armv7-m\libc.a(lib_a-mallocr.o)
                                                  d:/atmel studio 7/7.0/toolchain/arm/arm-gnu-toolchain/bin/../lib/gcc/arm-none-eabi/5.3.1/../../../../arm-none-eabi/lib/armv7-m\libc.a(lib_a-freer.o)
__malloc_lock                                     d:/atmel studio 7/7.0/toolchain/arm/arm-gnu-toolchain/bin/../lib/gcc/arm-none-eabi/5.3.1/../../../../arm-none-eabi/lib/armv7-m\libc.a(lib_a-mlock.o)
                                                  d:/atmel studio 7/7.0/toolchain/arm/arm-gnu-toolchain/bin/../lib/gcc/arm-none-eabi/5.3.1/../../../../arm-none-eabi/lib/armv7-m\libc.a(lib_a-reallocr.o)
                                                  d:/atmel studio 7/7.0/toolchain/arm/arm-gnu-toolchain/bin/../lib/gcc/arm-none-eabi/5.3.1/../../../../arm-none-eabi/lib/armv7-m\libc.a(lib_a-mallocr.o)
                                                  d:/atmel studio 7/7.0/toolchain/arm/arm-gnu-toolchain/bin/../lib/gcc/arm-none-eabi/5.3.1/../../../../arm-none-eabi/lib/armv7-m\libc.a(lib_a-freer.o)
__malloc_max_sbrked_mem                           d:/atmel studio 7/7.0/toolchain/arm/arm-gnu-toolchain/bin/../lib/gcc/arm-none-eabi/5.3.1/../../../../arm-none-eabi/lib/armv7-m\libc.a(lib_a-mallocr.o)
__malloc_max_total_mem                            d:/atmel studio 7/7.0/toolchain/arm/arm-gnu-toolchain/bin/../lib/gcc/arm-none-eabi/5.3.1/../../../../arm-none-eabi/lib/armv7-m\libc.a(lib_a-mallocr.o)
__malloc_sbrk_base                                d:/atmel studio 7/7.0/toolchain/arm/arm-gnu-toolchain/bin/../lib/gcc/arm-none-eabi/5.3.1/../../../../arm-none-eabi/lib/armv7-m\libc.a(lib_a-mallocr.o)
                                                  d:/atmel studio 7/7.0/toolchain/arm/arm-gnu-toolchain/bin/../lib/gcc/arm-none-eabi/5.3.1/../../../../arm-none-eabi/lib/armv7-m\libc.a(lib_a-freer.o)
__malloc_top_pad                                  d:/atmel studio 7/7.0/toolchain/arm/arm-gnu-toolchain/bin/../lib/gcc/arm-none-eabi/5.3.1/../../../../arm-none-eabi/lib/armv7-m\libc.a(lib_a-mallocr.o)
                                                  d:/atmel studio 7/7.0/toolchain/arm/arm-gnu-toolchain/bin/../lib/gcc/arm-none-eabi/5.3.1/../../../../arm-none-eabi/lib/armv7-m\libc.a(lib_a-freer.o)
__malloc_trim_threshold                           d:/atmel studio 7/7.0/toolchain/arm/arm-gnu-toolchain/bin/../lib/gcc/arm-none-eabi/5.3.1/../../../../arm-none-eabi/lib/armv7-m\libc.a(lib_a-mallocr.o)
                                                  d:/atmel studio 7/7.0/toolchain/arm/arm-gnu-toolchain/bin/../lib/gcc/arm-none-eabi/5.3.1/../../../../arm-none-eabi/lib/armv7-m\libc.a(lib_a-freer.o)
__malloc_unlock                                   d:/atmel studio 7/7.0/toolchain/arm/arm-gnu-toolchain/bin/../lib/gcc/arm-none-eabi/5.3.1/../../../../arm-none-eabi/lib/armv7-m\libc.a(lib_a-mlock.o)
                                                  d:/atmel studio 7/7.0/toolchain/arm/arm-gnu-toolchain/bin/../lib/gcc/arm-none-eabi/5.3.1/../../../../arm-none-eabi/lib/armv7-m\libc.a(lib_a-reallocr.o)
                                                  d:/atmel studio 7/7.0/toolchain/arm/arm-gnu-toolchain/bin/../lib/gcc/arm-none-eabi/5.3.1/../../../../arm-none-eabi/lib/armv7-m\libc.a(lib_a-mallocr.o)
                                                  d:/atmel studio 7/7.0/toolchain/arm/arm-gnu-toolchain/bin/../lib/gcc/arm-none-eabi/5.3.1/../../../../arm-none-eabi/lib/armv7-m\libc.a(lib_a-freer.o)
__mb_cur_max                                      d:/atmel studio 7/7.0/toolchain/arm/arm-gnu-toolchain/bin/../lib/gcc/arm-none-eabi/5.3.1/../../../../arm-none-eabi/lib/armv7-m\libc.a(lib_a-locale.o)
__mlocale_changed                                 d:/atmel studio 7/7.0/toolchain/arm/arm-gnu-toolchain/bin/../lib/gcc/arm-none-eabi/5.3.1/../../../../arm-none-eabi/lib/armv7-m\libc.a(lib_a-locale.o)
__muldf3                                          d:/atmel studio 7/7.0/toolchain/arm/arm-gnu-toolchain/bin/../lib/gcc/arm-none-eabi/5.3.1/armv7-m\libgcc.a(_arm_muldivdf3.o)
__nlocale_changed                                 d:/atmel studio 7/7.0/toolchain/arm/arm-gnu-toolchain/bin/../lib/gcc/arm-none-eabi/5.3.1/../../../../arm-none-eabi/lib/armv7-m\libc.a(lib_a-locale.o)
__preinit_array_end                               d:/atmel studio 7/7.0/toolchain/arm/arm-gnu-toolchain/bin/../lib/gcc/arm-none-eabi/5.3.1/../../../../arm-none-eabi/lib/armv7-m\libc.a(lib_a-init.o)
__preinit_array_start                             d:/atmel studio 7/7.0/toolchain/arm/arm-gnu-toolchain/bin/../lib/gcc/arm-none-eabi/5.3.1/../../../../arm-none-eabi/lib/armv7-m\libc.a(lib_a-init.o)
__register_exitproc                               d:/atmel studio 7/7.0/toolchain/arm/arm-gnu-toolchain/bin/../lib/gcc/arm-none-eabi/5.3.1/../../../../arm-none-eabi/lib/armv7-m\libc.a(lib_a-__atexit.o)
                                                  d:/atmel studio 7/7.0/toolchain/arm/arm-gnu-toolchain/bin/../lib/gcc/arm-none-eabi/5.3.1/../../../../arm-none-eabi/lib/armv7-m\libc.a(lib_a-atexit.o)
__register_frame_info                             d:/atmel studio 7/7.0/toolchain/arm/arm-gnu-toolchain/bin/../lib/gcc/arm-none-eabi/5.3.1/armv7-m/crtbegin.o
__sclose                                          d:/atmel studio 7/7.0/toolchain/arm/arm-gnu-toolchain/bin/../lib/gcc/arm-none-eabi/5.3.1/../../../../arm-none-eabi/lib/armv7-m\libc.a(lib_a-stdio.o)
                                                  d:/atmel studio 7/7.0/toolchain/arm/arm-gnu-toolchain/bin/../lib/gcc/arm-none-eabi/5.3.1/../../../../arm-none-eabi/lib/armv7-m\libc.a(lib_a-findfp.o)
__seofread                                        d:/atmel studio 7/7.0/toolchain/arm/arm-gnu-toolchain/bin/../lib/gcc/arm-none-eabi/5.3.1/../../../../arm-none-eabi/lib/armv7-m\libc.a(lib_a-stdio.o)
__sflush_r                                        d:/atmel studio 7/7.0/toolchain/arm/arm-gnu-toolchain/bin/../lib/gcc/arm-none-eabi/5.3.1/../../../../arm-none-eabi/lib/armv7-m\libc.a(lib_a-fflush.o)
                                                  d:/atmel studio 7/7.0/toolchain/arm/arm-gnu-toolchain/bin/../lib/gcc/arm-none-eabi/5.3.1/../../../../arm-none-eabi/lib/armv7-m\libc.a(lib_a-fclose.o)
__sfmoreglue                                      d:/atmel studio 7/7.0/toolchain/arm/arm-gnu-toolchain/bin/../lib/gcc/arm-none-eabi/5.3.1/../../../../arm-none-eabi/lib/armv7-m\libc.a(lib_a-findfp.o)
__sfp                                             d:/atmel studio 7/7.0/toolchain/arm/arm-gnu-toolchain/bin/../lib/gcc/arm-none-eabi/5.3.1/../../../../arm-none-eabi/lib/armv7-m\libc.a(lib_a-findfp.o)
__sfp_lock_acquire                                d:/atmel studio 7/7.0/toolchain/arm/arm-gnu-toolchain/bin/../lib/gcc/arm-none-eabi/5.3.1/../../../../arm-none-eabi/lib/armv7-m\libc.a(lib_a-findfp.o)
                                                  d:/atmel studio 7/7.0/toolchain/arm/arm-gnu-toolchain/bin/../lib/gcc/arm-none-eabi/5.3.1/../../../../arm-none-eabi/lib/armv7-m\libc.a(lib_a-fclose.o)
__sfp_lock_release                                d:/atmel studio 7/7.0/toolchain/arm/arm-gnu-toolchain/bin/../lib/gcc/arm-none-eabi/5.3.1/../../../../arm-none-eabi/lib/armv7-m\libc.a(lib_a-findfp.o)
                                                  d:/atmel studio 7/7.0/toolchain/arm/arm-gnu-toolchain/bin/../lib/gcc/arm-none-eabi/5.3.1/../../../../arm-none-eabi/lib/armv7-m\libc.a(lib_a-fclose.o)
__sfvwrite_r                                      d:/atmel studio 7/7.0/toolchain/arm/arm-gnu-toolchain/bin/../lib/gcc/arm-none-eabi/5.3.1/../../../../arm-none-eabi/lib/armv7-m\libc.a(lib_a-fvwrite.o)
                                                  d:/atmel studio 7/7.0/toolchain/arm/arm-gnu-toolchain/bin/../lib/gcc/arm-none-eabi/5.3.1/../../../../arm-none-eabi/lib/armv7-m\libc.a(lib_a-vfiprintf.o)
                                                  d:/atmel studio 7/7.0/toolchain/arm/arm-gnu-toolchain/bin/../lib/gcc/arm-none-eabi/5.3.1/../../../../arm-none-eabi/lib/armv7-m\libc.a(lib_a-puts.o)
__sinit                                           d:/atmel studio 7/7.0/toolchain/arm/arm-gnu-toolchain/bin/../lib/gcc/arm-none-eabi/5.3.1/../../../../arm-none-eabi/lib/armv7-m\libc.a(lib_a-findfp.o)
                                                  d:/atmel studio 7/7.0/toolchain/arm/arm-gnu-toolchain/bin/../lib/gcc/arm-none-eabi/5.3.1/../../../../arm-none-eabi/lib/armv7-m\libc.a(lib_a-fclose.o)
                                                  d:/atmel studio 7/7.0/toolchain/arm/arm-gnu-toolchain/bin/../lib/gcc/arm-none-eabi/5.3.1/../../../../arm-none-eabi/lib/armv7-m\libc.a(lib_a-wbuf.o)
                                                  d:/atmel studio 7/7.0/toolchain/arm/arm-gnu-toolchain/bin/../lib/gcc/arm-none-eabi/5.3.1/../../../../arm-none-eabi/lib/armv7-m\libc.a(lib_a-fputwc.o)
                                                  d:/atmel studio 7/7.0/toolchain/arm/arm-gnu-toolchain/bin/../lib/gcc/arm-none-eabi/5.3.1/../../../../arm-none-eabi/lib/armv7-m\libc.a(lib_a-fflush.o)
                                                  d:/atmel studio 7/7.0/toolchain/arm/arm-gnu-toolchain/bin/../lib/gcc/arm-none-eabi/5.3.1/../../../../arm-none-eabi/lib/armv7-m\libc.a(lib_a-wsetup.o)
                                                  d:/atmel studio 7/7.0/toolchain/arm/arm-gnu-toolchain/bin/../lib/gcc/arm-none-eabi/5.3.1/../../../../arm-none-eabi/lib/armv7-m\libc.a(lib_a-vfiprintf.o)
                                                  d:/atmel studio 7/7.0/toolchain/arm/arm-gnu-toolchain/bin/../lib/gcc/arm-none-eabi/5.3.1/../../../../arm-none-eabi/lib/armv7-m\libc.a(lib_a-puts.o)
__sinit_lock_acquire                              d:/atmel studio 7/7.0/toolchain/arm/arm-gnu-toolchain/bin/../lib/gcc/arm-none-eabi/5.3.1/../../../../arm-none-eabi/lib/armv7-m\libc.a(lib_a-findfp.o)
__sinit_lock_release                              d:/atmel studio 7/7.0/toolchain/arm/arm-gnu-toolchain/bin/../lib/gcc/arm-none-eabi/5.3.1/../../../../arm-none-eabi/lib/armv7-m\libc.a(lib_a-findfp.o)
__smakebuf_r                                      d:/atmel studio 7/7.0/toolchain/arm/arm-gnu-toolchain/bin/../lib/gcc/arm-none-eabi/5.3.1/../../../../arm-none-eabi/lib/armv7-m\libc.a(lib_a-makebuf.o)
                                                  d:/atmel studio 7/7.0/toolchain/arm/arm-gnu-toolchain/bin/../lib/gcc/arm-none-eabi/5.3.1/../../../../arm-none-eabi/lib/armv7-m\libc.a(lib_a-wsetup.o)
__sprint_r                                        d:/atmel studio 7/7.0/toolchain/arm/arm-gnu-toolchain/bin/../lib/gcc/arm-none-eabi/5.3.1/../../../../arm-none-eabi/lib/armv7-m\libc.a(lib_a-vfiprintf.o)
__sread                                           d:/atmel studio 7/7.0/toolchain/arm/arm-gnu-toolchain/bin/../lib/gcc/arm-none-eabi/5.3.1/../../../../arm-none-eabi/lib/armv7-m\libc.a(lib_a-stdio.o)
                                                  d:/atmel studio 7/7.0/toolchain/arm/arm-gnu-toolchain/bin/../lib/gcc/arm-none-eabi/5.3.1/../../../../arm-none-eabi/lib/armv7-m\libc.a(lib_a-findfp.o)
__sseek                                           d:/atmel studio 7/7.0/toolchain/arm/arm-gnu-toolchain/bin/../lib/gcc/arm-none-eabi/5.3.1/../../../../arm-none-eabi/lib/armv7-m\libc.a(lib_a-stdio.o)
                                                  d:/atmel studio 7/7.0/toolchain/arm/arm-gnu-toolchain/bin/../lib/gcc/arm-none-eabi/5.3.1/../../../../arm-none-eabi/lib/armv7-m\libc.a(lib_a-findfp.o)
__stack                                           d:/atmel studio 7/7.0/toolchain/arm/arm-gnu-toolchain/bin/../lib/gcc/arm-none-eabi/5.3.1/../../../../arm-none-eabi/lib/armv7-m/crt0.o
__subdf3                                          d:/atmel studio 7/7.0/toolchain/arm/arm-gnu-toolchain/bin/../lib/gcc/arm-none-eabi/5.3.1/armv7-m\libgcc.a(_arm_addsubdf3.o)
__subsf3                                          d:/atmel studio 7/7.0/toolchain/arm/arm-gnu-toolchain/bin/../lib/gcc/arm-none-eabi/5.3.1/armv7-m\libgcc.a(_arm_addsubsf3.o)
__swbuf                                           d:/atmel studio 7/7.0/toolchain/arm/arm-gnu-toolchain/bin/../lib/gcc/arm-none-eabi/5.3.1/../../../../arm-none-eabi/lib/armv7-m\libc.a(lib_a-wbuf.o)
__swbuf_r                                         d:/atmel studio 7/7.0/toolchain/arm/arm-gnu-toolchain/bin/../lib/gcc/arm-none-eabi/5.3.1/../../../../arm-none-eabi/lib/armv7-m\libc.a(lib_a-wbuf.o)
                                                  d:/atmel studio 7/7.0/toolchain/arm/arm-gnu-toolchain/bin/../lib/gcc/arm-none-eabi/5.3.1/../../../../arm-none-eabi/lib/armv7-m\libc.a(lib_a-fputwc.o)
__swhatbuf_r                                      d:/atmel studio 7/7.0/toolchain/arm/arm-gnu-toolchain/bin/../lib/gcc/arm-none-eabi/5.3.1/../../../../arm-none-eabi/lib/armv7-m\libc.a(lib_a-makebuf.o)
__swrite                                          d:/atmel studio 7/7.0/toolchain/arm/arm-gnu-toolchain/bin/../lib/gcc/arm-none-eabi/5.3.1/../../../../arm-none-eabi/lib/armv7-m\libc.a(lib_a-stdio.o)
                                                  d:/atmel studio 7/7.0/toolchain/arm/arm-gnu-toolchain/bin/../lib/gcc/arm-none-eabi/5.3.1/../../../../arm-none-eabi/lib/armv7-m\libc.a(lib_a-findfp.o)
__swsetup_r                                       d:/atmel studio 7/7.0/toolchain/arm/arm-gnu-toolchain/bin/../lib/gcc/arm-none-eabi/5.3.1/../../../../arm-none-eabi/lib/armv7-m\libc.a(lib_a-wsetup.o)
                                                  d:/atmel studio 7/7.0/toolchain/arm/arm-gnu-toolchain/bin/../lib/gcc/arm-none-eabi/5.3.1/../../../../arm-none-eabi/lib/armv7-m\libc.a(lib_a-wbuf.o)
                                                  d:/atmel studio 7/7.0/toolchain/arm/arm-gnu-toolchain/bin/../lib/gcc/arm-none-eabi/5.3.1/../../../../arm-none-eabi/lib/armv7-m\libc.a(lib_a-fvwrite.o)
                                                  d:/atmel studio 7/7.0/toolchain/arm/arm-gnu-toolchain/bin/../lib/gcc/arm-none-eabi/5.3.1/../../../../arm-none-eabi/lib/armv7-m\libc.a(lib_a-vfiprintf.o)
__udivmoddi4                                      d:/atmel studio 7/7.0/toolchain/arm/arm-gnu-toolchain/bin/../lib/gcc/arm-none-eabi/5.3.1/armv7-m\libgcc.a(_udivmoddi4.o)
                                                  d:/atmel studio 7/7.0/toolchain/arm/arm-gnu-toolchain/bin/../lib/gcc/arm-none-eabi/5.3.1/armv7-m\libgcc.a(_aeabi_uldivmod.o)
__wctomb                                          d:/atmel studio 7/7.0/toolchain/arm/arm-gnu-toolchain/bin/../lib/gcc/arm-none-eabi/5.3.1/../../../../arm-none-eabi/lib/armv7-m\libc.a(lib_a-wctomb_r.o)
                                                  d:/atmel studio 7/7.0/toolchain/arm/arm-gnu-toolchain/bin/../lib/gcc/arm-none-eabi/5.3.1/../../../../arm-none-eabi/lib/armv7-m\libc.a(lib_a-wcrtomb.o)
_cleanup                                          d:/atmel studio 7/7.0/toolchain/arm/arm-gnu-toolchain/bin/../lib/gcc/arm-none-eabi/5.3.1/../../../../arm-none-eabi/lib/armv7-m\libc.a(lib_a-findfp.o)
_cleanup_r                                        d:/atmel studio 7/7.0/toolchain/arm/arm-gnu-toolchain/bin/../lib/gcc/arm-none-eabi/5.3.1/../../../../arm-none-eabi/lib/armv7-m\libc.a(lib_a-findfp.o)
                                                  d:/atmel studio 7/7.0/toolchain/arm/arm-gnu-toolchain/bin/../lib/gcc/arm-none-eabi/5.3.1/../../../../arm-none-eabi/lib/armv7-m\libc.a(lib_a-makebuf.o)
_close                                            src/ASF/sam/utils/syscalls/gcc/syscalls.o
                                                  d:/atmel studio 7/7.0/toolchain/arm/arm-gnu-toolchain/bin/../lib/gcc/arm-none-eabi/5.3.1/../../../../arm-none-eabi/lib/armv7-m\libc.a(lib_a-closer.o)
_close_r                                          d:/atmel studio 7/7.0/toolchain/arm/arm-gnu-toolchain/bin/../lib/gcc/arm-none-eabi/5.3.1/../../../../arm-none-eabi/lib/armv7-m\libc.a(lib_a-closer.o)
                                                  d:/atmel studio 7/7.0/toolchain/arm/arm-gnu-toolchain/bin/../lib/gcc/arm-none-eabi/5.3.1/../../../../arm-none-eabi/lib/armv7-m\libc.a(lib_a-stdio.o)
_end                                              src/ASF/sam/utils/syscalls/gcc/syscalls.o
_erelocate                                        src/ASF/sam/utils/cmsis/sam3x/source/templates/gcc/startup_sam3x.o
_estack                                           src/ASF/sam/utils/cmsis/sam3x/source/templates/gcc/startup_sam3x.o
_etext                                            src/ASF/sam/utils/cmsis/sam3x/source/templates/gcc/startup_sam3x.o
_exit                                             src/ASF/sam/utils/syscalls/gcc/syscalls.o
                                                  d:/atmel studio 7/7.0/toolchain/arm/arm-gnu-toolchain/bin/../lib/gcc/arm-none-eabi/5.3.1/../../../../arm-none-eabi/lib/armv7-m\libc.a(lib_a-exit.o)
_ezero                                            src/ASF/sam/utils/cmsis/sam3x/source/templates/gcc/startup_sam3x.o
_fclose_r                                         d:/atmel studio 7/7.0/toolchain/arm/arm-gnu-toolchain/bin/../lib/gcc/arm-none-eabi/5.3.1/../../../../arm-none-eabi/lib/armv7-m\libc.a(lib_a-fclose.o)
                                                  d:/atmel studio 7/7.0/toolchain/arm/arm-gnu-toolchain/bin/../lib/gcc/arm-none-eabi/5.3.1/../../../../arm-none-eabi/lib/armv7-m\libc.a(lib_a-findfp.o)
_fflush_r                                         d:/atmel studio 7/7.0/toolchain/arm/arm-gnu-toolchain/bin/../lib/gcc/arm-none-eabi/5.3.1/../../../../arm-none-eabi/lib/armv7-m\libc.a(lib_a-fflush.o)
                                                  d:/atmel studio 7/7.0/toolchain/arm/arm-gnu-toolchain/bin/../lib/gcc/arm-none-eabi/5.3.1/../../../../arm-none-eabi/lib/armv7-m\libc.a(lib_a-wbuf.o)
                                                  d:/atmel studio 7/7.0/toolchain/arm/arm-gnu-toolchain/bin/../lib/gcc/arm-none-eabi/5.3.1/../../../../arm-none-eabi/lib/armv7-m\libc.a(lib_a-fvwrite.o)
                                                  d:/atmel studio 7/7.0/toolchain/arm/arm-gnu-toolchain/bin/../lib/gcc/arm-none-eabi/5.3.1/../../../../arm-none-eabi/lib/armv7-m\libc.a(lib_a-vfiprintf.o)
_fini                                             d:/atmel studio 7/7.0/toolchain/arm/arm-gnu-toolchain/bin/../lib/gcc/arm-none-eabi/5.3.1/armv7-m/crti.o
                                                  d:/atmel studio 7/7.0/toolchain/arm/arm-gnu-toolchain/bin/../lib/gcc/arm-none-eabi/5.3.1/../../../../arm-none-eabi/lib/armv7-m\libc.a(lib_a-fini.o)
_fputwc_r                                         d:/atmel studio 7/7.0/toolchain/arm/arm-gnu-toolchain/bin/../lib/gcc/arm-none-eabi/5.3.1/../../../../arm-none-eabi/lib/armv7-m\libc.a(lib_a-fputwc.o)
                                                  d:/atmel studio 7/7.0/toolchain/arm/arm-gnu-toolchain/bin/../lib/gcc/arm-none-eabi/5.3.1/../../../../arm-none-eabi/lib/armv7-m\libc.a(lib_a-vfiprintf.o)
_free_r                                           d:/atmel studio 7/7.0/toolchain/arm/arm-gnu-toolchain/bin/../lib/gcc/arm-none-eabi/5.3.1/../../../../arm-none-eabi/lib/armv7-m\libc.a(lib_a-freer.o)
                                                  d:/atmel studio 7/7.0/toolchain/arm/arm-gnu-toolchain/bin/../lib/gcc/arm-none-eabi/5.3.1/../../../../arm-none-eabi/lib/armv7-m\libc.a(lib_a-reent.o)
                                                  d:/atmel studio 7/7.0/toolchain/arm/arm-gnu-toolchain/bin/../lib/gcc/arm-none-eabi/5.3.1/../../../../arm-none-eabi/lib/armv7-m\libc.a(lib_a-fclose.o)
                                                  d:/atmel studio 7/7.0/toolchain/arm/arm-gnu-toolchain/bin/../lib/gcc/arm-none-eabi/5.3.1/../../../../arm-none-eabi/lib/armv7-m\libc.a(lib_a-reallocr.o)
                                                  d:/atmel studio 7/7.0/toolchain/arm/arm-gnu-toolchain/bin/../lib/gcc/arm-none-eabi/5.3.1/../../../../arm-none-eabi/lib/armv7-m\libc.a(lib_a-mallocr.o)